2026-07-02 10:33:44,433 INFO     ============================================================
2026-07-02 10:33:44,433 INFO     Minnesota Tax-Forfeited Land Sale Checker
2026-07-02 10:33:44,433 INFO     Run date: 2026-07-02
2026-07-02 10:33:44,433 INFO     ============================================================
2026-07-02 10:33:44,437 INFO     Loaded 90 sources from CSV
2026-07-02 10:33:44,439 INFO     [1/90] Checking Aitkin...
2026-07-02 10:33:44,721 INFO       Aitkin: Found 1 potential sale(s)
2026-07-02 10:33:46,727 INFO     [2/90] Checking Anoka...
2026-07-02 10:33:47,854 INFO       Anoka: Found 1 potential sale(s)
2026-07-02 10:33:49,860 INFO     [3/90] Checking Becker...
2026-07-02 10:33:51,575 INFO       Becker: Found 1 potential sale(s)
2026-07-02 10:33:53,580 INFO     [4/90] Checking Beltrami...
2026-07-02 10:33:54,981 INFO       Beltrami: Found 1 potential sale(s)
2026-07-02 10:33:56,987 INFO     [5/90] Checking Benton...
2026-07-02 10:33:58,268 INFO       Benton: Found 1 potential sale(s)
2026-07-02 10:34:00,274 INFO     [6/90] Checking Big Stone...
2026-07-02 10:34:04,560 INFO       Big Stone: Found 1 potential sale(s)
2026-07-02 10:34:06,564 INFO     [7/90] Checking Blue Earth...
2026-07-02 10:34:07,328 INFO       Blue Earth: Found 1 potential sale(s)
2026-07-02 10:34:09,335 INFO     [8/90] Checking Brown...
2026-07-02 10:34:10,369 INFO       Brown: Found 1 potential sale(s)
2026-07-02 10:34:12,375 INFO     [9/90] Checking Carlton...
2026-07-02 10:34:13,646 INFO       Carlton: Found 1 potential sale(s)
2026-07-02 10:34:15,650 INFO     [10/90] Checking Carver...
2026-07-02 10:34:16,403 INFO       Carver: Found 1 potential sale(s)
2026-07-02 10:34:18,408 INFO     [11/90] Checking Cass...
2026-07-02 10:34:18,931 INFO       Cass: Found 1 potential sale(s)
2026-07-02 10:34:20,937 INFO     [12/90] Checking Chippewa...
2026-07-02 10:34:22,305 INFO       Chippewa: Found 1 potential sale(s)
2026-07-02 10:34:24,311 INFO     [13/90] Checking Chisago...
2026-07-02 10:34:25,587 INFO       Chisago: Found 1 potential sale(s)
2026-07-02 10:34:27,593 INFO     [14/90] Checking Clay...
2026-07-02 10:34:28,402 INFO       Clay: Found 1 potential sale(s)
2026-07-02 10:34:30,407 INFO     [15/90] Checking Clearwater...
2026-07-02 10:34:31,649 INFO       Clearwater: Found 1 potential sale(s)
2026-07-02 10:34:33,654 INFO     [16/90] Checking Cook...
2026-07-02 10:34:34,605 INFO       Cook: Found 1 potential sale(s)
2026-07-02 10:34:36,611 INFO     [17/90] Checking Cottonwood...
2026-07-02 10:34:36,816 INFO       Cottonwood: Found 1 potential sale(s)
2026-07-02 10:34:39,031 INFO       Cottonwood: Found 1 potential sale(s)
2026-07-02 10:34:41,034 INFO     [18/90] Checking Crow Wing...
2026-07-02 10:34:42,121 INFO       Crow Wing: Found 1 potential sale(s)
2026-07-02 10:34:44,126 INFO     [19/90] Checking Dakota...
2026-07-02 10:34:45,018 INFO       Dakota: page states no properties currently for sale
2026-07-02 10:34:45,034 DEBUG      Dakota: Found 1 PDF links, checking...
2026-07-02 10:34:46,665 INFO       Dakota: Found 1 potential sale(s)
2026-07-02 10:34:48,671 INFO     [20/90] Checking Dodge...
2026-07-02 10:34:49,329 INFO       Dodge: Found 1 potential sale(s)
2026-07-02 10:34:51,335 INFO     [21/90] Checking Douglas...
2026-07-02 10:35:07,667 INFO       Douglas: Found 1 potential sale(s)
2026-07-02 10:35:10,028 INFO       Douglas: Found 1 potential sale(s)
2026-07-02 10:35:12,034 INFO     [22/90] Checking Faribault...
2026-07-02 10:35:12,807 INFO       Faribault: Found 1 potential sale(s)
2026-07-02 10:35:15,157 INFO       Faribault: Found 1 potential sale(s)
2026-07-02 10:35:17,159 INFO     [23/90] Checking Fillmore...
2026-07-02 10:35:17,588 INFO       Fillmore: Found 1 potential sale(s)
2026-07-02 10:35:19,594 INFO     [24/90] Checking Freeborn...
2026-07-02 10:35:20,860 INFO       Freeborn: Found 1 potential sale(s)
2026-07-02 10:35:22,865 INFO     [25/90] Checking Goodhue...
2026-07-02 10:35:24,537 INFO       Goodhue: Found 1 potential sale(s)
2026-07-02 10:35:26,543 INFO     [26/90] Checking Grant...
2026-07-02 10:35:27,500 INFO       Grant: Found 1 potential sale(s)
2026-07-02 10:35:29,505 INFO     [27/90] Checking Hennepin...
2026-07-02 10:35:30,113 INFO       Hennepin: Found 1 potential sale(s)
2026-07-02 10:35:32,564 WARNING    Hennepin: ssl_error: HTTPSConnectionPool(host='public-hennepin.epropertyplus.com', port=443): Max retries exceeded with url: / (Caused by SSLError(SSLError(1, '[SSL: TLSV1_ALERT_PROTOCOL_VERSION] tlsv1 alert protocol version (_ssl.c:1129)')))
2026-07-02 10:35:34,568 INFO     [28/90] Checking Houston...
2026-07-02 10:35:35,724 INFO       Houston: Found 1 potential sale(s)
2026-07-02 10:35:37,725 INFO     [29/90] Checking Hubbard...
2026-07-02 10:35:39,280 INFO       Hubbard: Found 1 potential sale(s)
2026-07-02 10:35:41,286 INFO     [30/90] Checking Isanti...
2026-07-02 10:35:42,571 INFO       Isanti: Found 1 potential sale(s)
2026-07-02 10:35:44,575 INFO     [31/90] Checking Itasca...
2026-07-02 10:35:45,835 INFO       Itasca: Found 1 potential sale(s)
2026-07-02 10:35:48,743 INFO       Itasca: Found 1 potential sale(s)
2026-07-02 10:35:50,748 INFO     [32/90] Checking Jackson...
2026-07-02 10:35:52,009 INFO       Jackson: Found 1 potential sale(s)
2026-07-02 10:35:54,013 INFO     [33/90] Checking Kanabec...
2026-07-02 10:35:54,499 INFO       Kanabec: Found 5 potential sale(s)
2026-07-02 10:35:56,504 INFO     [34/90] Checking Kandiyohi...
2026-07-02 10:35:56,889 INFO       Kandiyohi: Found 1 potential sale(s)
2026-07-02 10:35:58,895 INFO     [35/90] Checking Kittson...
2026-07-02 10:35:59,263 INFO       Kittson: Found 1 potential sale(s)
2026-07-02 10:36:01,269 INFO     [36/90] Checking Koochiching...
2026-07-02 10:36:02,048 INFO       Koochiching: Found 1 potential sale(s)
2026-07-02 10:36:04,054 INFO     [37/90] Checking Lac qui Parle...
2026-07-02 10:36:05,456 INFO       Lac qui Parle: Found 1 potential sale(s)
2026-07-02 10:36:07,462 INFO     [38/90] Checking Lake...
2026-07-02 10:36:08,369 INFO       Lake: Found 1 potential sale(s)
2026-07-02 10:36:10,370 INFO     [39/90] Checking Lake of the Woods...
2026-07-02 10:36:11,107 INFO       Lake of the Woods: Found 1 potential sale(s)
2026-07-02 10:36:15,603 INFO       Lake of the Woods: Found 1 potential sale(s)
2026-07-02 10:36:17,607 INFO     [40/90] Checking Le Sueur...
2026-07-02 10:36:18,632 INFO       Le Sueur: page states no properties currently for sale
2026-07-02 10:36:18,632 INFO       Le Sueur: No upcoming sales found
2026-07-02 10:36:21,355 INFO       Le Sueur: Found 1 potential sale(s)
2026-07-02 10:36:23,361 INFO     [41/90] Checking Lincoln...
2026-07-02 10:36:24,055 DEBUG      Lincoln: Found 4 PDF links, checking...
2026-07-02 10:36:30,579 INFO       Lincoln: No upcoming sales found
2026-07-02 10:36:32,584 INFO     [42/90] Checking Lyon...
2026-07-02 10:36:32,907 INFO       Lyon: Found 1 potential sale(s)
2026-07-02 10:36:34,913 INFO     [43/90] Checking Mahnomen...
2026-07-02 10:36:35,124 INFO       Mahnomen: Found 1 potential sale(s)
2026-07-02 10:36:37,435 INFO       Mahnomen: Found 1 potential sale(s)
2026-07-02 10:36:39,436 INFO     [44/90] Checking Marshall...
2026-07-02 10:36:40,511 DEBUG      Marshall: Found 1 PDF links, checking...
2026-07-02 10:36:42,131 INFO       Marshall: No upcoming sales found
2026-07-02 10:36:44,137 INFO     [45/90] Checking Martin...
2026-07-02 10:36:44,510 INFO       Martin: Found 1 potential sale(s)
2026-07-02 10:36:46,516 INFO     [46/90] Checking McLeod...
2026-07-02 10:36:47,493 INFO       McLeod: Found 1 potential sale(s)
2026-07-02 10:36:49,499 INFO     [47/90] Checking Meeker...
2026-07-02 10:36:50,661 INFO       Meeker: Found 1 potential sale(s)
2026-07-02 10:36:52,663 INFO     [48/90] Checking Mille Lacs...
2026-07-02 10:36:53,272 INFO       Mille Lacs: Found 1 potential sale(s)
2026-07-02 10:36:55,276 INFO     [49/90] Checking Morrison...
2026-07-02 10:36:56,217 INFO       Morrison: Found 1 potential sale(s)
2026-07-02 10:36:58,223 INFO     [50/90] Checking Mower...
2026-07-02 10:36:58,977 INFO       Mower: Found 1 potential sale(s)
2026-07-02 10:37:00,980 INFO     [51/90] Checking Murray...
2026-07-02 10:37:01,240 DEBUG      Murray: Found 2 PDF links, checking...
2026-07-02 10:37:04,538 INFO       Murray: No upcoming sales found
2026-07-02 10:37:06,789 DEBUG      Murray: Found 1 PDF links, checking...
2026-07-02 10:37:10,318 INFO       Murray: No upcoming sales found
2026-07-02 10:37:12,325 INFO     [52/90] Checking Nicollet...
2026-07-02 10:37:13,477 INFO       Nicollet: Found 1 potential sale(s)
2026-07-02 10:37:15,483 INFO     [53/90] Checking Nobles...
2026-07-02 10:37:17,235 INFO       Nobles: Found 1 potential sale(s)
2026-07-02 10:37:19,240 INFO     [54/90] Checking Norman...
2026-07-02 10:37:20,071 INFO       Norman: Found 1 potential sale(s)
2026-07-02 10:37:22,077 INFO     [55/90] Checking Olmsted...
2026-07-02 10:37:22,594 INFO       Olmsted: Found 1 potential sale(s)
2026-07-02 10:37:24,597 INFO     [56/90] Checking Otter Tail...
2026-07-02 10:37:24,965 INFO       Otter Tail: Found 1 potential sale(s)
2026-07-02 10:37:27,214 INFO       Otter Tail: No upcoming sales found
2026-07-02 10:37:29,220 INFO     [57/90] Checking Pennington...
2026-07-02 10:37:30,203 INFO       Pennington: Found 1 potential sale(s)
2026-07-02 10:37:32,209 INFO     [58/90] Checking Pine...
2026-07-02 10:37:33,011 INFO       Pine: Found 1 potential sale(s)
2026-07-02 10:37:35,013 INFO     [59/90] Checking Pipestone...
2026-07-02 10:37:35,551 DEBUG      Pipestone: Found 3 PDF links, checking...
2026-07-02 10:37:39,984 INFO       Pipestone: No upcoming sales found
2026-07-02 10:37:41,990 INFO     [60/90] Checking Polk...
2026-07-02 10:37:42,951 INFO       Polk: Found 1 potential sale(s)
2026-07-02 10:37:45,637 INFO       Polk: Found 1 potential sale(s)
2026-07-02 10:37:47,643 INFO     [61/90] Checking Pope...
2026-07-02 10:37:48,100 INFO       Pope: Found 1 potential sale(s)
2026-07-02 10:37:50,581 INFO       Pope: Found 1 potential sale(s)
2026-07-02 10:37:52,586 INFO     [62/90] Checking Ramsey...
2026-07-02 10:37:52,810 INFO       Ramsey: Found 1 potential sale(s)
2026-07-02 10:37:55,045 INFO       Ramsey: Found 1 potential sale(s)
2026-07-02 10:37:57,051 INFO     [63/90] Checking Red Lake...
2026-07-02 10:37:57,444 INFO       Red Lake: Found 1 potential sale(s)
2026-07-02 10:37:59,813 DEBUG      Red Lake: Found 1 PDF links, checking...
2026-07-02 10:38:01,269 INFO       Red Lake: No upcoming sales found
2026-07-02 10:38:03,275 INFO     [64/90] Checking Redwood...
2026-07-02 10:38:06,619 INFO       Redwood: page states no properties currently for sale
2026-07-02 10:38:06,643 DEBUG      Redwood: Found 5 PDF links, checking...
2026-07-02 10:38:14,230 INFO       Redwood: source is an archived 2025 notice, skipping (https://redwoodcounty-mn.gov/wp-content/uploads/2025/07/NOTICE-of-PUBLIC-SALE-3-SOLD-added-to-put-on-website.pdf)
2026-07-02 10:38:17,117 INFO       Redwood: No upcoming sales found
2026-07-02 10:38:19,118 INFO     [65/90] Checking Renville...
2026-07-02 10:38:19,529 INFO       Renville: Found 1 potential sale(s)
2026-07-02 10:38:22,602 INFO       Renville: Found 1 potential sale(s)
2026-07-02 10:38:24,608 INFO     [66/90] Checking Rice...
2026-07-02 10:38:25,125 INFO       Rice: No upcoming sales found
2026-07-02 10:38:27,131 INFO     [67/90] Checking Rock...
2026-07-02 10:38:27,702 DEBUG      Rock: Found 5 PDF links, checking...
2026-07-02 10:38:39,990 INFO       Rock: No upcoming sales found
2026-07-02 10:38:41,996 INFO     [68/90] Checking Roseau...
2026-07-02 10:38:44,458 DEBUG      Roseau: Found 3 PDF links, checking...
2026-07-02 10:38:46,687 DEBUG    PDF parse error: No /Root object! - Is this really a PDF?
2026-07-02 10:38:48,897 DEBUG    PDF parse error: No /Root object! - Is this really a PDF?
2026-07-02 10:38:50,303 INFO       Roseau: No upcoming sales found
2026-07-02 10:38:52,309 INFO     [69/90] Checking Saint Louis...
2026-07-02 10:38:53,733 INFO       Saint Louis: Found 1 potential sale(s)
2026-07-02 10:38:55,739 INFO     [70/90] Checking Scott...
2026-07-02 10:38:56,224 INFO       Scott: page states no properties currently for sale
2026-07-02 10:38:56,240 INFO       Scott: No upcoming sales found
2026-07-02 10:38:58,882 INFO       Scott: Found 1 potential sale(s)
2026-07-02 10:39:00,887 INFO     [71/90] Checking Sherburne...
2026-07-02 10:39:01,770 INFO       Sherburne: Found 1 potential sale(s)
2026-07-02 10:39:03,772 INFO     [72/90] Checking Sibley...
2026-07-02 10:39:04,194 INFO       Sibley: Found 1 potential sale(s)
2026-07-02 10:39:06,512 INFO       Sibley: No upcoming sales found
2026-07-02 10:39:08,518 INFO     [73/90] Checking Stearns...
2026-07-02 10:39:09,705 INFO       Stearns: Found 1 potential sale(s)
2026-07-02 10:39:11,710 INFO     [74/90] Checking Steele...
2026-07-02 10:39:12,729 INFO       Steele: Found 1 potential sale(s)
2026-07-02 10:39:14,735 INFO     [75/90] Checking Stevens...
2026-07-02 10:39:15,785 INFO       Stevens: Found 1 potential sale(s)
2026-07-02 10:39:17,790 INFO     [76/90] Checking Swift...
2026-07-02 10:39:18,301 INFO       Swift: Found 1 potential sale(s)
2026-07-02 10:39:20,633 INFO       Swift: Found 1 potential sale(s)
2026-07-02 10:39:22,639 INFO     [77/90] Checking Todd...
2026-07-02 10:39:23,097 INFO       Todd: Found 1 potential sale(s)
2026-07-02 10:39:25,502 INFO       Todd: Found 1 potential sale(s)
2026-07-02 10:39:27,505 INFO     [78/90] Checking Traverse...
2026-07-02 10:39:28,260 INFO       Traverse: No upcoming sales found
2026-07-02 10:39:30,263 INFO     [79/90] Checking Wabasha...
2026-07-02 10:39:30,624 INFO       Wabasha: Found 1 potential sale(s)
2026-07-02 10:39:32,630 INFO     [80/90] Checking Wadena...
2026-07-02 10:39:33,543 INFO       Wadena: Found 1 potential sale(s)
2026-07-02 10:39:35,548 INFO     [81/90] Checking Waseca...
2026-07-02 10:39:36,294 INFO       Waseca: Found 1 potential sale(s)
2026-07-02 10:39:38,297 INFO     [82/90] Checking Washington...
2026-07-02 10:39:38,984 INFO       Washington: Found 1 potential sale(s)
2026-07-02 10:39:41,357 INFO       Washington: Found 1 potential sale(s)
2026-07-02 10:39:43,362 INFO     [83/90] Checking Watonwan...
2026-07-02 10:39:44,385 INFO       Watonwan: Found 1 potential sale(s)
2026-07-02 10:39:46,391 INFO     [84/90] Checking Wilkin...
2026-07-02 10:39:48,092 INFO       Wilkin: Found 1 potential sale(s)
2026-07-02 10:39:50,098 INFO     [85/90] Checking Winona...
2026-07-02 10:39:51,318 INFO       Winona: Found 1 potential sale(s)
2026-07-02 10:39:53,324 INFO     [86/90] Checking Wright...
2026-07-02 10:39:53,762 INFO       Wright: Found 1 potential sale(s)
2026-07-02 10:39:56,179 INFO       Wright: Found 1 potential sale(s)
2026-07-02 10:39:58,184 INFO     [87/90] Checking Yellow Medicine...
2026-07-02 10:39:59,079 INFO       Yellow Medicine: Found 1 potential sale(s)
2026-07-02 10:40:01,084 INFO     [88/90] Checking DNR...
2026-07-02 10:40:02,020 INFO       DNR: Found 1 potential sale(s)
2026-07-02 10:40:04,025 INFO     [89/90] Checking MN DOT...
2026-07-02 10:40:04,632 INFO       MN DOT: Found 2 potential sale(s)
2026-07-02 10:40:06,638 INFO     [90/90] Checking Wisconsin...
2026-07-02 10:40:08,561 INFO       Wisconsin: No upcoming sales found
2026-07-02 10:40:10,566 INFO     ============================================================
2026-07-02 10:40:10,566 INFO     Checking complete in 6.4 minutes
2026-07-02 10:40:10,567 INFO     Found 95 unique sales (from 99 raw matches)
2026-07-02 10:40:10,572 INFO     Updated sources CSV with check dates
2026-07-02 10:40:10,574 INFO     Markdown report written to /Users/hunterpogatchnik/Property Tax Sales/reports/weekly_report_2026-07-02.md
2026-07-02 10:40:10,575 INFO     CSV report written to /Users/hunterpogatchnik/Property Tax Sales/reports/weekly_report_2026-07-02.csv
2026-07-02 10:40:10,576 INFO     Check log written to /Users/hunterpogatchnik/Property Tax Sales/logs/check_log_2026-07-02.csv
2026-07-02 10:40:10,577 INFO     ============================================================
2026-07-02 10:40:10,577 INFO     SUMMARY
2026-07-02 10:40:10,577 INFO       Total sources checked: 111
2026-07-02 10:40:10,577 INFO       Unique sales found: 95
2026-07-02 10:40:10,577 INFO       error_ssl_error: 1
2026-07-02 10:40:10,577 INFO       no_sale_found: 16
2026-07-02 10:40:10,577 INFO       sale_found: 94
2026-07-02 10:40:10,577 INFO       Elapsed time: 6.4 minutes
2026-07-02 10:40:10,577 INFO     ============================================================
