2026-07-06 14:44:25,906 INFO     ============================================================
2026-07-06 14:44:25,906 INFO     Minnesota Tax-Forfeited Land Sale Checker
2026-07-06 14:44:25,906 INFO     Run date: 2026-07-06
2026-07-06 14:44:25,906 INFO     ============================================================
2026-07-06 14:44:25,909 INFO     Loaded 90 sources from CSV
2026-07-06 14:44:25,909 INFO     [1/90] Checking Aitkin...
2026-07-06 14:44:26,330 INFO       Aitkin: Found 1 potential sale(s)
2026-07-06 14:44:28,331 INFO     [2/90] Checking Anoka...
2026-07-06 14:44:29,120 INFO       Anoka: Found 1 potential sale(s)
2026-07-06 14:44:31,120 INFO     [3/90] Checking Becker...
2026-07-06 14:44:32,026 INFO       Becker: Found 1 potential sale(s)
2026-07-06 14:44:34,027 INFO     [4/90] Checking Beltrami...
2026-07-06 14:44:34,329 INFO       Beltrami: Found 1 potential sale(s)
2026-07-06 14:44:36,329 INFO     [5/90] Checking Benton...
2026-07-06 14:44:37,520 INFO       Benton: Found 1 potential sale(s)
2026-07-06 14:44:39,521 INFO     [6/90] Checking Big Stone...
2026-07-06 14:44:41,237 INFO       Big Stone: Found 1 potential sale(s)
2026-07-06 14:44:43,237 INFO     [7/90] Checking Blue Earth...
2026-07-06 14:44:43,785 INFO       Blue Earth: Found 1 potential sale(s)
2026-07-06 14:44:45,786 INFO     [8/90] Checking Brown...
2026-07-06 14:44:48,642 INFO       Brown: Found 1 potential sale(s)
2026-07-06 14:44:50,643 INFO     [9/90] Checking Carlton...
2026-07-06 14:44:51,566 INFO       Carlton: Found 1 potential sale(s)
2026-07-06 14:44:53,567 INFO     [10/90] Checking Carver...
2026-07-06 14:44:54,172 INFO       Carver: Found 1 potential sale(s)
2026-07-06 14:44:56,173 INFO     [11/90] Checking Cass...
2026-07-06 14:44:56,544 INFO       Cass: Found 1 potential sale(s)
2026-07-06 14:44:58,545 INFO     [12/90] Checking Chippewa...
2026-07-06 14:44:59,441 INFO       Chippewa: Found 1 potential sale(s)
2026-07-06 14:45:01,442 INFO     [13/90] Checking Chisago...
2026-07-06 14:45:02,062 INFO       Chisago: Found 1 potential sale(s)
2026-07-06 14:45:04,063 INFO     [14/90] Checking Clay...
2026-07-06 14:45:04,607 INFO       Clay: Found 1 potential sale(s)
2026-07-06 14:45:06,608 INFO     [15/90] Checking Clearwater...
2026-07-06 14:45:07,017 INFO       Clearwater: Found 1 potential sale(s)
2026-07-06 14:45:09,017 INFO     [16/90] Checking Cook...
2026-07-06 14:45:10,057 INFO       Cook: Found 1 potential sale(s)
2026-07-06 14:45:12,058 INFO     [17/90] Checking Cottonwood...
2026-07-06 14:45:12,566 INFO       Cottonwood: Found 1 potential sale(s)
2026-07-06 14:45:14,887 INFO       Cottonwood: Found 1 potential sale(s)
2026-07-06 14:45:16,888 INFO     [18/90] Checking Crow Wing...
2026-07-06 14:45:17,707 INFO       Crow Wing: Found 1 potential sale(s)
2026-07-06 14:45:19,708 INFO     [19/90] Checking Dakota...
2026-07-06 14:45:20,217 INFO       Dakota: page states no properties currently for sale
2026-07-06 14:45:20,240 DEBUG      Dakota: Found 1 PDF links, checking...
2026-07-06 14:45:21,640 INFO       Dakota: Found 1 potential sale(s)
2026-07-06 14:45:23,641 INFO     [20/90] Checking Dodge...
2026-07-06 14:45:23,955 INFO       Dodge: Found 1 potential sale(s)
2026-07-06 14:45:25,956 INFO     [21/90] Checking Douglas...
2026-07-06 14:45:42,066 INFO       Douglas: Found 1 potential sale(s)
2026-07-06 14:45:44,512 INFO       Douglas: Found 1 potential sale(s)
2026-07-06 14:45:46,512 INFO     [22/90] Checking Faribault...
2026-07-06 14:45:46,984 INFO       Faribault: Found 1 potential sale(s)
2026-07-06 14:45:49,402 INFO       Faribault: Found 1 potential sale(s)
2026-07-06 14:45:51,403 INFO     [23/90] Checking Fillmore...
2026-07-06 14:45:51,811 INFO       Fillmore: Found 1 potential sale(s)
2026-07-06 14:45:53,812 INFO     [24/90] Checking Freeborn...
2026-07-06 14:45:54,718 INFO       Freeborn: Found 1 potential sale(s)
2026-07-06 14:45:56,718 INFO     [25/90] Checking Goodhue...
2026-07-06 14:45:57,659 INFO       Goodhue: Found 1 potential sale(s)
2026-07-06 14:45:59,660 INFO     [26/90] Checking Grant...
2026-07-06 14:46:00,213 INFO       Grant: Found 1 potential sale(s)
2026-07-06 14:46:02,213 INFO     [27/90] Checking Hennepin...
2026-07-06 14:46:07,208 INFO       Hennepin: Found 1 potential sale(s)
2026-07-06 14:46:09,453 INFO       Hennepin: Page too short, flagged for manual review
2026-07-06 14:46:11,454 INFO     [28/90] Checking Houston...
2026-07-06 14:46:12,300 INFO       Houston: Found 1 potential sale(s)
2026-07-06 14:46:14,301 INFO     [29/90] Checking Hubbard...
2026-07-06 14:46:14,688 INFO       Hubbard: Found 1 potential sale(s)
2026-07-06 14:46:16,689 INFO     [30/90] Checking Isanti...
2026-07-06 14:46:17,473 INFO       Isanti: Found 1 potential sale(s)
2026-07-06 14:46:19,474 INFO     [31/90] Checking Itasca...
2026-07-06 14:46:20,715 INFO       Itasca: Found 1 potential sale(s)
2026-07-06 14:46:24,004 INFO       Itasca: Found 1 potential sale(s)
2026-07-06 14:46:26,005 INFO     [32/90] Checking Jackson...
2026-07-06 14:46:26,389 INFO       Jackson: Found 1 potential sale(s)
2026-07-06 14:46:28,390 INFO     [33/90] Checking Kanabec...
2026-07-06 14:46:28,584 INFO       Kanabec: Found 5 potential sale(s)
2026-07-06 14:46:30,584 INFO     [34/90] Checking Kandiyohi...
2026-07-06 14:46:30,933 INFO       Kandiyohi: Found 1 potential sale(s)
2026-07-06 14:46:32,934 INFO     [35/90] Checking Kittson...
2026-07-06 14:46:33,340 INFO       Kittson: Found 1 potential sale(s)
2026-07-06 14:46:35,341 INFO     [36/90] Checking Koochiching...
2026-07-06 14:46:35,771 INFO       Koochiching: Found 1 potential sale(s)
2026-07-06 14:46:37,772 INFO     [37/90] Checking Lac qui Parle...
2026-07-06 14:46:38,624 INFO       Lac qui Parle: Found 1 potential sale(s)
2026-07-06 14:46:40,625 INFO     [38/90] Checking Lake...
2026-07-06 14:46:41,231 INFO       Lake: Found 1 potential sale(s)
2026-07-06 14:46:43,232 INFO     [39/90] Checking Lake of the Woods...
2026-07-06 14:46:45,876 INFO       Lake of the Woods: Found 1 potential sale(s)
2026-07-06 14:46:50,494 INFO       Lake of the Woods: Found 1 potential sale(s)
2026-07-06 14:46:52,494 INFO     [40/90] Checking Le Sueur...
2026-07-06 14:46:53,096 INFO       Le Sueur: page states no properties currently for sale
2026-07-06 14:46:53,097 INFO       Le Sueur: No upcoming sales found
2026-07-06 14:46:55,841 INFO       Le Sueur: Found 1 potential sale(s)
2026-07-06 14:46:57,841 INFO     [41/90] Checking Lincoln...
2026-07-06 14:46:58,419 DEBUG      Lincoln: Found 4 PDF links, checking...
2026-07-06 14:47:05,648 INFO       Lincoln: No upcoming sales found
2026-07-06 14:47:07,650 INFO     [42/90] Checking Lyon...
2026-07-06 14:47:08,114 INFO       Lyon: Found 1 potential sale(s)
2026-07-06 14:47:10,114 INFO     [43/90] Checking Mahnomen...
2026-07-06 14:47:10,415 INFO       Mahnomen: Found 1 potential sale(s)
2026-07-06 14:47:12,824 INFO       Mahnomen: Found 1 potential sale(s)
2026-07-06 14:47:14,824 INFO     [44/90] Checking Marshall...
2026-07-06 14:47:15,213 DEBUG      Marshall: Found 1 PDF links, checking...
2026-07-06 14:47:16,351 INFO       Marshall: No upcoming sales found
2026-07-06 14:47:18,352 INFO     [45/90] Checking Martin...
2026-07-06 14:47:18,543 INFO       Martin: Found 1 potential sale(s)
2026-07-06 14:47:20,543 INFO     [46/90] Checking McLeod...
2026-07-06 14:47:21,455 INFO       McLeod: Found 1 potential sale(s)
2026-07-06 14:47:23,456 INFO     [47/90] Checking Meeker...
2026-07-06 14:47:24,616 INFO       Meeker: Found 1 potential sale(s)
2026-07-06 14:47:26,617 INFO     [48/90] Checking Mille Lacs...
2026-07-06 14:47:27,087 INFO       Mille Lacs: Found 1 potential sale(s)
2026-07-06 14:47:29,088 INFO     [49/90] Checking Morrison...
2026-07-06 14:47:29,752 INFO       Morrison: Found 1 potential sale(s)
2026-07-06 14:47:31,753 INFO     [50/90] Checking Mower...
2026-07-06 14:47:32,364 INFO       Mower: Found 1 potential sale(s)
2026-07-06 14:47:34,364 INFO     [51/90] Checking Murray...
2026-07-06 14:47:34,648 DEBUG      Murray: Found 2 PDF links, checking...
2026-07-06 14:47:37,466 INFO       Murray: No upcoming sales found
2026-07-06 14:47:39,604 DEBUG      Murray: Found 1 PDF links, checking...
2026-07-06 14:47:43,528 INFO       Murray: No upcoming sales found
2026-07-06 14:47:45,529 INFO     [52/90] Checking Nicollet...
2026-07-06 14:47:46,712 INFO       Nicollet: Found 1 potential sale(s)
2026-07-06 14:47:48,712 INFO     [53/90] Checking Nobles...
2026-07-06 14:47:49,972 INFO       Nobles: Found 1 potential sale(s)
2026-07-06 14:47:51,972 INFO     [54/90] Checking Norman...
2026-07-06 14:47:52,716 INFO       Norman: Found 1 potential sale(s)
2026-07-06 14:47:54,717 INFO     [55/90] Checking Olmsted...
2026-07-06 14:47:54,935 INFO       Olmsted: Found 1 potential sale(s)
2026-07-06 14:47:56,935 INFO     [56/90] Checking Otter Tail...
2026-07-06 14:47:57,004 WARNING    Otter Tail: http_403
2026-07-06 14:47:59,305 INFO       Otter Tail: No upcoming sales found
2026-07-06 14:48:01,306 INFO     [57/90] Checking Pennington...
2026-07-06 14:48:01,806 INFO       Pennington: Found 1 potential sale(s)
2026-07-06 14:48:03,807 INFO     [58/90] Checking Pine...
2026-07-06 14:48:04,564 INFO       Pine: Found 1 potential sale(s)
2026-07-06 14:48:06,564 INFO     [59/90] Checking Pipestone...
2026-07-06 14:48:06,763 DEBUG      Pipestone: Found 3 PDF links, checking...
2026-07-06 14:48:10,454 INFO       Pipestone: No upcoming sales found
2026-07-06 14:48:12,456 INFO     [60/90] Checking Polk...
2026-07-06 14:48:13,172 INFO       Polk: Found 1 potential sale(s)
2026-07-06 14:48:15,902 INFO       Polk: Found 1 potential sale(s)
2026-07-06 14:48:17,903 INFO     [61/90] Checking Pope...
2026-07-06 14:48:19,540 INFO       Pope: Found 1 potential sale(s)
2026-07-06 14:48:21,688 INFO       Pope: Found 1 potential sale(s)
2026-07-06 14:48:23,689 INFO     [62/90] Checking Ramsey...
2026-07-06 14:48:23,827 INFO       Ramsey: Found 1 potential sale(s)
2026-07-06 14:48:25,944 INFO       Ramsey: Found 1 potential sale(s)
2026-07-06 14:48:27,945 INFO     [63/90] Checking Red Lake...
2026-07-06 14:48:28,421 INFO       Red Lake: Found 1 potential sale(s)
2026-07-06 14:48:30,885 DEBUG      Red Lake: Found 1 PDF links, checking...
2026-07-06 14:48:32,269 INFO       Red Lake: No upcoming sales found
2026-07-06 14:48:34,270 INFO     [64/90] Checking Redwood...
2026-07-06 14:48:34,645 INFO       Redwood: page states no properties currently for sale
2026-07-06 14:48:34,679 DEBUG      Redwood: Found 5 PDF links, checking...
2026-07-06 14:48:43,703 INFO       Redwood: source is an archived 2025 notice, skipping (https://redwoodcounty-mn.gov/wp-content/uploads/2025/07/NOTICE-of-PUBLIC-SALE-3-SOLD-added-to-put-on-website.pdf)
2026-07-06 14:48:46,272 INFO       Redwood: No upcoming sales found
2026-07-06 14:48:48,273 INFO     [65/90] Checking Renville...
2026-07-06 14:48:48,586 INFO       Renville: Found 1 potential sale(s)
2026-07-06 14:48:51,692 INFO       Renville: Found 1 potential sale(s)
2026-07-06 14:48:53,693 INFO     [66/90] Checking Rice...
2026-07-06 14:48:54,067 INFO       Rice: No upcoming sales found
2026-07-06 14:48:56,067 INFO     [67/90] Checking Rock...
2026-07-06 14:48:56,249 DEBUG      Rock: Found 5 PDF links, checking...
2026-07-06 14:49:05,770 INFO       Rock: No upcoming sales found
2026-07-06 14:49:07,771 INFO     [68/90] Checking Roseau...
2026-07-06 14:49:09,168 DEBUG      Roseau: Found 3 PDF links, checking...
2026-07-06 14:49:11,662 DEBUG    PDF parse error: No /Root object! - Is this really a PDF?
2026-07-06 14:49:13,472 DEBUG    PDF parse error: No /Root object! - Is this really a PDF?
2026-07-06 14:49:14,583 INFO       Roseau: No upcoming sales found
2026-07-06 14:49:16,584 INFO     [69/90] Checking Saint Louis...
2026-07-06 14:49:17,647 INFO       Saint Louis: Found 1 potential sale(s)
2026-07-06 14:49:19,648 INFO     [70/90] Checking Scott...
2026-07-06 14:49:20,179 INFO       Scott: page states no properties currently for sale
2026-07-06 14:49:20,199 INFO       Scott: No upcoming sales found
2026-07-06 14:49:22,856 INFO       Scott: Found 1 potential sale(s)
2026-07-06 14:49:24,856 INFO     [71/90] Checking Sherburne...
2026-07-06 14:49:25,360 INFO       Sherburne: Found 1 potential sale(s)
2026-07-06 14:49:27,361 INFO     [72/90] Checking Sibley...
2026-07-06 14:49:27,875 INFO       Sibley: Found 1 potential sale(s)
2026-07-06 14:49:30,119 INFO       Sibley: No upcoming sales found
2026-07-06 14:49:32,120 INFO     [73/90] Checking Stearns...
2026-07-06 14:49:33,023 INFO       Stearns: Found 1 potential sale(s)
2026-07-06 14:49:35,023 INFO     [74/90] Checking Steele...
2026-07-06 14:49:35,361 INFO       Steele: Found 1 potential sale(s)
2026-07-06 14:49:37,361 INFO     [75/90] Checking Stevens...
2026-07-06 14:49:38,339 INFO       Stevens: Found 1 potential sale(s)
2026-07-06 14:49:40,339 INFO     [76/90] Checking Swift...
2026-07-06 14:49:40,539 INFO       Swift: Found 1 potential sale(s)
2026-07-06 14:49:42,932 INFO       Swift: Found 1 potential sale(s)
2026-07-06 14:49:44,933 INFO     [77/90] Checking Todd...
2026-07-06 14:49:45,253 INFO       Todd: Found 1 potential sale(s)
2026-07-06 14:49:47,575 INFO       Todd: Found 1 potential sale(s)
2026-07-06 14:49:49,576 INFO     [78/90] Checking Traverse...
2026-07-06 14:49:49,924 INFO       Traverse: No upcoming sales found
2026-07-06 14:49:51,925 INFO     [79/90] Checking Wabasha...
2026-07-06 14:49:52,100 INFO       Wabasha: Found 1 potential sale(s)
2026-07-06 14:49:54,101 INFO     [80/90] Checking Wadena...
2026-07-06 14:49:56,374 INFO       Wadena: Found 1 potential sale(s)
2026-07-06 14:49:58,375 INFO     [81/90] Checking Waseca...
2026-07-06 14:49:59,263 INFO       Waseca: Found 1 potential sale(s)
2026-07-06 14:50:01,263 INFO     [82/90] Checking Washington...
2026-07-06 14:50:01,898 INFO       Washington: Found 1 potential sale(s)
2026-07-06 14:50:04,339 INFO       Washington: Found 1 potential sale(s)
2026-07-06 14:50:06,340 INFO     [83/90] Checking Watonwan...
2026-07-06 14:50:07,189 INFO       Watonwan: Found 1 potential sale(s)
2026-07-06 14:50:09,189 INFO     [84/90] Checking Wilkin...
2026-07-06 14:50:09,861 INFO       Wilkin: Found 1 potential sale(s)
2026-07-06 14:50:11,861 INFO     [85/90] Checking Winona...
2026-07-06 14:50:12,981 INFO       Winona: Found 1 potential sale(s)
2026-07-06 14:50:14,981 INFO     [86/90] Checking Wright...
2026-07-06 14:50:15,868 INFO       Wright: Found 1 potential sale(s)
2026-07-06 14:50:18,997 INFO       Wright: Found 1 potential sale(s)
2026-07-06 14:50:20,998 INFO     [87/90] Checking Yellow Medicine...
2026-07-06 14:50:21,464 INFO       Yellow Medicine: Found 1 potential sale(s)
2026-07-06 14:50:23,464 INFO     [88/90] Checking DNR...
2026-07-06 14:50:23,609 INFO       DNR: Found 1 potential sale(s)
2026-07-06 14:50:25,610 INFO     [89/90] Checking MN DOT...
2026-07-06 14:50:26,009 INFO       MN DOT: Found 2 potential sale(s)
2026-07-06 14:50:28,010 INFO     [90/90] Checking Wisconsin...
2026-07-06 14:50:29,390 INFO       Wisconsin: No upcoming sales found
2026-07-06 14:50:31,390 INFO     ============================================================
2026-07-06 14:50:31,390 INFO     Checking complete in 6.1 minutes
2026-07-06 14:50:31,391 INFO     Found 93 unique sales (from 98 raw matches)
2026-07-06 14:50:31,393 INFO     Updated sources CSV with check dates
2026-07-06 14:50:31,394 INFO     Markdown report written to /home/runner/work/mn-tax-forfeiture-tracker/mn-tax-forfeiture-tracker/reports/weekly_report_2026-07-06.md
2026-07-06 14:50:31,395 INFO     CSV report written to /home/runner/work/mn-tax-forfeiture-tracker/mn-tax-forfeiture-tracker/reports/weekly_report_2026-07-06.csv
2026-07-06 14:50:31,395 INFO     Check log written to /home/runner/work/mn-tax-forfeiture-tracker/mn-tax-forfeiture-tracker/logs/check_log_2026-07-06.csv
2026-07-06 14:50:31,395 INFO     ============================================================
2026-07-06 14:50:31,395 INFO     SUMMARY
2026-07-06 14:50:31,395 INFO       Total sources checked: 111
2026-07-06 14:50:31,395 INFO       Unique sales found: 93
2026-07-06 14:50:31,396 INFO       error_http_403: 1
2026-07-06 14:50:31,396 INFO       needs_manual_review: 1
2026-07-06 14:50:31,396 INFO       no_sale_found: 16
2026-07-06 14:50:31,396 INFO       sale_found: 93
2026-07-06 14:50:31,396 INFO       Elapsed time: 6.1 minutes
2026-07-06 14:50:31,396 INFO     ============================================================
