2026-08-24 11:57:15,019 INFO     ============================================================
2026-08-24 11:57:15,019 INFO     Minnesota Tax-Forfeited Land Sale Checker
2026-08-24 11:57:15,020 INFO     Run date: 2026-08-24
2026-08-24 11:57:15,020 INFO     ============================================================
2026-08-24 11:57:15,022 INFO     Loaded 90 sources from CSV
2026-08-24 11:57:15,023 INFO     [1/90] Checking Aitkin...
2026-08-24 11:57:15,446 INFO       Aitkin: Found 1 potential sale(s)
2026-08-24 11:57:17,446 INFO     [2/90] Checking Anoka...
2026-08-24 11:57:18,405 INFO       Anoka: Found 1 potential sale(s)
2026-08-24 11:57:20,405 INFO     [3/90] Checking Becker...
2026-08-24 11:57:21,466 INFO       Becker: Page too short, flagged for manual review
2026-08-24 11:57:23,467 INFO     [4/90] Checking Beltrami...
2026-08-24 11:57:24,337 INFO       Beltrami: Found 1 potential sale(s)
2026-08-24 11:57:26,338 INFO     [5/90] Checking Benton...
2026-08-24 11:57:27,834 INFO       Benton: Found 1 potential sale(s)
2026-08-24 11:57:29,835 INFO     [6/90] Checking Big Stone...
2026-08-24 11:57:33,298 INFO       Big Stone: Found 1 potential sale(s)
2026-08-24 11:57:35,299 INFO     [7/90] Checking Blue Earth...
2026-08-24 11:57:35,928 INFO       Blue Earth: Found 1 potential sale(s)
2026-08-24 11:57:37,928 INFO     [8/90] Checking Brown...
2026-08-24 11:57:38,476 INFO       Brown: Found 1 potential sale(s)
2026-08-24 11:57:40,476 INFO     [9/90] Checking Carlton...
2026-08-24 11:57:41,526 INFO       Carlton: Found 1 potential sale(s)
2026-08-24 11:57:43,527 INFO     [10/90] Checking Carver...
2026-08-24 11:57:44,281 INFO       Carver: Found 1 potential sale(s)
2026-08-24 11:57:46,281 INFO     [11/90] Checking Cass...
2026-08-24 11:57:46,832 INFO       Cass: Found 1 potential sale(s)
2026-08-24 11:57:48,833 INFO     [12/90] Checking Chippewa...
2026-08-24 11:57:49,861 INFO       Chippewa: Found 1 potential sale(s)
2026-08-24 11:57:51,862 INFO     [13/90] Checking Chisago...
2026-08-24 11:57:52,811 INFO       Chisago: Found 1 potential sale(s)
2026-08-24 11:57:54,812 INFO     [14/90] Checking Clay...
2026-08-24 11:57:55,413 INFO       Clay: Found 1 potential sale(s)
2026-08-24 11:57:57,413 INFO     [15/90] Checking Clearwater...
2026-08-24 11:57:58,118 INFO       Clearwater: Found 1 potential sale(s)
2026-08-24 11:58:00,119 INFO     [16/90] Checking Cook...
2026-08-24 11:58:00,431 INFO       Cook: Found 1 potential sale(s)
2026-08-24 11:58:02,432 INFO     [17/90] Checking Cottonwood...
2026-08-24 11:58:02,629 INFO       Cottonwood: Found 1 potential sale(s)
2026-08-24 11:58:04,866 INFO       Cottonwood: Found 1 potential sale(s)
2026-08-24 11:58:06,866 INFO     [18/90] Checking Crow Wing...
2026-08-24 11:58:07,741 INFO       Crow Wing: Found 1 potential sale(s)
2026-08-24 11:58:09,742 INFO     [19/90] Checking Dakota...
2026-08-24 11:58:10,465 INFO       Dakota: page states no properties currently for sale
2026-08-24 11:58:10,488 DEBUG      Dakota: Found 1 PDF links, checking...
2026-08-24 11:58:21,221 INFO       Dakota: Found 1 potential sale(s)
2026-08-24 11:58:23,222 INFO     [20/90] Checking Dodge...
2026-08-24 11:58:23,750 INFO       Dodge: Found 1 potential sale(s)
2026-08-24 11:58:25,751 INFO     [21/90] Checking Douglas...
2026-08-24 11:58:26,962 INFO       Douglas: Found 1 potential sale(s)
2026-08-24 11:58:29,703 INFO       Douglas: Found 1 potential sale(s)
2026-08-24 11:58:31,703 INFO     [22/90] Checking Faribault...
2026-08-24 11:58:32,368 INFO       Faribault: Found 1 potential sale(s)
2026-08-24 11:58:35,123 INFO       Faribault: Found 1 potential sale(s)
2026-08-24 11:58:37,124 INFO     [23/90] Checking Fillmore...
2026-08-24 11:58:37,478 INFO       Fillmore: Found 1 potential sale(s)
2026-08-24 11:58:39,479 INFO     [24/90] Checking Freeborn...
2026-08-24 11:58:40,530 INFO       Freeborn: Found 1 potential sale(s)
2026-08-24 11:58:42,531 INFO     [25/90] Checking Goodhue...
2026-08-24 11:58:43,850 INFO       Goodhue: Found 1 potential sale(s)
2026-08-24 11:58:45,850 INFO     [26/90] Checking Grant...
2026-08-24 11:58:46,457 INFO       Grant: Found 1 potential sale(s)
2026-08-24 11:58:48,458 INFO     [27/90] Checking Hennepin...
2026-08-24 11:58:50,819 WARNING    Hennepin: http_403
2026-08-24 11:58:53,119 INFO       Hennepin: Page too short, flagged for manual review
2026-08-24 11:58:55,120 INFO     [28/90] Checking Houston...
2026-08-24 11:58:55,275 WARNING    Houston: ssl_error: HTTPSConnectionPool(host='www.co.houston.mn.us', port=443): Max retries exceeded with url: /departments/auditor-treasurer/ (Caused by SSLError(SSLError(1, '[SSL: SSLV3_ALERT_HANDSHAKE_FAILURE] sslv3 alert handshake failure (_ssl.c:1016)')))
2026-08-24 11:58:57,276 INFO     [29/90] Checking Hubbard...
2026-08-24 11:58:58,142 INFO       Hubbard: Found 1 potential sale(s)
2026-08-24 11:59:00,143 INFO     [30/90] Checking Isanti...
2026-08-24 11:59:00,788 INFO       Isanti: page states no properties currently for sale
2026-08-24 11:59:00,816 INFO       Isanti: No upcoming sales found
2026-08-24 11:59:02,817 INFO     [31/90] Checking Itasca...
2026-08-24 11:59:03,881 INFO       Itasca: Found 1 potential sale(s)
2026-08-24 11:59:06,921 INFO       Itasca: Found 1 potential sale(s)
2026-08-24 11:59:08,922 INFO     [32/90] Checking Jackson...
2026-08-24 11:59:09,773 INFO       Jackson: Found 1 potential sale(s)
2026-08-24 11:59:11,774 INFO     [33/90] Checking Kanabec...
2026-08-24 11:59:12,392 INFO       Kanabec: Found 1 potential sale(s)
2026-08-24 11:59:14,392 INFO     [34/90] Checking Kandiyohi...
2026-08-24 11:59:14,527 INFO       Kandiyohi: Found 1 potential sale(s)
2026-08-24 11:59:16,528 INFO     [35/90] Checking Kittson...
2026-08-24 11:59:16,683 INFO       Kittson: Found 1 potential sale(s)
2026-08-24 11:59:18,684 INFO     [36/90] Checking Koochiching...
2026-08-24 11:59:19,747 INFO       Koochiching: Found 1 potential sale(s)
2026-08-24 11:59:21,748 INFO     [37/90] Checking Lac qui Parle...
2026-08-24 11:59:22,870 INFO       Lac qui Parle: Found 1 potential sale(s)
2026-08-24 11:59:24,871 INFO     [38/90] Checking Lake...
2026-08-24 11:59:26,479 INFO       Lake: Found 1 potential sale(s)
2026-08-24 11:59:28,480 INFO     [39/90] Checking Lake of the Woods...
2026-08-24 11:59:32,722 INFO       Lake of the Woods: Found 1 potential sale(s)
2026-08-24 11:59:38,273 INFO       Lake of the Woods: Found 1 potential sale(s)
2026-08-24 11:59:40,274 INFO     [40/90] Checking Le Sueur...
2026-08-24 11:59:41,005 INFO       Le Sueur: page states no properties currently for sale
2026-08-24 11:59:41,005 INFO       Le Sueur: No upcoming sales found
2026-08-24 11:59:44,051 INFO       Le Sueur: Found 1 potential sale(s)
2026-08-24 11:59:46,052 INFO     [41/90] Checking Lincoln...
2026-08-24 11:59:46,331 DEBUG      Lincoln: Found 4 PDF links, checking...
2026-08-24 11:59:51,567 INFO       Lincoln: No upcoming sales found
2026-08-24 11:59:53,568 INFO     [42/90] Checking Lyon...
2026-08-24 11:59:54,267 INFO       Lyon: Found 1 potential sale(s)
2026-08-24 11:59:56,268 INFO     [43/90] Checking Mahnomen...
2026-08-24 11:59:56,494 INFO       Mahnomen: Found 1 potential sale(s)
2026-08-24 11:59:58,776 INFO       Mahnomen: Found 1 potential sale(s)
2026-08-24 12:00:00,776 INFO     [44/90] Checking Marshall...
2026-08-24 12:00:01,489 DEBUG      Marshall: Found 1 PDF links, checking...
2026-08-24 12:00:03,184 INFO       Marshall: No upcoming sales found
2026-08-24 12:00:05,185 INFO     [45/90] Checking Martin...
2026-08-24 12:00:05,510 INFO       Martin: Found 1 potential sale(s)
2026-08-24 12:00:07,511 INFO     [46/90] Checking McLeod...
2026-08-24 12:00:08,028 INFO       McLeod: Found 1 potential sale(s)
2026-08-24 12:00:10,028 INFO     [47/90] Checking Meeker...
2026-08-24 12:00:11,462 INFO       Meeker: Found 1 potential sale(s)
2026-08-24 12:00:13,463 INFO     [48/90] Checking Mille Lacs...
2026-08-24 12:00:14,069 INFO       Mille Lacs: Found 1 potential sale(s)
2026-08-24 12:00:16,070 INFO     [49/90] Checking Morrison...
2026-08-24 12:00:16,666 INFO       Morrison: Found 1 potential sale(s)
2026-08-24 12:00:18,667 INFO     [50/90] Checking Mower...
2026-08-24 12:00:19,330 INFO       Mower: Found 1 potential sale(s)
2026-08-24 12:00:21,330 INFO     [51/90] Checking Murray...
2026-08-24 12:00:21,634 DEBUG      Murray: Found 2 PDF links, checking...
2026-08-24 12:00:24,276 INFO       Murray: No upcoming sales found
2026-08-24 12:00:26,536 DEBUG      Murray: Found 1 PDF links, checking...
2026-08-24 12:00:30,298 INFO       Murray: No upcoming sales found
2026-08-24 12:00:32,299 INFO     [52/90] Checking Nicollet...
2026-08-24 12:00:33,252 INFO       Nicollet: Found 1 potential sale(s)
2026-08-24 12:00:35,253 INFO     [53/90] Checking Nobles...
2026-08-24 12:00:37,846 INFO       Nobles: Found 1 potential sale(s)
2026-08-24 12:00:39,846 INFO     [54/90] Checking Norman...
2026-08-24 12:00:40,145 INFO       Norman: Found 1 potential sale(s)
2026-08-24 12:00:42,146 INFO     [55/90] Checking Olmsted...
2026-08-24 12:00:42,398 INFO       Olmsted: Found 1 potential sale(s)
2026-08-24 12:00:44,399 INFO     [56/90] Checking Otter Tail...
2026-08-24 12:00:44,448 WARNING    Otter Tail: http_403
2026-08-24 12:00:46,603 INFO       Otter Tail: No upcoming sales found
2026-08-24 12:00:48,603 INFO     [57/90] Checking Pennington...
2026-08-24 12:00:49,388 INFO       Pennington: Found 1 potential sale(s)
2026-08-24 12:00:51,388 INFO     [58/90] Checking Pine...
2026-08-24 12:00:51,712 INFO       Pine: Found 1 potential sale(s)
2026-08-24 12:00:53,712 INFO     [59/90] Checking Pipestone...
2026-08-24 12:00:54,115 DEBUG      Pipestone: Found 3 PDF links, checking...
2026-08-24 12:00:57,997 INFO       Pipestone: No upcoming sales found
2026-08-24 12:00:59,998 INFO     [60/90] Checking Polk...
2026-08-24 12:01:00,843 INFO       Polk: Found 1 potential sale(s)
2026-08-24 12:01:03,739 INFO       Polk: Found 1 potential sale(s)
2026-08-24 12:01:05,740 INFO     [61/90] Checking Pope...
2026-08-24 12:01:07,321 INFO       Pope: Found 1 potential sale(s)
2026-08-24 12:01:09,777 INFO       Pope: Found 1 potential sale(s)
2026-08-24 12:01:11,778 INFO     [62/90] Checking Ramsey...
2026-08-24 12:01:11,973 INFO       Ramsey: Found 1 potential sale(s)
2026-08-24 12:01:14,134 INFO       Ramsey: Found 1 potential sale(s)
2026-08-24 12:01:16,135 INFO     [63/90] Checking Red Lake...
2026-08-24 12:01:16,438 INFO       Red Lake: Found 1 potential sale(s)
2026-08-24 12:01:18,709 DEBUG      Red Lake: Found 1 PDF links, checking...
2026-08-24 12:01:19,887 INFO       Red Lake: No upcoming sales found
2026-08-24 12:01:21,888 INFO     [64/90] Checking Redwood...
2026-08-24 12:01:22,253 INFO       Redwood: Found 1 potential sale(s)
2026-08-24 12:01:24,254 INFO     [65/90] Checking Renville...
2026-08-24 12:01:24,551 INFO       Renville: Found 1 potential sale(s)
2026-08-24 12:01:27,851 INFO       Renville: Found 1 potential sale(s)
2026-08-24 12:01:29,852 INFO     [66/90] Checking Rice...
2026-08-24 12:01:30,492 INFO       Rice: No upcoming sales found
2026-08-24 12:01:32,493 INFO     [67/90] Checking Rock...
2026-08-24 12:01:32,801 DEBUG      Rock: Found 5 PDF links, checking...
2026-08-24 12:01:45,523 INFO       Rock: No upcoming sales found
2026-08-24 12:01:47,524 INFO     [68/90] Checking Roseau...
2026-08-24 12:01:49,118 DEBUG      Roseau: Found 3 PDF links, checking...
2026-08-24 12:01:50,973 DEBUG    PDF parse error: No /Root object! - Is this really a PDF?
2026-08-24 12:01:52,833 DEBUG    PDF parse error: No /Root object! - Is this really a PDF?
2026-08-24 12:01:53,928 INFO       Roseau: No upcoming sales found
2026-08-24 12:01:55,929 INFO     [69/90] Checking Saint Louis...
2026-08-24 12:01:57,078 INFO       Saint Louis: Found 1 potential sale(s)
2026-08-24 12:01:59,079 INFO     [70/90] Checking Scott...
2026-08-24 12:01:59,686 INFO       Scott: page states no properties currently for sale
2026-08-24 12:01:59,707 INFO       Scott: No upcoming sales found
2026-08-24 12:02:02,256 INFO       Scott: Found 1 potential sale(s)
2026-08-24 12:02:04,257 INFO     [71/90] Checking Sherburne...
2026-08-24 12:02:04,785 INFO       Sherburne: Found 1 potential sale(s)
2026-08-24 12:02:06,786 INFO     [72/90] Checking Sibley...
2026-08-24 12:02:07,291 INFO       Sibley: Found 1 potential sale(s)
2026-08-24 12:02:09,444 INFO       Sibley: Found 1 potential sale(s)
2026-08-24 12:02:11,445 INFO     [73/90] Checking Stearns...
2026-08-24 12:02:12,327 INFO       Stearns: Found 1 potential sale(s)
2026-08-24 12:02:14,328 INFO     [74/90] Checking Steele...
2026-08-24 12:02:14,976 WARNING    Steele: ssl_error: HTTPSConnectionPool(host='www.co.steele.mn.us', port=443): Max retries exceeded with url: /divisions/land_use_and_records/auditor/tax_forfeited_properties_for_sale.php (Caused by SSLError(SSLCertVerificationError(1, '[SSL: CERTIFICATE_VERIFY_FAILED] certificate verify failed: unable to get local issuer certificate (_ssl.c:1016)')))
2026-08-24 12:02:16,977 INFO     [75/90] Checking Stevens...
2026-08-24 12:02:17,844 INFO       Stevens: Found 1 potential sale(s)
2026-08-24 12:02:19,844 INFO     [76/90] Checking Swift...
2026-08-24 12:02:20,591 INFO       Swift: Found 1 potential sale(s)
2026-08-24 12:02:23,475 INFO       Swift: Found 1 potential sale(s)
2026-08-24 12:02:25,476 INFO     [77/90] Checking Todd...
2026-08-24 12:02:25,607 INFO       Todd: Found 1 potential sale(s)
2026-08-24 12:02:27,754 INFO       Todd: Found 1 potential sale(s)
2026-08-24 12:02:29,754 INFO     [78/90] Checking Traverse...
2026-08-24 12:02:30,307 INFO       Traverse: No upcoming sales found
2026-08-24 12:02:32,308 INFO     [79/90] Checking Wabasha...
2026-08-24 12:02:32,559 INFO       Wabasha: Found 1 potential sale(s)
2026-08-24 12:02:34,560 INFO     [80/90] Checking Wadena...
2026-08-24 12:02:35,364 INFO       Wadena: Found 1 potential sale(s)
2026-08-24 12:02:37,364 INFO     [81/90] Checking Waseca...
2026-08-24 12:02:37,947 INFO       Waseca: Found 1 potential sale(s)
2026-08-24 12:02:39,948 INFO     [82/90] Checking Washington...
2026-08-24 12:02:40,904 INFO       Washington: page states no properties currently for sale
2026-08-24 12:02:40,928 INFO       Washington: No upcoming sales found
2026-08-24 12:02:43,499 WARNING    Washington: http_404
2026-08-24 12:02:45,500 INFO     [83/90] Checking Watonwan...
2026-08-24 12:02:46,394 INFO       Watonwan: Found 1 potential sale(s)
2026-08-24 12:02:48,394 INFO     [84/90] Checking Wilkin...
2026-08-24 12:02:49,555 INFO       Wilkin: Found 1 potential sale(s)
2026-08-24 12:02:51,556 INFO     [85/90] Checking Winona...
2026-08-24 12:02:52,691 INFO       Winona: Found 1 potential sale(s)
2026-08-24 12:02:54,692 INFO     [86/90] Checking Wright...
2026-08-24 12:02:55,519 INFO       Wright: Found 1 potential sale(s)
2026-08-24 12:02:58,297 INFO       Wright: Found 1 potential sale(s)
2026-08-24 12:03:00,298 INFO     [87/90] Checking Yellow Medicine...
2026-08-24 12:03:00,898 INFO       Yellow Medicine: Found 1 potential sale(s)
2026-08-24 12:03:02,899 INFO     [88/90] Checking DNR...
2026-08-24 12:03:03,028 INFO       DNR: Found 1 potential sale(s)
2026-08-24 12:03:05,028 INFO     [89/90] Checking MN DOT...
2026-08-24 12:03:05,464 INFO       MN DOT: Found 1 potential sale(s)
2026-08-24 12:03:07,465 INFO     [90/90] Checking Wisconsin...
2026-08-24 12:03:09,091 INFO       Wisconsin: No upcoming sales found
2026-08-24 12:03:11,091 INFO     ============================================================
2026-08-24 12:03:11,091 INFO     Checking complete in 5.9 minutes
2026-08-24 12:03:11,095 INFO     Found 84 unique sales (from 88 raw matches)
2026-08-24 12:03:11,097 INFO     Updated sources CSV with check dates
2026-08-24 12:03:11,097 INFO     Markdown report written to /home/runner/work/mn-tax-forfeiture-tracker/mn-tax-forfeiture-tracker/reports/weekly_report_2026-08-24.md
2026-08-24 12:03:11,098 INFO     CSV report written to /home/runner/work/mn-tax-forfeiture-tracker/mn-tax-forfeiture-tracker/reports/weekly_report_2026-08-24.csv
2026-08-24 12:03:11,099 INFO     Check log written to /home/runner/work/mn-tax-forfeiture-tracker/mn-tax-forfeiture-tracker/logs/check_log_2026-08-24.csv
2026-08-24 12:03:11,099 INFO     ============================================================
2026-08-24 12:03:11,099 INFO     SUMMARY
2026-08-24 12:03:11,099 INFO       Total sources checked: 111
2026-08-24 12:03:11,099 INFO       Unique sales found: 84
2026-08-24 12:03:11,099 INFO       error_http_403: 2
2026-08-24 12:03:11,099 INFO       error_http_404: 1
2026-08-24 12:03:11,099 INFO       error_ssl_error: 2
2026-08-24 12:03:11,099 INFO       needs_manual_review: 2
2026-08-24 12:03:11,100 INFO       no_sale_found: 16
2026-08-24 12:03:11,100 INFO       sale_found: 88
2026-08-24 12:03:11,100 INFO       Elapsed time: 5.9 minutes
2026-08-24 12:03:11,100 INFO     ============================================================
