2026-08-17 11:53:33,577 INFO     ============================================================
2026-08-17 11:53:33,577 INFO     Minnesota Tax-Forfeited Land Sale Checker
2026-08-17 11:53:33,577 INFO     Run date: 2026-08-17
2026-08-17 11:53:33,578 INFO     ============================================================
2026-08-17 11:53:33,580 INFO     Loaded 90 sources from CSV
2026-08-17 11:53:33,581 INFO     [1/90] Checking Aitkin...
2026-08-17 11:53:33,877 INFO       Aitkin: Found 1 potential sale(s)
2026-08-17 11:53:35,878 INFO     [2/90] Checking Anoka...
2026-08-17 11:53:36,680 INFO       Anoka: Found 1 potential sale(s)
2026-08-17 11:53:38,681 INFO     [3/90] Checking Becker...
2026-08-17 11:53:39,796 INFO       Becker: Page too short, flagged for manual review
2026-08-17 11:53:41,796 INFO     [4/90] Checking Beltrami...
2026-08-17 11:53:42,718 INFO       Beltrami: Found 1 potential sale(s)
2026-08-17 11:53:44,718 INFO     [5/90] Checking Benton...
2026-08-17 11:53:45,564 INFO       Benton: Found 1 potential sale(s)
2026-08-17 11:53:47,564 INFO     [6/90] Checking Big Stone...
2026-08-17 11:53:48,421 INFO       Big Stone: Found 1 potential sale(s)
2026-08-17 11:53:50,421 INFO     [7/90] Checking Blue Earth...
2026-08-17 11:53:51,191 INFO       Blue Earth: Found 1 potential sale(s)
2026-08-17 11:53:53,192 INFO     [8/90] Checking Brown...
2026-08-17 11:53:53,595 INFO       Brown: Found 1 potential sale(s)
2026-08-17 11:53:55,595 INFO     [9/90] Checking Carlton...
2026-08-17 11:53:56,359 INFO       Carlton: Found 1 potential sale(s)
2026-08-17 11:53:58,360 INFO     [10/90] Checking Carver...
2026-08-17 11:53:59,421 INFO       Carver: Found 1 potential sale(s)
2026-08-17 11:54:01,422 INFO     [11/90] Checking Cass...
2026-08-17 11:54:01,927 INFO       Cass: Found 1 potential sale(s)
2026-08-17 11:54:03,928 INFO     [12/90] Checking Chippewa...
2026-08-17 11:54:04,805 INFO       Chippewa: Found 1 potential sale(s)
2026-08-17 11:54:06,806 INFO     [13/90] Checking Chisago...
2026-08-17 11:54:07,530 INFO       Chisago: Found 1 potential sale(s)
2026-08-17 11:54:09,530 INFO     [14/90] Checking Clay...
2026-08-17 11:54:10,040 INFO       Clay: Found 1 potential sale(s)
2026-08-17 11:54:12,041 INFO     [15/90] Checking Clearwater...
2026-08-17 11:54:12,715 INFO       Clearwater: Found 1 potential sale(s)
2026-08-17 11:54:14,716 INFO     [16/90] Checking Cook...
2026-08-17 11:54:15,304 INFO       Cook: Found 1 potential sale(s)
2026-08-17 11:54:17,305 INFO     [17/90] Checking Cottonwood...
2026-08-17 11:54:17,697 INFO       Cottonwood: Found 1 potential sale(s)
2026-08-17 11:54:19,806 INFO       Cottonwood: Found 1 potential sale(s)
2026-08-17 11:54:21,807 INFO     [18/90] Checking Crow Wing...
2026-08-17 11:54:22,469 INFO       Crow Wing: Found 1 potential sale(s)
2026-08-17 11:54:24,470 INFO     [19/90] Checking Dakota...
2026-08-17 11:54:25,216 INFO       Dakota: page states no properties currently for sale
2026-08-17 11:54:25,235 DEBUG      Dakota: Found 1 PDF links, checking...
2026-08-17 11:54:26,664 INFO       Dakota: Found 1 potential sale(s)
2026-08-17 11:54:28,664 INFO     [20/90] Checking Dodge...
2026-08-17 11:54:29,134 INFO       Dodge: Found 1 potential sale(s)
2026-08-17 11:54:31,134 INFO     [21/90] Checking Douglas...
2026-08-17 11:54:47,112 INFO       Douglas: Found 1 potential sale(s)
2026-08-17 11:54:49,738 INFO       Douglas: Found 1 potential sale(s)
2026-08-17 11:54:51,738 INFO     [22/90] Checking Faribault...
2026-08-17 11:54:52,719 INFO       Faribault: Found 1 potential sale(s)
2026-08-17 11:54:55,281 INFO       Faribault: Found 1 potential sale(s)
2026-08-17 11:54:57,281 INFO     [23/90] Checking Fillmore...
2026-08-17 11:54:57,588 INFO       Fillmore: Found 1 potential sale(s)
2026-08-17 11:54:59,588 INFO     [24/90] Checking Freeborn...
2026-08-17 11:55:00,530 INFO       Freeborn: Found 1 potential sale(s)
2026-08-17 11:55:02,531 INFO     [25/90] Checking Goodhue...
2026-08-17 11:55:03,710 INFO       Goodhue: Found 1 potential sale(s)
2026-08-17 11:55:05,711 INFO     [26/90] Checking Grant...
2026-08-17 11:55:06,204 INFO       Grant: Found 1 potential sale(s)
2026-08-17 11:55:08,204 INFO     [27/90] Checking Hennepin...
2026-08-17 11:55:11,179 INFO       Hennepin: Found 1 potential sale(s)
2026-08-17 11:55:13,625 INFO       Hennepin: Page too short, flagged for manual review
2026-08-17 11:55:15,626 INFO     [28/90] Checking Houston...
2026-08-17 11:55:15,866 WARNING    Houston: ssl_error: HTTPSConnectionPool(host='www.co.houston.mn.us', port=443): Max retries exceeded with url: /departments/auditor-treasurer/ (Caused by SSLError(SSLError(1, '[SSL: SSLV3_ALERT_HANDSHAKE_FAILURE] sslv3 alert handshake failure (_ssl.c:1016)')))
2026-08-17 11:55:17,866 INFO     [29/90] Checking Hubbard...
2026-08-17 11:55:18,629 INFO       Hubbard: Found 1 potential sale(s)
2026-08-17 11:55:20,630 INFO     [30/90] Checking Isanti...
2026-08-17 11:55:21,336 INFO       Isanti: page states no properties currently for sale
2026-08-17 11:55:21,360 INFO       Isanti: No upcoming sales found
2026-08-17 11:55:23,360 INFO     [31/90] Checking Itasca...
2026-08-17 11:55:24,379 INFO       Itasca: Found 1 potential sale(s)
2026-08-17 11:55:27,199 INFO       Itasca: Found 1 potential sale(s)
2026-08-17 11:55:29,199 INFO     [32/90] Checking Jackson...
2026-08-17 11:55:30,150 INFO       Jackson: Found 1 potential sale(s)
2026-08-17 11:55:32,151 INFO     [33/90] Checking Kanabec...
2026-08-17 11:55:32,708 INFO       Kanabec: Found 1 potential sale(s)
2026-08-17 11:55:34,709 INFO     [34/90] Checking Kandiyohi...
2026-08-17 11:55:35,018 INFO       Kandiyohi: Found 1 potential sale(s)
2026-08-17 11:55:37,019 INFO     [35/90] Checking Kittson...
2026-08-17 11:55:37,325 INFO       Kittson: Found 1 potential sale(s)
2026-08-17 11:55:39,325 INFO     [36/90] Checking Koochiching...
2026-08-17 11:55:40,143 INFO       Koochiching: Found 1 potential sale(s)
2026-08-17 11:55:42,144 INFO     [37/90] Checking Lac qui Parle...
2026-08-17 11:55:43,146 INFO       Lac qui Parle: Found 1 potential sale(s)
2026-08-17 11:55:45,147 INFO     [38/90] Checking Lake...
2026-08-17 11:55:45,870 INFO       Lake: Found 1 potential sale(s)
2026-08-17 11:55:47,871 INFO     [39/90] Checking Lake of the Woods...
2026-08-17 11:55:51,147 INFO       Lake of the Woods: Found 1 potential sale(s)
2026-08-17 11:55:55,956 INFO       Lake of the Woods: Found 1 potential sale(s)
2026-08-17 11:55:57,957 INFO     [40/90] Checking Le Sueur...
2026-08-17 11:55:58,492 INFO       Le Sueur: page states no properties currently for sale
2026-08-17 11:55:58,492 INFO       Le Sueur: No upcoming sales found
2026-08-17 11:56:01,310 INFO       Le Sueur: Found 1 potential sale(s)
2026-08-17 11:56:03,311 INFO     [41/90] Checking Lincoln...
2026-08-17 11:56:03,709 DEBUG      Lincoln: Found 4 PDF links, checking...
2026-08-17 11:56:10,064 INFO       Lincoln: No upcoming sales found
2026-08-17 11:56:12,065 INFO     [42/90] Checking Lyon...
2026-08-17 11:56:12,662 INFO       Lyon: Found 1 potential sale(s)
2026-08-17 11:56:14,662 INFO     [43/90] Checking Mahnomen...
2026-08-17 11:56:14,957 INFO       Mahnomen: Found 1 potential sale(s)
2026-08-17 11:56:17,204 INFO       Mahnomen: Found 1 potential sale(s)
2026-08-17 11:56:19,204 INFO     [44/90] Checking Marshall...
2026-08-17 11:56:20,313 DEBUG      Marshall: Found 1 PDF links, checking...
2026-08-17 11:56:21,970 INFO       Marshall: No upcoming sales found
2026-08-17 11:56:23,971 INFO     [45/90] Checking Martin...
2026-08-17 11:56:24,345 INFO       Martin: Found 1 potential sale(s)
2026-08-17 11:56:26,346 INFO     [46/90] Checking McLeod...
2026-08-17 11:56:26,939 INFO       McLeod: Found 1 potential sale(s)
2026-08-17 11:56:28,939 INFO     [47/90] Checking Meeker...
2026-08-17 11:56:30,079 INFO       Meeker: Found 1 potential sale(s)
2026-08-17 11:56:32,080 INFO     [48/90] Checking Mille Lacs...
2026-08-17 11:56:32,642 INFO       Mille Lacs: Found 1 potential sale(s)
2026-08-17 11:56:34,643 INFO     [49/90] Checking Morrison...
2026-08-17 11:56:35,215 INFO       Morrison: Found 1 potential sale(s)
2026-08-17 11:56:37,216 INFO     [50/90] Checking Mower...
2026-08-17 11:56:37,750 INFO       Mower: Found 1 potential sale(s)
2026-08-17 11:56:39,751 INFO     [51/90] Checking Murray...
2026-08-17 11:56:40,206 DEBUG      Murray: Found 2 PDF links, checking...
2026-08-17 11:56:43,235 INFO       Murray: No upcoming sales found
2026-08-17 11:56:45,584 DEBUG      Murray: Found 1 PDF links, checking...
2026-08-17 11:56:49,341 INFO       Murray: No upcoming sales found
2026-08-17 11:56:51,342 INFO     [52/90] Checking Nicollet...
2026-08-17 11:56:52,094 INFO       Nicollet: Found 1 potential sale(s)
2026-08-17 11:56:54,095 INFO     [53/90] Checking Nobles...
2026-08-17 11:56:55,943 INFO       Nobles: Found 1 potential sale(s)
2026-08-17 11:56:57,943 INFO     [54/90] Checking Norman...
2026-08-17 11:56:58,524 INFO       Norman: Found 1 potential sale(s)
2026-08-17 11:57:00,524 INFO     [55/90] Checking Olmsted...
2026-08-17 11:57:01,153 INFO       Olmsted: Found 1 potential sale(s)
2026-08-17 11:57:03,154 INFO     [56/90] Checking Otter Tail...
2026-08-17 11:57:03,291 WARNING    Otter Tail: http_403
2026-08-17 11:57:05,480 INFO       Otter Tail: No upcoming sales found
2026-08-17 11:57:07,481 INFO     [57/90] Checking Pennington...
2026-08-17 11:57:08,087 INFO       Pennington: Found 1 potential sale(s)
2026-08-17 11:57:10,088 INFO     [58/90] Checking Pine...
2026-08-17 11:57:10,724 INFO       Pine: Found 1 potential sale(s)
2026-08-17 11:57:12,725 INFO     [59/90] Checking Pipestone...
2026-08-17 11:57:13,222 DEBUG      Pipestone: Found 3 PDF links, checking...
2026-08-17 11:57:17,644 INFO       Pipestone: No upcoming sales found
2026-08-17 11:57:19,645 INFO     [60/90] Checking Polk...
2026-08-17 11:57:20,374 INFO       Polk: Found 1 potential sale(s)
2026-08-17 11:57:22,970 INFO       Polk: Found 1 potential sale(s)
2026-08-17 11:57:24,971 INFO     [61/90] Checking Pope...
2026-08-17 11:57:46,725 INFO       Pope: Found 1 potential sale(s)
2026-08-17 11:57:49,161 INFO       Pope: Found 1 potential sale(s)
2026-08-17 11:57:51,162 INFO     [62/90] Checking Ramsey...
2026-08-17 11:57:51,394 INFO       Ramsey: Found 1 potential sale(s)
2026-08-17 11:57:53,623 INFO       Ramsey: Found 1 potential sale(s)
2026-08-17 11:57:55,624 INFO     [63/90] Checking Red Lake...
2026-08-17 11:57:55,949 INFO       Red Lake: Found 1 potential sale(s)
2026-08-17 11:57:58,284 DEBUG      Red Lake: Found 1 PDF links, checking...
2026-08-17 11:57:59,605 INFO       Red Lake: No upcoming sales found
2026-08-17 11:58:01,606 INFO     [64/90] Checking Redwood...
2026-08-17 11:58:02,324 INFO       Redwood: Found 1 potential sale(s)
2026-08-17 11:58:04,324 INFO     [65/90] Checking Renville...
2026-08-17 11:58:04,723 INFO       Renville: Found 1 potential sale(s)
2026-08-17 11:58:07,982 INFO       Renville: Found 1 potential sale(s)
2026-08-17 11:58:09,983 INFO     [66/90] Checking Rice...
2026-08-17 11:58:10,594 INFO       Rice: No upcoming sales found
2026-08-17 11:58:12,594 INFO     [67/90] Checking Rock...
2026-08-17 11:58:12,987 DEBUG      Rock: Found 5 PDF links, checking...
2026-08-17 11:58:25,149 INFO       Rock: No upcoming sales found
2026-08-17 11:58:27,150 INFO     [68/90] Checking Roseau...
2026-08-17 11:58:28,143 DEBUG      Roseau: Found 3 PDF links, checking...
2026-08-17 11:58:30,472 DEBUG    PDF parse error: No /Root object! - Is this really a PDF?
2026-08-17 11:58:32,462 DEBUG    PDF parse error: No /Root object! - Is this really a PDF?
2026-08-17 11:58:33,663 INFO       Roseau: No upcoming sales found
2026-08-17 11:58:35,664 INFO     [69/90] Checking Saint Louis...
2026-08-17 11:58:36,711 INFO       Saint Louis: Found 1 potential sale(s)
2026-08-17 11:58:38,711 INFO     [70/90] Checking Scott...
2026-08-17 11:58:39,364 INFO       Scott: page states no properties currently for sale
2026-08-17 11:58:39,380 INFO       Scott: No upcoming sales found
2026-08-17 11:58:41,855 INFO       Scott: Found 1 potential sale(s)
2026-08-17 11:58:43,855 INFO     [71/90] Checking Sherburne...
2026-08-17 11:58:44,593 INFO       Sherburne: Found 1 potential sale(s)
2026-08-17 11:58:46,593 INFO     [72/90] Checking Sibley...
2026-08-17 11:58:47,076 INFO       Sibley: Found 1 potential sale(s)
2026-08-17 11:58:49,309 INFO       Sibley: Found 1 potential sale(s)
2026-08-17 11:58:51,309 INFO     [73/90] Checking Stearns...
2026-08-17 11:58:52,362 INFO       Stearns: Found 1 potential sale(s)
2026-08-17 11:58:54,363 INFO     [74/90] Checking Steele...
2026-08-17 11:58:55,401 WARNING    Steele: ssl_error: HTTPSConnectionPool(host='www.co.steele.mn.us', port=443): Max retries exceeded with url: /divisions/land_use_and_records/auditor/tax_forfeited_properties_for_sale.php (Caused by SSLError(SSLCertVerificationError(1, '[SSL: CERTIFICATE_VERIFY_FAILED] certificate verify failed: unable to get local issuer certificate (_ssl.c:1016)')))
2026-08-17 11:58:57,402 INFO     [75/90] Checking Stevens...
2026-08-17 11:58:58,177 INFO       Stevens: Found 1 potential sale(s)
2026-08-17 11:59:00,178 INFO     [76/90] Checking Swift...
2026-08-17 11:59:00,773 INFO       Swift: Found 1 potential sale(s)
2026-08-17 11:59:03,389 INFO       Swift: Found 1 potential sale(s)
2026-08-17 11:59:05,390 INFO     [77/90] Checking Todd...
2026-08-17 11:59:05,639 INFO       Todd: Found 1 potential sale(s)
2026-08-17 11:59:07,882 INFO       Todd: Found 1 potential sale(s)
2026-08-17 11:59:09,882 INFO     [78/90] Checking Traverse...
2026-08-17 11:59:10,386 INFO       Traverse: No upcoming sales found
2026-08-17 11:59:12,387 INFO     [79/90] Checking Wabasha...
2026-08-17 11:59:12,910 INFO       Wabasha: Found 1 potential sale(s)
2026-08-17 11:59:14,910 INFO     [80/90] Checking Wadena...
2026-08-17 11:59:15,599 INFO       Wadena: Found 1 potential sale(s)
2026-08-17 11:59:17,599 INFO     [81/90] Checking Waseca...
2026-08-17 11:59:18,038 INFO       Waseca: Found 1 potential sale(s)
2026-08-17 11:59:20,038 INFO     [82/90] Checking Washington...
2026-08-17 11:59:20,807 INFO       Washington: page states no properties currently for sale
2026-08-17 11:59:20,822 INFO       Washington: No upcoming sales found
2026-08-17 11:59:23,206 WARNING    Washington: http_404
2026-08-17 11:59:25,206 INFO     [83/90] Checking Watonwan...
2026-08-17 11:59:25,973 INFO       Watonwan: Found 1 potential sale(s)
2026-08-17 11:59:27,973 INFO     [84/90] Checking Wilkin...
2026-08-17 11:59:29,052 INFO       Wilkin: Found 1 potential sale(s)
2026-08-17 11:59:31,052 INFO     [85/90] Checking Winona...
2026-08-17 11:59:32,000 INFO       Winona: Found 1 potential sale(s)
2026-08-17 11:59:34,001 INFO     [86/90] Checking Wright...
2026-08-17 11:59:34,614 INFO       Wright: Found 1 potential sale(s)
2026-08-17 11:59:37,074 INFO       Wright: Found 1 potential sale(s)
2026-08-17 11:59:39,075 INFO     [87/90] Checking Yellow Medicine...
2026-08-17 11:59:39,627 INFO       Yellow Medicine: Found 1 potential sale(s)
2026-08-17 11:59:41,628 INFO     [88/90] Checking DNR...
2026-08-17 11:59:41,807 INFO       DNR: Found 1 potential sale(s)
2026-08-17 11:59:43,808 INFO     [89/90] Checking MN DOT...
2026-08-17 11:59:44,205 INFO       MN DOT: Found 1 potential sale(s)
2026-08-17 11:59:46,206 INFO     [90/90] Checking Wisconsin...
2026-08-17 11:59:47,787 INFO       Wisconsin: No upcoming sales found
2026-08-17 11:59:49,788 INFO     ============================================================
2026-08-17 11:59:49,788 INFO     Checking complete in 6.3 minutes
2026-08-17 11:59:49,788 INFO     Found 85 unique sales (from 89 raw matches)
2026-08-17 11:59:49,790 INFO     Updated sources CSV with check dates
2026-08-17 11:59:49,791 INFO     Markdown report written to /home/runner/work/mn-tax-forfeiture-tracker/mn-tax-forfeiture-tracker/reports/weekly_report_2026-08-17.md
2026-08-17 11:59:49,792 INFO     CSV report written to /home/runner/work/mn-tax-forfeiture-tracker/mn-tax-forfeiture-tracker/reports/weekly_report_2026-08-17.csv
2026-08-17 11:59:49,793 INFO     Check log written to /home/runner/work/mn-tax-forfeiture-tracker/mn-tax-forfeiture-tracker/logs/check_log_2026-08-17.csv
2026-08-17 11:59:49,793 INFO     ============================================================
2026-08-17 11:59:49,793 INFO     SUMMARY
2026-08-17 11:59:49,793 INFO       Total sources checked: 111
2026-08-17 11:59:49,793 INFO       Unique sales found: 85
2026-08-17 11:59:49,793 INFO       error_http_403: 1
2026-08-17 11:59:49,793 INFO       error_http_404: 1
2026-08-17 11:59:49,793 INFO       error_ssl_error: 2
2026-08-17 11:59:49,793 INFO       needs_manual_review: 2
2026-08-17 11:59:49,793 INFO       no_sale_found: 16
2026-08-17 11:59:49,793 INFO       sale_found: 89
2026-08-17 11:59:49,793 INFO       Elapsed time: 6.3 minutes
2026-08-17 11:59:49,793 INFO     ============================================================
