2026-07-27 13:55:31,363 INFO     ============================================================
2026-07-27 13:55:31,363 INFO     Minnesota Tax-Forfeited Land Sale Checker
2026-07-27 13:55:31,364 INFO     Run date: 2026-07-27
2026-07-27 13:55:31,364 INFO     ============================================================
2026-07-27 13:55:31,366 INFO     Loaded 90 sources from CSV
2026-07-27 13:55:31,367 INFO     [1/90] Checking Aitkin...
2026-07-27 13:55:31,782 INFO       Aitkin: Found 1 potential sale(s)
2026-07-27 13:55:33,783 INFO     [2/90] Checking Anoka...
2026-07-27 13:55:34,708 INFO       Anoka: Found 1 potential sale(s)
2026-07-27 13:55:36,709 INFO     [3/90] Checking Becker...
2026-07-27 13:55:37,717 INFO       Becker: Page too short, flagged for manual review
2026-07-27 13:55:39,717 INFO     [4/90] Checking Beltrami...
2026-07-27 13:55:41,458 INFO       Beltrami: Found 1 potential sale(s)
2026-07-27 13:55:43,459 INFO     [5/90] Checking Benton...
2026-07-27 13:55:44,439 INFO       Benton: Found 1 potential sale(s)
2026-07-27 13:55:46,440 INFO     [6/90] Checking Big Stone...
2026-07-27 13:55:47,820 INFO       Big Stone: Found 1 potential sale(s)
2026-07-27 13:55:49,820 INFO     [7/90] Checking Blue Earth...
2026-07-27 13:55:50,612 INFO       Blue Earth: Found 1 potential sale(s)
2026-07-27 13:55:52,612 INFO     [8/90] Checking Brown...
2026-07-27 13:55:53,198 INFO       Brown: Found 1 potential sale(s)
2026-07-27 13:55:55,198 INFO     [9/90] Checking Carlton...
2026-07-27 13:55:56,266 INFO       Carlton: Found 1 potential sale(s)
2026-07-27 13:55:58,267 INFO     [10/90] Checking Carver...
2026-07-27 13:55:58,849 INFO       Carver: Found 1 potential sale(s)
2026-07-27 13:56:00,850 INFO     [11/90] Checking Cass...
2026-07-27 13:56:01,374 INFO       Cass: Found 1 potential sale(s)
2026-07-27 13:56:03,374 INFO     [12/90] Checking Chippewa...
2026-07-27 13:56:04,466 INFO       Chippewa: Found 1 potential sale(s)
2026-07-27 13:56:06,466 INFO     [13/90] Checking Chisago...
2026-07-27 13:56:07,207 INFO       Chisago: Found 1 potential sale(s)
2026-07-27 13:56:09,208 INFO     [14/90] Checking Clay...
2026-07-27 13:56:09,828 INFO       Clay: Found 1 potential sale(s)
2026-07-27 13:56:11,828 INFO     [15/90] Checking Clearwater...
2026-07-27 13:56:12,772 INFO       Clearwater: Found 1 potential sale(s)
2026-07-27 13:56:14,773 INFO     [16/90] Checking Cook...
2026-07-27 13:56:15,129 INFO       Cook: Found 1 potential sale(s)
2026-07-27 13:56:17,130 INFO     [17/90] Checking Cottonwood...
2026-07-27 13:56:17,346 INFO       Cottonwood: Found 1 potential sale(s)
2026-07-27 13:56:19,640 INFO       Cottonwood: Found 1 potential sale(s)
2026-07-27 13:56:21,641 INFO     [18/90] Checking Crow Wing...
2026-07-27 13:56:22,578 INFO       Crow Wing: Found 1 potential sale(s)
2026-07-27 13:56:24,579 INFO     [19/90] Checking Dakota...
2026-07-27 13:56:25,439 INFO       Dakota: page states no properties currently for sale
2026-07-27 13:56:25,461 DEBUG      Dakota: Found 1 PDF links, checking...
2026-07-27 13:56:27,016 INFO       Dakota: Found 1 potential sale(s)
2026-07-27 13:56:29,016 INFO     [20/90] Checking Dodge...
2026-07-27 13:56:29,509 INFO       Dodge: Found 1 potential sale(s)
2026-07-27 13:56:31,510 INFO     [21/90] Checking Douglas...
2026-07-27 13:56:32,777 INFO       Douglas: Found 1 potential sale(s)
2026-07-27 13:56:35,280 INFO       Douglas: Found 1 potential sale(s)
2026-07-27 13:56:37,280 INFO     [22/90] Checking Faribault...
2026-07-27 13:56:37,663 INFO       Faribault: Found 1 potential sale(s)
2026-07-27 13:56:40,216 INFO       Faribault: Found 1 potential sale(s)
2026-07-27 13:56:42,216 INFO     [23/90] Checking Fillmore...
2026-07-27 13:56:42,460 INFO       Fillmore: Found 1 potential sale(s)
2026-07-27 13:56:44,461 INFO     [24/90] Checking Freeborn...
2026-07-27 13:56:45,630 INFO       Freeborn: Found 1 potential sale(s)
2026-07-27 13:56:47,631 INFO     [25/90] Checking Goodhue...
2026-07-27 13:56:48,945 INFO       Goodhue: Found 1 potential sale(s)
2026-07-27 13:56:50,946 INFO     [26/90] Checking Grant...
2026-07-27 13:56:51,604 INFO       Grant: Found 1 potential sale(s)
2026-07-27 13:56:53,605 INFO     [27/90] Checking Hennepin...
2026-07-27 13:56:57,715 INFO       Hennepin: Found 1 potential sale(s)
2026-07-27 13:57:00,157 INFO       Hennepin: Page too short, flagged for manual review
2026-07-27 13:57:02,158 INFO     [28/90] Checking Houston...
2026-07-27 13:57:02,297 WARNING    Houston: ssl_error: HTTPSConnectionPool(host='www.co.houston.mn.us', port=443): Max retries exceeded with url: /departments/auditor-treasurer/ (Caused by SSLError(SSLError(1, '[SSL: SSLV3_ALERT_HANDSHAKE_FAILURE] sslv3 alert handshake failure (_ssl.c:1016)')))
2026-07-27 13:57:04,298 INFO     [29/90] Checking Hubbard...
2026-07-27 13:57:05,379 INFO       Hubbard: Found 1 potential sale(s)
2026-07-27 13:57:07,380 INFO     [30/90] Checking Isanti...
2026-07-27 13:57:08,749 INFO       Isanti: page states no properties currently for sale
2026-07-27 13:57:08,776 INFO       Isanti: No upcoming sales found
2026-07-27 13:57:10,777 INFO     [31/90] Checking Itasca...
2026-07-27 13:57:12,084 INFO       Itasca: Found 1 potential sale(s)
2026-07-27 13:57:15,213 INFO       Itasca: Found 1 potential sale(s)
2026-07-27 13:57:17,214 INFO     [32/90] Checking Jackson...
2026-07-27 13:57:18,253 INFO       Jackson: Found 1 potential sale(s)
2026-07-27 13:57:20,254 INFO     [33/90] Checking Kanabec...
2026-07-27 13:57:20,769 INFO       Kanabec: Found 4 potential sale(s)
2026-07-27 13:57:22,770 INFO     [34/90] Checking Kandiyohi...
2026-07-27 13:57:22,942 INFO       Kandiyohi: Found 1 potential sale(s)
2026-07-27 13:57:24,943 INFO     [35/90] Checking Kittson...
2026-07-27 13:57:25,118 INFO       Kittson: Found 1 potential sale(s)
2026-07-27 13:57:27,118 INFO     [36/90] Checking Koochiching...
2026-07-27 13:57:28,158 INFO       Koochiching: Found 1 potential sale(s)
2026-07-27 13:57:30,159 INFO     [37/90] Checking Lac qui Parle...
2026-07-27 13:57:31,652 INFO       Lac qui Parle: Found 1 potential sale(s)
2026-07-27 13:57:33,652 INFO     [38/90] Checking Lake...
2026-07-27 13:57:34,299 INFO       Lake: Found 1 potential sale(s)
2026-07-27 13:57:36,299 INFO     [39/90] Checking Lake of the Woods...
2026-07-27 13:57:36,785 INFO       Lake of the Woods: Found 1 potential sale(s)
2026-07-27 13:57:39,256 INFO       Lake of the Woods: Found 1 potential sale(s)
2026-07-27 13:57:41,256 INFO     [40/90] Checking Le Sueur...
2026-07-27 13:57:42,154 INFO       Le Sueur: page states no properties currently for sale
2026-07-27 13:57:42,155 INFO       Le Sueur: No upcoming sales found
2026-07-27 13:57:45,102 INFO       Le Sueur: Found 1 potential sale(s)
2026-07-27 13:57:47,103 INFO     [41/90] Checking Lincoln...
2026-07-27 13:57:47,339 DEBUG      Lincoln: Found 4 PDF links, checking...
2026-07-27 13:57:53,071 INFO       Lincoln: No upcoming sales found
2026-07-27 13:57:55,072 INFO     [42/90] Checking Lyon...
2026-07-27 13:57:55,491 INFO       Lyon: Found 1 potential sale(s)
2026-07-27 13:57:57,491 INFO     [43/90] Checking Mahnomen...
2026-07-27 13:57:57,666 INFO       Mahnomen: Found 1 potential sale(s)
2026-07-27 13:58:00,051 INFO       Mahnomen: Found 1 potential sale(s)
2026-07-27 13:58:02,052 INFO     [44/90] Checking Marshall...
2026-07-27 13:58:02,926 DEBUG      Marshall: Found 1 PDF links, checking...
2026-07-27 13:58:04,527 INFO       Marshall: No upcoming sales found
2026-07-27 13:58:06,528 INFO     [45/90] Checking Martin...
2026-07-27 13:58:06,926 INFO       Martin: Found 1 potential sale(s)
2026-07-27 13:58:08,927 INFO     [46/90] Checking McLeod...
2026-07-27 13:58:09,403 INFO       McLeod: Found 1 potential sale(s)
2026-07-27 13:58:11,404 INFO     [47/90] Checking Meeker...
2026-07-27 13:58:12,506 INFO       Meeker: Found 1 potential sale(s)
2026-07-27 13:58:14,506 INFO     [48/90] Checking Mille Lacs...
2026-07-27 13:58:15,146 INFO       Mille Lacs: Found 1 potential sale(s)
2026-07-27 13:58:17,146 INFO     [49/90] Checking Morrison...
2026-07-27 13:58:17,748 INFO       Morrison: Found 1 potential sale(s)
2026-07-27 13:58:19,749 INFO     [50/90] Checking Mower...
2026-07-27 13:58:20,410 INFO       Mower: Found 1 potential sale(s)
2026-07-27 13:58:22,410 INFO     [51/90] Checking Murray...
2026-07-27 13:58:22,850 DEBUG      Murray: Found 2 PDF links, checking...
2026-07-27 13:58:25,791 INFO       Murray: No upcoming sales found
2026-07-27 13:58:28,072 DEBUG      Murray: Found 1 PDF links, checking...
2026-07-27 13:58:31,940 INFO       Murray: No upcoming sales found
2026-07-27 13:58:33,940 INFO     [52/90] Checking Nicollet...
2026-07-27 13:58:35,011 INFO       Nicollet: Found 1 potential sale(s)
2026-07-27 13:58:37,011 INFO     [53/90] Checking Nobles...
2026-07-27 13:58:37,359 INFO       Nobles: Page too short, flagged for manual review
2026-07-27 13:58:39,359 INFO     [54/90] Checking Norman...
2026-07-27 13:58:39,669 INFO       Norman: Found 1 potential sale(s)
2026-07-27 13:58:41,670 INFO     [55/90] Checking Olmsted...
2026-07-27 13:58:41,900 INFO       Olmsted: Found 1 potential sale(s)
2026-07-27 13:58:43,901 INFO     [56/90] Checking Otter Tail...
2026-07-27 13:58:43,965 WARNING    Otter Tail: http_403
2026-07-27 13:58:46,230 INFO       Otter Tail: No upcoming sales found
2026-07-27 13:58:48,230 INFO     [57/90] Checking Pennington...
2026-07-27 13:58:49,456 INFO       Pennington: Found 1 potential sale(s)
2026-07-27 13:58:51,457 INFO     [58/90] Checking Pine...
2026-07-27 13:58:51,819 INFO       Pine: Found 1 potential sale(s)
2026-07-27 13:58:53,820 INFO     [59/90] Checking Pipestone...
2026-07-27 13:58:54,197 DEBUG      Pipestone: Found 3 PDF links, checking...
2026-07-27 13:58:58,275 INFO       Pipestone: No upcoming sales found
2026-07-27 13:59:00,276 INFO     [60/90] Checking Polk...
2026-07-27 13:59:00,978 INFO       Polk: Found 1 potential sale(s)
2026-07-27 13:59:03,699 INFO       Polk: Found 1 potential sale(s)
2026-07-27 13:59:05,699 INFO     [61/90] Checking Pope...
2026-07-27 13:59:06,054 INFO       Pope: Page too short, flagged for manual review
2026-07-27 13:59:08,410 INFO       Pope: Page too short, flagged for manual review
2026-07-27 13:59:10,410 INFO     [62/90] Checking Ramsey...
2026-07-27 13:59:10,616 INFO       Ramsey: Found 1 potential sale(s)
2026-07-27 13:59:12,813 INFO       Ramsey: Found 1 potential sale(s)
2026-07-27 13:59:14,814 INFO     [63/90] Checking Red Lake...
2026-07-27 13:59:15,207 INFO       Red Lake: Found 1 potential sale(s)
2026-07-27 13:59:17,472 DEBUG      Red Lake: Found 1 PDF links, checking...
2026-07-27 13:59:18,750 INFO       Red Lake: No upcoming sales found
2026-07-27 13:59:20,751 INFO     [64/90] Checking Redwood...
2026-07-27 13:59:21,125 INFO       Redwood: Found 1 potential sale(s)
2026-07-27 13:59:23,126 INFO     [65/90] Checking Renville...
2026-07-27 13:59:23,836 INFO       Renville: Found 1 potential sale(s)
2026-07-27 13:59:26,944 INFO       Renville: Found 1 potential sale(s)
2026-07-27 13:59:28,945 INFO     [66/90] Checking Rice...
2026-07-27 13:59:29,801 INFO       Rice: No upcoming sales found
2026-07-27 13:59:31,801 INFO     [67/90] Checking Rock...
2026-07-27 13:59:32,172 DEBUG      Rock: Found 5 PDF links, checking...
2026-07-27 13:59:45,116 INFO       Rock: No upcoming sales found
2026-07-27 13:59:47,116 INFO     [68/90] Checking Roseau...
2026-07-27 13:59:48,829 DEBUG      Roseau: Found 3 PDF links, checking...
2026-07-27 13:59:53,884 DEBUG    PDF parse error: No /Root object! - Is this really a PDF?
2026-07-27 13:59:56,297 DEBUG    PDF parse error: No /Root object! - Is this really a PDF?
2026-07-27 13:59:57,414 INFO       Roseau: No upcoming sales found
2026-07-27 13:59:59,415 INFO     [69/90] Checking Saint Louis...
2026-07-27 14:00:00,490 INFO       Saint Louis: Found 1 potential sale(s)
2026-07-27 14:00:02,491 INFO     [70/90] Checking Scott...
2026-07-27 14:00:03,298 INFO       Scott: page states no properties currently for sale
2026-07-27 14:00:03,317 INFO       Scott: No upcoming sales found
2026-07-27 14:00:05,930 INFO       Scott: Found 1 potential sale(s)
2026-07-27 14:00:07,930 INFO     [71/90] Checking Sherburne...
2026-07-27 14:00:08,602 INFO       Sherburne: Found 1 potential sale(s)
2026-07-27 14:00:10,602 INFO     [72/90] Checking Sibley...
2026-07-27 14:00:11,143 INFO       Sibley: Found 1 potential sale(s)
2026-07-27 14:00:13,471 INFO       Sibley: No upcoming sales found
2026-07-27 14:00:15,472 INFO     [73/90] Checking Stearns...
2026-07-27 14:00:16,566 INFO       Stearns: Found 1 potential sale(s)
2026-07-27 14:00:18,567 INFO     [74/90] Checking Steele...
2026-07-27 14:00:19,294 INFO       Steele: Found 1 potential sale(s)
2026-07-27 14:00:21,294 INFO     [75/90] Checking Stevens...
2026-07-27 14:00:22,154 INFO       Stevens: Found 1 potential sale(s)
2026-07-27 14:00:24,155 INFO     [76/90] Checking Swift...
2026-07-27 14:00:24,860 INFO       Swift: Found 1 potential sale(s)
2026-07-27 14:00:27,295 INFO       Swift: Found 1 potential sale(s)
2026-07-27 14:00:29,295 INFO     [77/90] Checking Todd...
2026-07-27 14:00:29,517 INFO       Todd: Found 1 potential sale(s)
2026-07-27 14:00:31,752 INFO       Todd: Found 1 potential sale(s)
2026-07-27 14:00:33,752 INFO     [78/90] Checking Traverse...
2026-07-27 14:00:34,234 INFO       Traverse: No upcoming sales found
2026-07-27 14:00:36,234 INFO     [79/90] Checking Wabasha...
2026-07-27 14:00:36,610 INFO       Wabasha: Found 1 potential sale(s)
2026-07-27 14:00:38,611 INFO     [80/90] Checking Wadena...
2026-07-27 14:00:39,429 INFO       Wadena: Found 1 potential sale(s)
2026-07-27 14:00:41,430 INFO     [81/90] Checking Waseca...
2026-07-27 14:00:42,049 INFO       Waseca: Found 1 potential sale(s)
2026-07-27 14:00:44,049 INFO     [82/90] Checking Washington...
2026-07-27 14:00:44,990 INFO       Washington: Found 1 potential sale(s)
2026-07-27 14:00:47,487 INFO       Washington: Found 1 potential sale(s)
2026-07-27 14:00:49,487 INFO     [83/90] Checking Watonwan...
2026-07-27 14:00:50,347 INFO       Watonwan: Found 1 potential sale(s)
2026-07-27 14:00:52,348 INFO     [84/90] Checking Wilkin...
2026-07-27 14:00:53,544 INFO       Wilkin: Found 1 potential sale(s)
2026-07-27 14:00:55,544 INFO     [85/90] Checking Winona...
2026-07-27 14:00:56,670 INFO       Winona: Found 1 potential sale(s)
2026-07-27 14:00:58,671 INFO     [86/90] Checking Wright...
2026-07-27 14:00:59,770 INFO       Wright: Found 1 potential sale(s)
2026-07-27 14:01:02,314 INFO       Wright: Found 1 potential sale(s)
2026-07-27 14:01:04,315 INFO     [87/90] Checking Yellow Medicine...
2026-07-27 14:01:05,073 INFO       Yellow Medicine: Found 1 potential sale(s)
2026-07-27 14:01:07,074 INFO     [88/90] Checking DNR...
2026-07-27 14:01:08,146 INFO       DNR: Found 1 potential sale(s)
2026-07-27 14:01:10,147 INFO     [89/90] Checking MN DOT...
2026-07-27 14:01:10,677 INFO       MN DOT: Found 1 potential sale(s)
2026-07-27 14:01:12,678 INFO     [90/90] Checking Wisconsin...
2026-07-27 14:01:14,609 INFO       Wisconsin: No upcoming sales found
2026-07-27 14:01:16,609 INFO     ============================================================
2026-07-27 14:01:16,609 INFO     Checking complete in 5.8 minutes
2026-07-27 14:01:16,610 INFO     Found 87 unique sales (from 91 raw matches)
2026-07-27 14:01:16,612 INFO     Updated sources CSV with check dates
2026-07-27 14:01:16,613 INFO     Markdown report written to /home/runner/work/mn-tax-forfeiture-tracker/mn-tax-forfeiture-tracker/reports/weekly_report_2026-07-27.md
2026-07-27 14:01:16,613 INFO     CSV report written to /home/runner/work/mn-tax-forfeiture-tracker/mn-tax-forfeiture-tracker/reports/weekly_report_2026-07-27.csv
2026-07-27 14:01:16,614 INFO     Check log written to /home/runner/work/mn-tax-forfeiture-tracker/mn-tax-forfeiture-tracker/logs/check_log_2026-07-27.csv
2026-07-27 14:01:16,614 INFO     ============================================================
2026-07-27 14:01:16,614 INFO     SUMMARY
2026-07-27 14:01:16,614 INFO       Total sources checked: 111
2026-07-27 14:01:16,614 INFO       Unique sales found: 87
2026-07-27 14:01:16,614 INFO       error_http_403: 1
2026-07-27 14:01:16,614 INFO       error_ssl_error: 1
2026-07-27 14:01:16,614 INFO       needs_manual_review: 5
2026-07-27 14:01:16,615 INFO       no_sale_found: 16
2026-07-27 14:01:16,615 INFO       sale_found: 88
2026-07-27 14:01:16,615 INFO       Elapsed time: 5.8 minutes
2026-07-27 14:01:16,615 INFO     ============================================================
