2026-08-03 13:58:40,490 INFO     ============================================================
2026-08-03 13:58:40,490 INFO     Minnesota Tax-Forfeited Land Sale Checker
2026-08-03 13:58:40,490 INFO     Run date: 2026-08-03
2026-08-03 13:58:40,491 INFO     ============================================================
2026-08-03 13:58:40,493 INFO     Loaded 90 sources from CSV
2026-08-03 13:58:40,494 INFO     [1/90] Checking Aitkin...
2026-08-03 13:58:40,660 INFO       Aitkin: Found 1 potential sale(s)
2026-08-03 13:58:42,661 INFO     [2/90] Checking Anoka...
2026-08-03 13:58:43,593 INFO       Anoka: Found 1 potential sale(s)
2026-08-03 13:58:45,594 INFO     [3/90] Checking Becker...
2026-08-03 13:58:46,372 INFO       Becker: Page too short, flagged for manual review
2026-08-03 13:58:48,373 INFO     [4/90] Checking Beltrami...
2026-08-03 13:58:49,873 INFO       Beltrami: Found 1 potential sale(s)
2026-08-03 13:58:51,874 INFO     [5/90] Checking Benton...
2026-08-03 13:58:52,586 INFO       Benton: Found 1 potential sale(s)
2026-08-03 13:58:54,587 INFO     [6/90] Checking Big Stone...
2026-08-03 13:58:55,456 INFO       Big Stone: Found 1 potential sale(s)
2026-08-03 13:58:57,457 INFO     [7/90] Checking Blue Earth...
2026-08-03 13:58:58,026 INFO       Blue Earth: Found 1 potential sale(s)
2026-08-03 13:59:00,027 INFO     [8/90] Checking Brown...
2026-08-03 13:59:00,448 INFO       Brown: Found 1 potential sale(s)
2026-08-03 13:59:02,449 INFO     [9/90] Checking Carlton...
2026-08-03 13:59:03,135 INFO       Carlton: Found 1 potential sale(s)
2026-08-03 13:59:05,136 INFO     [10/90] Checking Carver...
2026-08-03 13:59:05,806 INFO       Carver: Found 1 potential sale(s)
2026-08-03 13:59:07,807 INFO     [11/90] Checking Cass...
2026-08-03 13:59:08,091 INFO       Cass: Found 1 potential sale(s)
2026-08-03 13:59:10,091 INFO     [12/90] Checking Chippewa...
2026-08-03 13:59:10,735 INFO       Chippewa: Found 1 potential sale(s)
2026-08-03 13:59:12,736 INFO     [13/90] Checking Chisago...
2026-08-03 13:59:13,289 INFO       Chisago: Found 1 potential sale(s)
2026-08-03 13:59:15,289 INFO     [14/90] Checking Clay...
2026-08-03 13:59:15,753 INFO       Clay: Found 1 potential sale(s)
2026-08-03 13:59:17,754 INFO     [15/90] Checking Clearwater...
2026-08-03 13:59:18,209 INFO       Clearwater: Found 1 potential sale(s)
2026-08-03 13:59:20,210 INFO     [16/90] Checking Cook...
2026-08-03 13:59:20,837 INFO       Cook: Found 1 potential sale(s)
2026-08-03 13:59:22,838 INFO     [17/90] Checking Cottonwood...
2026-08-03 13:59:23,307 INFO       Cottonwood: Found 1 potential sale(s)
2026-08-03 13:59:25,538 INFO       Cottonwood: Found 1 potential sale(s)
2026-08-03 13:59:27,539 INFO     [18/90] Checking Crow Wing...
2026-08-03 13:59:28,301 INFO       Crow Wing: Found 1 potential sale(s)
2026-08-03 13:59:30,302 INFO     [19/90] Checking Dakota...
2026-08-03 13:59:31,131 INFO       Dakota: page states no properties currently for sale
2026-08-03 13:59:31,153 DEBUG      Dakota: Found 1 PDF links, checking...
2026-08-03 13:59:32,502 INFO       Dakota: Found 1 potential sale(s)
2026-08-03 13:59:34,503 INFO     [20/90] Checking Dodge...
2026-08-03 13:59:34,745 INFO       Dodge: Found 1 potential sale(s)
2026-08-03 13:59:36,746 INFO     [21/90] Checking Douglas...
2026-08-03 13:59:53,482 INFO       Douglas: Found 1 potential sale(s)
2026-08-03 13:59:55,802 INFO       Douglas: Found 1 potential sale(s)
2026-08-03 13:59:57,803 INFO     [22/90] Checking Faribault...
2026-08-03 13:59:58,232 INFO       Faribault: Found 1 potential sale(s)
2026-08-03 14:00:00,590 INFO       Faribault: Found 1 potential sale(s)
2026-08-03 14:00:02,591 INFO     [23/90] Checking Fillmore...
2026-08-03 14:00:03,259 INFO       Fillmore: Found 1 potential sale(s)
2026-08-03 14:00:05,259 INFO     [24/90] Checking Freeborn...
2026-08-03 14:00:06,037 INFO       Freeborn: Found 1 potential sale(s)
2026-08-03 14:00:08,038 INFO     [25/90] Checking Goodhue...
2026-08-03 14:00:09,016 INFO       Goodhue: Found 1 potential sale(s)
2026-08-03 14:00:11,017 INFO     [26/90] Checking Grant...
2026-08-03 14:00:11,435 INFO       Grant: Found 1 potential sale(s)
2026-08-03 14:00:13,436 INFO     [27/90] Checking Hennepin...
2026-08-03 14:00:17,402 INFO       Hennepin: Found 1 potential sale(s)
2026-08-03 14:00:19,762 INFO       Hennepin: Page too short, flagged for manual review
2026-08-03 14:00:21,763 INFO     [28/90] Checking Houston...
2026-08-03 14:00:21,937 WARNING    Houston: ssl_error: HTTPSConnectionPool(host='www.co.houston.mn.us', port=443): Max retries exceeded with url: /departments/auditor-treasurer/ (Caused by SSLError(SSLError(1, '[SSL: SSLV3_ALERT_HANDSHAKE_FAILURE] sslv3 alert handshake failure (_ssl.c:1016)')))
2026-08-03 14:00:23,938 INFO     [29/90] Checking Hubbard...
2026-08-03 14:00:24,583 INFO       Hubbard: Found 1 potential sale(s)
2026-08-03 14:00:26,584 INFO     [30/90] Checking Isanti...
2026-08-03 14:00:27,146 INFO       Isanti: page states no properties currently for sale
2026-08-03 14:00:27,175 INFO       Isanti: No upcoming sales found
2026-08-03 14:00:29,175 INFO     [31/90] Checking Itasca...
2026-08-03 14:00:30,191 INFO       Itasca: Found 1 potential sale(s)
2026-08-03 14:00:33,248 INFO       Itasca: Found 2 potential sale(s)
2026-08-03 14:00:35,249 INFO     [32/90] Checking Jackson...
2026-08-03 14:00:35,800 INFO       Jackson: Found 1 potential sale(s)
2026-08-03 14:00:37,801 INFO     [33/90] Checking Kanabec...
2026-08-03 14:00:37,995 INFO       Kanabec: Found 4 potential sale(s)
2026-08-03 14:00:39,995 INFO     [34/90] Checking Kandiyohi...
2026-08-03 14:00:40,312 INFO       Kandiyohi: Found 1 potential sale(s)
2026-08-03 14:00:42,313 INFO     [35/90] Checking Kittson...
2026-08-03 14:00:42,575 INFO       Kittson: Found 1 potential sale(s)
2026-08-03 14:00:44,576 INFO     [36/90] Checking Koochiching...
2026-08-03 14:00:45,634 INFO       Koochiching: Found 1 potential sale(s)
2026-08-03 14:00:47,635 INFO     [37/90] Checking Lac qui Parle...
2026-08-03 14:00:48,557 INFO       Lac qui Parle: Found 1 potential sale(s)
2026-08-03 14:00:50,558 INFO     [38/90] Checking Lake...
2026-08-03 14:00:51,012 INFO       Lake: Found 1 potential sale(s)
2026-08-03 14:00:53,013 INFO     [39/90] Checking Lake of the Woods...
2026-08-03 14:00:56,336 INFO       Lake of the Woods: Found 1 potential sale(s)
2026-08-03 14:01:01,691 INFO       Lake of the Woods: Found 1 potential sale(s)
2026-08-03 14:01:03,692 INFO     [40/90] Checking Le Sueur...
2026-08-03 14:01:04,166 INFO       Le Sueur: page states no properties currently for sale
2026-08-03 14:01:04,166 INFO       Le Sueur: No upcoming sales found
2026-08-03 14:01:06,847 INFO       Le Sueur: Found 1 potential sale(s)
2026-08-03 14:01:08,847 INFO     [41/90] Checking Lincoln...
2026-08-03 14:01:09,408 DEBUG      Lincoln: Found 4 PDF links, checking...
2026-08-03 14:01:16,551 INFO       Lincoln: No upcoming sales found
2026-08-03 14:01:18,553 INFO     [42/90] Checking Lyon...
2026-08-03 14:01:18,818 INFO       Lyon: Found 1 potential sale(s)
2026-08-03 14:01:20,819 INFO     [43/90] Checking Mahnomen...
2026-08-03 14:01:21,054 INFO       Mahnomen: Found 1 potential sale(s)
2026-08-03 14:01:23,358 INFO       Mahnomen: Found 1 potential sale(s)
2026-08-03 14:01:25,358 INFO     [44/90] Checking Marshall...
2026-08-03 14:01:30,058 DEBUG      Marshall: Found 1 PDF links, checking...
2026-08-03 14:01:31,351 INFO       Marshall: No upcoming sales found
2026-08-03 14:01:33,352 INFO     [45/90] Checking Martin...
2026-08-03 14:01:33,521 INFO       Martin: Found 1 potential sale(s)
2026-08-03 14:01:35,522 INFO     [46/90] Checking McLeod...
2026-08-03 14:01:36,127 INFO       McLeod: Found 1 potential sale(s)
2026-08-03 14:01:38,127 INFO     [47/90] Checking Meeker...
2026-08-03 14:01:39,055 INFO       Meeker: Found 1 potential sale(s)
2026-08-03 14:01:41,055 INFO     [48/90] Checking Mille Lacs...
2026-08-03 14:01:41,482 INFO       Mille Lacs: Found 1 potential sale(s)
2026-08-03 14:01:43,483 INFO     [49/90] Checking Morrison...
2026-08-03 14:01:43,959 INFO       Morrison: Found 1 potential sale(s)
2026-08-03 14:01:45,959 INFO     [50/90] Checking Mower...
2026-08-03 14:01:46,442 INFO       Mower: Found 1 potential sale(s)
2026-08-03 14:01:48,443 INFO     [51/90] Checking Murray...
2026-08-03 14:01:48,674 DEBUG      Murray: Found 2 PDF links, checking...
2026-08-03 14:01:51,277 INFO       Murray: No upcoming sales found
2026-08-03 14:01:53,440 DEBUG      Murray: Found 1 PDF links, checking...
2026-08-03 14:01:57,418 INFO       Murray: No upcoming sales found
2026-08-03 14:01:59,419 INFO     [52/90] Checking Nicollet...
2026-08-03 14:02:00,036 INFO       Nicollet: Found 1 potential sale(s)
2026-08-03 14:02:02,037 INFO     [53/90] Checking Nobles...
2026-08-03 14:02:02,228 INFO       Nobles: Page too short, flagged for manual review
2026-08-03 14:02:04,229 INFO     [54/90] Checking Norman...
2026-08-03 14:02:04,846 INFO       Norman: Found 1 potential sale(s)
2026-08-03 14:02:06,847 INFO     [55/90] Checking Olmsted...
2026-08-03 14:02:07,006 INFO       Olmsted: Found 1 potential sale(s)
2026-08-03 14:02:09,007 INFO     [56/90] Checking Otter Tail...
2026-08-03 14:02:09,105 WARNING    Otter Tail: http_403
2026-08-03 14:02:11,387 INFO       Otter Tail: No upcoming sales found
2026-08-03 14:02:13,388 INFO     [57/90] Checking Pennington...
2026-08-03 14:02:13,902 INFO       Pennington: Found 1 potential sale(s)
2026-08-03 14:02:15,903 INFO     [58/90] Checking Pine...
2026-08-03 14:02:16,488 INFO       Pine: Found 1 potential sale(s)
2026-08-03 14:02:18,489 INFO     [59/90] Checking Pipestone...
2026-08-03 14:02:18,789 DEBUG      Pipestone: Found 3 PDF links, checking...
2026-08-03 14:02:22,584 INFO       Pipestone: No upcoming sales found
2026-08-03 14:02:24,585 INFO     [60/90] Checking Polk...
2026-08-03 14:02:25,130 INFO       Polk: Found 1 potential sale(s)
2026-08-03 14:02:27,839 INFO       Polk: Found 1 potential sale(s)
2026-08-03 14:02:29,840 INFO     [61/90] Checking Pope...
2026-08-03 14:02:30,031 INFO       Pope: Page too short, flagged for manual review
2026-08-03 14:02:32,210 INFO       Pope: Page too short, flagged for manual review
2026-08-03 14:02:34,211 INFO     [62/90] Checking Ramsey...
2026-08-03 14:02:34,403 INFO       Ramsey: Found 1 potential sale(s)
2026-08-03 14:02:36,540 INFO       Ramsey: Found 1 potential sale(s)
2026-08-03 14:02:38,541 INFO     [63/90] Checking Red Lake...
2026-08-03 14:02:38,822 INFO       Red Lake: Found 1 potential sale(s)
2026-08-03 14:02:41,104 DEBUG      Red Lake: Found 1 PDF links, checking...
2026-08-03 14:02:42,437 INFO       Red Lake: No upcoming sales found
2026-08-03 14:02:44,438 INFO     [64/90] Checking Redwood...
2026-08-03 14:02:44,813 INFO       Redwood: Found 1 potential sale(s)
2026-08-03 14:02:46,814 INFO     [65/90] Checking Renville...
2026-08-03 14:02:47,155 INFO       Renville: Found 1 potential sale(s)
2026-08-03 14:02:50,321 INFO       Renville: Found 1 potential sale(s)
2026-08-03 14:02:52,322 INFO     [66/90] Checking Rice...
2026-08-03 14:02:52,870 INFO       Rice: No upcoming sales found
2026-08-03 14:02:54,870 INFO     [67/90] Checking Rock...
2026-08-03 14:02:55,043 DEBUG      Rock: Found 5 PDF links, checking...
2026-08-03 14:03:05,365 INFO       Rock: No upcoming sales found
2026-08-03 14:03:07,366 INFO     [68/90] Checking Roseau...
2026-08-03 14:03:08,856 DEBUG      Roseau: Found 3 PDF links, checking...
2026-08-03 14:03:10,800 DEBUG    PDF parse error: No /Root object! - Is this really a PDF?
2026-08-03 14:03:12,630 DEBUG    PDF parse error: No /Root object! - Is this really a PDF?
2026-08-03 14:03:13,744 INFO       Roseau: No upcoming sales found
2026-08-03 14:03:15,745 INFO     [69/90] Checking Saint Louis...
2026-08-03 14:03:16,665 INFO       Saint Louis: Found 1 potential sale(s)
2026-08-03 14:03:18,666 INFO     [70/90] Checking Scott...
2026-08-03 14:03:19,026 INFO       Scott: page states no properties currently for sale
2026-08-03 14:03:19,045 INFO       Scott: No upcoming sales found
2026-08-03 14:03:21,427 INFO       Scott: Found 1 potential sale(s)
2026-08-03 14:03:23,428 INFO     [71/90] Checking Sherburne...
2026-08-03 14:03:23,778 INFO       Sherburne: Found 1 potential sale(s)
2026-08-03 14:03:25,779 INFO     [72/90] Checking Sibley...
2026-08-03 14:03:26,150 INFO       Sibley: Found 1 potential sale(s)
2026-08-03 14:03:28,378 INFO       Sibley: Found 1 potential sale(s)
2026-08-03 14:03:30,378 INFO     [73/90] Checking Stearns...
2026-08-03 14:03:30,864 INFO       Stearns: Found 1 potential sale(s)
2026-08-03 14:03:32,864 INFO     [74/90] Checking Steele...
2026-08-03 14:03:33,189 INFO       Steele: Found 1 potential sale(s)
2026-08-03 14:03:35,190 INFO     [75/90] Checking Stevens...
2026-08-03 14:03:36,055 INFO       Stevens: Found 1 potential sale(s)
2026-08-03 14:03:38,056 INFO     [76/90] Checking Swift...
2026-08-03 14:03:38,559 INFO       Swift: Found 1 potential sale(s)
2026-08-03 14:03:40,872 INFO       Swift: Found 1 potential sale(s)
2026-08-03 14:03:42,872 INFO     [77/90] Checking Todd...
2026-08-03 14:03:43,355 INFO       Todd: Found 1 potential sale(s)
2026-08-03 14:03:45,634 INFO       Todd: Found 1 potential sale(s)
2026-08-03 14:03:47,635 INFO     [78/90] Checking Traverse...
2026-08-03 14:03:47,971 INFO       Traverse: No upcoming sales found
2026-08-03 14:03:49,972 INFO     [79/90] Checking Wabasha...
2026-08-03 14:03:50,129 INFO       Wabasha: Found 1 potential sale(s)
2026-08-03 14:03:52,129 INFO     [80/90] Checking Wadena...
2026-08-03 14:03:52,741 INFO       Wadena: Found 1 potential sale(s)
2026-08-03 14:03:54,741 INFO     [81/90] Checking Waseca...
2026-08-03 14:03:55,117 INFO       Waseca: Found 1 potential sale(s)
2026-08-03 14:03:57,117 INFO     [82/90] Checking Washington...
2026-08-03 14:03:57,612 INFO       Washington: page states no properties currently for sale
2026-08-03 14:03:57,632 INFO       Washington: No upcoming sales found
2026-08-03 14:03:59,927 WARNING    Washington: http_404
2026-08-03 14:04:01,928 INFO     [83/90] Checking Watonwan...
2026-08-03 14:04:02,514 INFO       Watonwan: Found 1 potential sale(s)
2026-08-03 14:04:04,515 INFO     [84/90] Checking Wilkin...
2026-08-03 14:04:05,322 INFO       Wilkin: Found 1 potential sale(s)
2026-08-03 14:04:07,323 INFO     [85/90] Checking Winona...
2026-08-03 14:04:07,945 INFO       Winona: Found 1 potential sale(s)
2026-08-03 14:04:09,946 INFO     [86/90] Checking Wright...
2026-08-03 14:04:10,421 INFO       Wright: Found 1 potential sale(s)
2026-08-03 14:04:12,851 INFO       Wright: Found 1 potential sale(s)
2026-08-03 14:04:14,852 INFO     [87/90] Checking Yellow Medicine...
2026-08-03 14:04:15,161 INFO       Yellow Medicine: Found 1 potential sale(s)
2026-08-03 14:04:17,162 INFO     [88/90] Checking DNR...
2026-08-03 14:04:17,854 INFO       DNR: Found 1 potential sale(s)
2026-08-03 14:04:19,855 INFO     [89/90] Checking MN DOT...
2026-08-03 14:04:20,020 INFO       MN DOT: Found 1 potential sale(s)
2026-08-03 14:04:22,021 INFO     [90/90] Checking Wisconsin...
2026-08-03 14:04:25,398 INFO       Wisconsin: No upcoming sales found
2026-08-03 14:04:27,399 INFO     ============================================================
2026-08-03 14:04:27,399 INFO     Checking complete in 5.8 minutes
2026-08-03 14:04:27,399 INFO     Found 87 unique sales (from 91 raw matches)
2026-08-03 14:04:27,401 INFO     Updated sources CSV with check dates
2026-08-03 14:04:27,402 INFO     Markdown report written to /home/runner/work/mn-tax-forfeiture-tracker/mn-tax-forfeiture-tracker/reports/weekly_report_2026-08-03.md
2026-08-03 14:04:27,403 INFO     CSV report written to /home/runner/work/mn-tax-forfeiture-tracker/mn-tax-forfeiture-tracker/reports/weekly_report_2026-08-03.csv
2026-08-03 14:04:27,404 INFO     Check log written to /home/runner/work/mn-tax-forfeiture-tracker/mn-tax-forfeiture-tracker/logs/check_log_2026-08-03.csv
2026-08-03 14:04:27,404 INFO     ============================================================
2026-08-03 14:04:27,404 INFO     SUMMARY
2026-08-03 14:04:27,404 INFO       Total sources checked: 111
2026-08-03 14:04:27,404 INFO       Unique sales found: 87
2026-08-03 14:04:27,404 INFO       error_http_403: 1
2026-08-03 14:04:27,404 INFO       error_http_404: 1
2026-08-03 14:04:27,405 INFO       error_ssl_error: 1
2026-08-03 14:04:27,405 INFO       needs_manual_review: 5
2026-08-03 14:04:27,405 INFO       no_sale_found: 16
2026-08-03 14:04:27,405 INFO       sale_found: 87
2026-08-03 14:04:27,405 INFO       Elapsed time: 5.8 minutes
2026-08-03 14:04:27,405 INFO     ============================================================
