2026-09-07 16:38:26,308 INFO     ============================================================
2026-09-07 16:38:26,308 INFO     Minnesota Tax-Forfeited Land Sale Checker
2026-09-07 16:38:26,308 INFO     Run date: 2026-09-07
2026-09-07 16:38:26,309 INFO     ============================================================
2026-09-07 16:38:26,311 INFO     Loaded 90 sources from CSV
2026-09-07 16:38:26,312 INFO     [1/90] Checking Aitkin...
2026-09-07 16:38:27,033 INFO       Aitkin: Found 1 potential sale(s)
2026-09-07 16:38:29,034 INFO     [2/90] Checking Anoka...
2026-09-07 16:38:29,818 INFO       Anoka: Found 1 potential sale(s)
2026-09-07 16:38:31,818 INFO     [3/90] Checking Becker...
2026-09-07 16:38:32,885 INFO       Becker: Page too short, flagged for manual review
2026-09-07 16:38:34,886 INFO     [4/90] Checking Beltrami...
2026-09-07 16:38:35,170 INFO       Beltrami: Found 1 potential sale(s)
2026-09-07 16:38:37,170 INFO     [5/90] Checking Benton...
2026-09-07 16:38:38,006 INFO       Benton: Found 1 potential sale(s)
2026-09-07 16:38:40,006 INFO     [6/90] Checking Big Stone...
2026-09-07 16:38:41,239 INFO       Big Stone: Found 1 potential sale(s)
2026-09-07 16:38:43,239 INFO     [7/90] Checking Blue Earth...
2026-09-07 16:38:43,721 INFO       Blue Earth: Found 1 potential sale(s)
2026-09-07 16:38:45,722 INFO     [8/90] Checking Brown...
2026-09-07 16:38:46,173 INFO       Brown: Found 1 potential sale(s)
2026-09-07 16:38:48,173 INFO     [9/90] Checking Carlton...
2026-09-07 16:38:49,047 INFO       Carlton: Found 1 potential sale(s)
2026-09-07 16:38:51,048 INFO     [10/90] Checking Carver...
2026-09-07 16:38:52,296 INFO       Carver: Found 1 potential sale(s)
2026-09-07 16:38:54,297 INFO     [11/90] Checking Cass...
2026-09-07 16:38:54,706 INFO       Cass: Found 1 potential sale(s)
2026-09-07 16:38:56,706 INFO     [12/90] Checking Chippewa...
2026-09-07 16:38:57,621 INFO       Chippewa: Found 1 potential sale(s)
2026-09-07 16:38:59,622 INFO     [13/90] Checking Chisago...
2026-09-07 16:39:00,067 INFO       Chisago: Found 1 potential sale(s)
2026-09-07 16:39:02,068 INFO     [14/90] Checking Clay...
2026-09-07 16:39:02,567 INFO       Clay: Found 1 potential sale(s)
2026-09-07 16:39:04,567 INFO     [15/90] Checking Clearwater...
2026-09-07 16:39:04,847 INFO       Clearwater: Found 1 potential sale(s)
2026-09-07 16:39:06,847 INFO     [16/90] Checking Cook...
2026-09-07 16:39:07,538 INFO       Cook: Found 1 potential sale(s)
2026-09-07 16:39:09,539 INFO     [17/90] Checking Cottonwood...
2026-09-07 16:39:09,963 INFO       Cottonwood: Found 1 potential sale(s)
2026-09-07 16:39:12,451 INFO       Cottonwood: Found 1 potential sale(s)
2026-09-07 16:39:14,452 INFO     [18/90] Checking Crow Wing...
2026-09-07 16:39:15,157 INFO       Crow Wing: Found 1 potential sale(s)
2026-09-07 16:39:17,157 INFO     [19/90] Checking Dakota...
2026-09-07 16:39:17,412 INFO       Dakota: page states no properties currently for sale
2026-09-07 16:39:17,434 DEBUG      Dakota: Found 2 PDF links, checking...
2026-09-07 16:39:20,170 INFO       Dakota: Found 2 potential sale(s)
2026-09-07 16:39:22,171 INFO     [20/90] Checking Dodge...
2026-09-07 16:39:22,305 INFO       Dodge: Found 1 potential sale(s)
2026-09-07 16:39:24,305 INFO     [21/90] Checking Douglas...
2026-09-07 16:39:24,697 INFO       Douglas: Found 1 potential sale(s)
2026-09-07 16:39:27,907 INFO       Douglas: Found 1 potential sale(s)
2026-09-07 16:39:29,908 INFO     [22/90] Checking Faribault...
2026-09-07 16:39:30,464 INFO       Faribault: Found 1 potential sale(s)
2026-09-07 16:39:33,607 INFO       Faribault: Found 1 potential sale(s)
2026-09-07 16:39:35,608 INFO     [23/90] Checking Fillmore...
2026-09-07 16:39:35,957 INFO       Fillmore: Found 1 potential sale(s)
2026-09-07 16:39:37,958 INFO     [24/90] Checking Freeborn...
2026-09-07 16:39:39,027 INFO       Freeborn: Found 2 potential sale(s)
2026-09-07 16:39:41,028 INFO     [25/90] Checking Goodhue...
2026-09-07 16:39:41,785 INFO       Goodhue: Found 1 potential sale(s)
2026-09-07 16:39:43,786 INFO     [26/90] Checking Grant...
2026-09-07 16:39:44,473 INFO       Grant: Found 1 potential sale(s)
2026-09-07 16:39:46,473 INFO     [27/90] Checking Hennepin...
2026-09-07 16:39:48,918 INFO       Hennepin: Found 1 potential sale(s)
2026-09-07 16:39:51,098 INFO       Hennepin: Page too short, flagged for manual review
2026-09-07 16:39:53,099 INFO     [28/90] Checking Houston...
2026-09-07 16:39:53,202 WARNING    Houston: ssl_error: HTTPSConnectionPool(host='www.co.houston.mn.us', port=443): Max retries exceeded with url: /departments/auditor-treasurer/ (Caused by SSLError(SSLError(1, '[SSL: SSLV3_ALERT_HANDSHAKE_FAILURE] sslv3 alert handshake failure (_ssl.c:1016)')))
2026-09-07 16:39:55,203 INFO     [29/90] Checking Hubbard...
2026-09-07 16:39:55,546 INFO       Hubbard: Found 1 potential sale(s)
2026-09-07 16:39:57,547 INFO     [30/90] Checking Isanti...
2026-09-07 16:39:57,998 INFO       Isanti: Found 2 potential sale(s)
2026-09-07 16:39:59,999 INFO     [31/90] Checking Itasca...
2026-09-07 16:40:00,787 INFO       Itasca: Found 1 potential sale(s)
2026-09-07 16:40:03,634 INFO       Itasca: Found 1 potential sale(s)
2026-09-07 16:40:05,635 INFO     [32/90] Checking Jackson...
2026-09-07 16:40:06,233 INFO       Jackson: Found 1 potential sale(s)
2026-09-07 16:40:08,234 INFO     [33/90] Checking Kanabec...
2026-09-07 16:40:08,527 INFO       Kanabec: Found 1 potential sale(s)
2026-09-07 16:40:10,528 INFO     [34/90] Checking Kandiyohi...
2026-09-07 16:40:10,869 INFO       Kandiyohi: Found 1 potential sale(s)
2026-09-07 16:40:12,870 INFO     [35/90] Checking Kittson...
2026-09-07 16:40:13,216 INFO       Kittson: Found 1 potential sale(s)
2026-09-07 16:40:15,216 INFO     [36/90] Checking Koochiching...
2026-09-07 16:40:15,998 INFO       Koochiching: Found 1 potential sale(s)
2026-09-07 16:40:17,999 INFO     [37/90] Checking Lac qui Parle...
2026-09-07 16:40:18,877 INFO       Lac qui Parle: Found 1 potential sale(s)
2026-09-07 16:40:20,878 INFO     [38/90] Checking Lake...
2026-09-07 16:40:21,420 INFO       Lake: Found 1 potential sale(s)
2026-09-07 16:40:23,421 INFO     [39/90] Checking Lake of the Woods...
2026-09-07 16:40:26,177 INFO       Lake of the Woods: Found 1 potential sale(s)
2026-09-07 16:40:31,448 INFO       Lake of the Woods: Found 1 potential sale(s)
2026-09-07 16:40:33,449 INFO     [40/90] Checking Le Sueur...
2026-09-07 16:40:33,925 INFO       Le Sueur: page states no properties currently for sale
2026-09-07 16:40:33,925 INFO       Le Sueur: No upcoming sales found
2026-09-07 16:40:36,749 INFO       Le Sueur: Found 1 potential sale(s)
2026-09-07 16:40:38,750 INFO     [41/90] Checking Lincoln...
2026-09-07 16:40:39,244 DEBUG      Lincoln: Found 4 PDF links, checking...
2026-09-07 16:40:45,545 INFO       Lincoln: No upcoming sales found
2026-09-07 16:40:47,546 INFO     [42/90] Checking Lyon...
2026-09-07 16:40:48,958 INFO       Lyon: Found 1 potential sale(s)
2026-09-07 16:40:50,959 INFO     [43/90] Checking Mahnomen...
2026-09-07 16:40:51,284 INFO       Mahnomen: Found 1 potential sale(s)
2026-09-07 16:40:53,862 INFO       Mahnomen: Found 1 potential sale(s)
2026-09-07 16:40:55,863 INFO     [44/90] Checking Marshall...
2026-09-07 16:40:56,107 DEBUG      Marshall: Found 2 PDF links, checking...
2026-09-07 16:40:58,369 INFO       Marshall: No upcoming sales found
2026-09-07 16:41:00,370 INFO     [45/90] Checking Martin...
2026-09-07 16:41:00,527 INFO       Martin: Found 1 potential sale(s)
2026-09-07 16:41:02,528 INFO     [46/90] Checking McLeod...
2026-09-07 16:41:03,398 INFO       McLeod: Found 1 potential sale(s)
2026-09-07 16:41:05,398 INFO     [47/90] Checking Meeker...
2026-09-07 16:41:06,293 INFO       Meeker: Found 1 potential sale(s)
2026-09-07 16:41:08,293 INFO     [48/90] Checking Mille Lacs...
2026-09-07 16:41:08,821 INFO       Mille Lacs: Found 1 potential sale(s)
2026-09-07 16:41:10,822 INFO     [49/90] Checking Morrison...
2026-09-07 16:41:11,635 INFO       Morrison: Found 1 potential sale(s)
2026-09-07 16:41:13,636 INFO     [50/90] Checking Mower...
2026-09-07 16:41:14,233 INFO       Mower: Found 1 potential sale(s)
2026-09-07 16:41:16,234 INFO     [51/90] Checking Murray...
2026-09-07 16:41:16,375 DEBUG      Murray: Found 2 PDF links, checking...
2026-09-07 16:41:18,976 INFO       Murray: No upcoming sales found
2026-09-07 16:41:21,120 DEBUG      Murray: Found 1 PDF links, checking...
2026-09-07 16:41:25,135 INFO       Murray: No upcoming sales found
2026-09-07 16:41:27,136 INFO     [52/90] Checking Nicollet...
2026-09-07 16:41:27,880 INFO       Nicollet: Found 1 potential sale(s)
2026-09-07 16:41:29,880 INFO     [53/90] Checking Nobles...
2026-09-07 16:41:32,608 INFO       Nobles: Found 1 potential sale(s)
2026-09-07 16:41:34,609 INFO     [54/90] Checking Norman...
2026-09-07 16:41:35,343 INFO       Norman: Found 1 potential sale(s)
2026-09-07 16:41:37,343 INFO     [55/90] Checking Olmsted...
2026-09-07 16:41:37,578 INFO       Olmsted: Found 1 potential sale(s)
2026-09-07 16:41:39,579 INFO     [56/90] Checking Otter Tail...
2026-09-07 16:41:39,669 WARNING    Otter Tail: http_403
2026-09-07 16:41:41,910 INFO       Otter Tail: No upcoming sales found
2026-09-07 16:41:43,911 INFO     [57/90] Checking Pennington...
2026-09-07 16:41:44,978 INFO       Pennington: Found 1 potential sale(s)
2026-09-07 16:41:46,978 INFO     [58/90] Checking Pine...
2026-09-07 16:41:47,717 INFO       Pine: Found 1 potential sale(s)
2026-09-07 16:41:49,718 INFO     [59/90] Checking Pipestone...
2026-09-07 16:41:49,922 DEBUG      Pipestone: Found 3 PDF links, checking...
2026-09-07 16:41:53,575 INFO       Pipestone: No upcoming sales found
2026-09-07 16:41:55,576 INFO     [60/90] Checking Polk...
2026-09-07 16:41:56,147 INFO       Polk: Found 1 potential sale(s)
2026-09-07 16:41:58,684 INFO       Polk: Found 1 potential sale(s)
2026-09-07 16:42:00,685 INFO     [61/90] Checking Pope...
2026-09-07 16:42:02,427 INFO       Pope: Found 1 potential sale(s)
2026-09-07 16:42:05,423 INFO       Pope: Found 1 potential sale(s)
2026-09-07 16:42:07,423 INFO     [62/90] Checking Ramsey...
2026-09-07 16:42:07,513 INFO       Ramsey: Found 1 potential sale(s)
2026-09-07 16:42:09,593 INFO       Ramsey: Found 1 potential sale(s)
2026-09-07 16:42:11,594 INFO     [63/90] Checking Red Lake...
2026-09-07 16:42:11,908 INFO       Red Lake: Found 1 potential sale(s)
2026-09-07 16:42:14,233 DEBUG      Red Lake: Found 1 PDF links, checking...
2026-09-07 16:42:15,605 INFO       Red Lake: No upcoming sales found
2026-09-07 16:42:17,606 INFO     [64/90] Checking Redwood...
2026-09-07 16:42:17,925 INFO       Redwood: Found 1 potential sale(s)
2026-09-07 16:42:19,925 INFO     [65/90] Checking Renville...
2026-09-07 16:42:20,531 INFO       Renville: Found 1 potential sale(s)
2026-09-07 16:42:23,670 INFO       Renville: Found 1 potential sale(s)
2026-09-07 16:42:25,671 INFO     [66/90] Checking Rice...
2026-09-07 16:42:26,121 INFO       Rice: No upcoming sales found
2026-09-07 16:42:28,122 INFO     [67/90] Checking Rock...
2026-09-07 16:42:28,297 DEBUG      Rock: Found 5 PDF links, checking...
2026-09-07 16:42:37,554 INFO       Rock: No upcoming sales found
2026-09-07 16:42:39,555 INFO     [68/90] Checking Roseau...
2026-09-07 16:42:41,078 DEBUG      Roseau: Found 3 PDF links, checking...
2026-09-07 16:42:43,000 DEBUG    PDF parse error: No /Root object! - Is this really a PDF?
2026-09-07 16:42:45,278 DEBUG    PDF parse error: No /Root object! - Is this really a PDF?
2026-09-07 16:42:46,370 INFO       Roseau: No upcoming sales found
2026-09-07 16:42:48,371 INFO     [69/90] Checking Saint Louis...
2026-09-07 16:42:49,491 INFO       Saint Louis: Found 1 potential sale(s)
2026-09-07 16:42:51,492 INFO     [70/90] Checking Scott...
2026-09-07 16:42:52,090 INFO       Scott: page states no properties currently for sale
2026-09-07 16:42:52,110 INFO       Scott: No upcoming sales found
2026-09-07 16:42:54,693 INFO       Scott: Found 1 potential sale(s)
2026-09-07 16:42:56,694 INFO     [71/90] Checking Sherburne...
2026-09-07 16:42:57,104 INFO       Sherburne: Found 1 potential sale(s)
2026-09-07 16:42:59,104 INFO     [72/90] Checking Sibley...
2026-09-07 16:42:59,493 INFO       Sibley: Found 1 potential sale(s)
2026-09-07 16:43:01,792 INFO       Sibley: Found 1 potential sale(s)
2026-09-07 16:43:03,792 INFO     [73/90] Checking Stearns...
2026-09-07 16:43:04,534 INFO       Stearns: Found 1 potential sale(s)
2026-09-07 16:43:06,534 INFO     [74/90] Checking Steele...
2026-09-07 16:43:07,253 WARNING    Steele: ssl_error: HTTPSConnectionPool(host='www.co.steele.mn.us', port=443): Max retries exceeded with url: /divisions/land_use_and_records/auditor/tax_forfeited_properties_for_sale.php (Caused by SSLError(SSLCertVerificationError(1, '[SSL: CERTIFICATE_VERIFY_FAILED] certificate verify failed: unable to get local issuer certificate (_ssl.c:1016)')))
2026-09-07 16:43:09,254 INFO     [75/90] Checking Stevens...
2026-09-07 16:43:09,921 INFO       Stevens: Found 1 potential sale(s)
2026-09-07 16:43:11,922 INFO     [76/90] Checking Swift...
2026-09-07 16:43:12,292 INFO       Swift: Found 1 potential sale(s)
2026-09-07 16:43:15,523 INFO       Swift: Found 1 potential sale(s)
2026-09-07 16:43:17,524 INFO     [77/90] Checking Todd...
2026-09-07 16:43:17,808 INFO       Todd: Found 1 potential sale(s)
2026-09-07 16:43:20,094 INFO       Todd: Found 1 potential sale(s)
2026-09-07 16:43:22,095 INFO     [78/90] Checking Traverse...
2026-09-07 16:43:22,437 INFO       Traverse: No upcoming sales found
2026-09-07 16:43:24,438 INFO     [79/90] Checking Wabasha...
2026-09-07 16:43:24,540 INFO       Wabasha: Found 1 potential sale(s)
2026-09-07 16:43:26,541 INFO     [80/90] Checking Wadena...
2026-09-07 16:43:27,213 INFO       Wadena: Found 1 potential sale(s)
2026-09-07 16:43:29,213 INFO     [81/90] Checking Waseca...
2026-09-07 16:43:29,734 INFO       Waseca: Found 1 potential sale(s)
2026-09-07 16:43:31,735 INFO     [82/90] Checking Washington...
2026-09-07 16:43:32,286 INFO       Washington: page states no properties currently for sale
2026-09-07 16:43:32,304 INFO       Washington: No upcoming sales found
2026-09-07 16:43:34,674 WARNING    Washington: http_404
2026-09-07 16:43:36,675 INFO     [83/90] Checking Watonwan...
2026-09-07 16:43:37,279 INFO       Watonwan: Found 1 potential sale(s)
2026-09-07 16:43:39,279 INFO     [84/90] Checking Wilkin...
2026-09-07 16:43:39,733 INFO       Wilkin: Found 1 potential sale(s)
2026-09-07 16:43:41,733 INFO     [85/90] Checking Winona...
2026-09-07 16:43:42,702 INFO       Winona: Found 1 potential sale(s)
2026-09-07 16:43:44,703 INFO     [86/90] Checking Wright...
2026-09-07 16:43:45,351 INFO       Wright: Found 1 potential sale(s)
2026-09-07 16:43:47,837 INFO       Wright: Found 1 potential sale(s)
2026-09-07 16:43:49,838 INFO     [87/90] Checking Yellow Medicine...
2026-09-07 16:43:50,155 INFO       Yellow Medicine: Found 1 potential sale(s)
2026-09-07 16:43:52,156 INFO     [88/90] Checking DNR...
2026-09-07 16:43:52,309 INFO       DNR: Found 1 potential sale(s)
2026-09-07 16:43:54,310 INFO     [89/90] Checking MN DOT...
2026-09-07 16:43:54,758 INFO       MN DOT: Found 1 potential sale(s)
2026-09-07 16:43:56,759 INFO     [90/90] Checking Wisconsin...
2026-09-07 16:43:58,651 INFO       Wisconsin: No upcoming sales found
2026-09-07 16:44:00,652 INFO     ============================================================
2026-09-07 16:44:00,652 INFO     Checking complete in 5.6 minutes
2026-09-07 16:44:00,652 INFO     Found 88 unique sales (from 93 raw matches)
2026-09-07 16:44:00,654 INFO     Updated sources CSV with check dates
2026-09-07 16:44:00,655 INFO     Markdown report written to /home/runner/work/mn-tax-forfeiture-tracker/mn-tax-forfeiture-tracker/reports/weekly_report_2026-09-07.md
2026-09-07 16:44:00,656 INFO     CSV report written to /home/runner/work/mn-tax-forfeiture-tracker/mn-tax-forfeiture-tracker/reports/weekly_report_2026-09-07.csv
2026-09-07 16:44:00,657 INFO     Check log written to /home/runner/work/mn-tax-forfeiture-tracker/mn-tax-forfeiture-tracker/logs/check_log_2026-09-07.csv
2026-09-07 16:44:00,657 INFO     ============================================================
2026-09-07 16:44:00,657 INFO     SUMMARY
2026-09-07 16:44:00,657 INFO       Total sources checked: 111
2026-09-07 16:44:00,657 INFO       Unique sales found: 88
2026-09-07 16:44:00,657 INFO       error_http_403: 1
2026-09-07 16:44:00,657 INFO       error_http_404: 1
2026-09-07 16:44:00,657 INFO       error_ssl_error: 2
2026-09-07 16:44:00,657 INFO       needs_manual_review: 2
2026-09-07 16:44:00,657 INFO       no_sale_found: 15
2026-09-07 16:44:00,657 INFO       sale_found: 90
2026-09-07 16:44:00,657 INFO       Elapsed time: 5.6 minutes
2026-09-07 16:44:00,658 INFO     ============================================================
