2026-08-31 18:06:33,272 INFO     ============================================================
2026-08-31 18:06:33,272 INFO     Minnesota Tax-Forfeited Land Sale Checker
2026-08-31 18:06:33,272 INFO     Run date: 2026-08-31
2026-08-31 18:06:33,272 INFO     ============================================================
2026-08-31 18:06:33,274 INFO     Loaded 90 sources from CSV
2026-08-31 18:06:33,275 INFO     [1/90] Checking Aitkin...
2026-08-31 18:06:33,608 INFO       Aitkin: Found 1 potential sale(s)
2026-08-31 18:06:35,608 INFO     [2/90] Checking Anoka...
2026-08-31 18:06:36,614 INFO       Anoka: Found 1 potential sale(s)
2026-08-31 18:06:38,615 INFO     [3/90] Checking Becker...
2026-08-31 18:06:39,459 INFO       Becker: Page too short, flagged for manual review
2026-08-31 18:06:41,460 INFO     [4/90] Checking Beltrami...
2026-08-31 18:06:42,050 INFO       Beltrami: Found 1 potential sale(s)
2026-08-31 18:06:44,051 INFO     [5/90] Checking Benton...
2026-08-31 18:06:45,141 INFO       Benton: Found 1 potential sale(s)
2026-08-31 18:06:47,142 INFO     [6/90] Checking Big Stone...
2026-08-31 18:06:50,165 INFO       Big Stone: Found 1 potential sale(s)
2026-08-31 18:06:52,166 INFO     [7/90] Checking Blue Earth...
2026-08-31 18:06:52,982 INFO       Blue Earth: Found 1 potential sale(s)
2026-08-31 18:06:54,982 INFO     [8/90] Checking Brown...
2026-08-31 18:06:55,533 INFO       Brown: Found 1 potential sale(s)
2026-08-31 18:06:57,534 INFO     [9/90] Checking Carlton...
2026-08-31 18:06:58,636 INFO       Carlton: Found 1 potential sale(s)
2026-08-31 18:07:00,636 INFO     [10/90] Checking Carver...
2026-08-31 18:07:01,653 INFO       Carver: Found 1 potential sale(s)
2026-08-31 18:07:03,654 INFO     [11/90] Checking Cass...
2026-08-31 18:07:04,416 INFO       Cass: Found 1 potential sale(s)
2026-08-31 18:07:06,417 INFO     [12/90] Checking Chippewa...
2026-08-31 18:07:07,568 INFO       Chippewa: Found 1 potential sale(s)
2026-08-31 18:07:09,569 INFO     [13/90] Checking Chisago...
2026-08-31 18:07:10,429 INFO       Chisago: Found 1 potential sale(s)
2026-08-31 18:07:12,429 INFO     [14/90] Checking Clay...
2026-08-31 18:07:13,077 INFO       Clay: Found 1 potential sale(s)
2026-08-31 18:07:15,077 INFO     [15/90] Checking Clearwater...
2026-08-31 18:07:15,823 INFO       Clearwater: Found 1 potential sale(s)
2026-08-31 18:07:17,823 INFO     [16/90] Checking Cook...
2026-08-31 18:07:18,484 INFO       Cook: Found 1 potential sale(s)
2026-08-31 18:07:20,484 INFO     [17/90] Checking Cottonwood...
2026-08-31 18:07:20,828 INFO       Cottonwood: Found 1 potential sale(s)
2026-08-31 18:07:23,121 INFO       Cottonwood: Found 1 potential sale(s)
2026-08-31 18:07:25,121 INFO     [18/90] Checking Crow Wing...
2026-08-31 18:07:25,978 INFO       Crow Wing: Found 1 potential sale(s)
2026-08-31 18:07:27,979 INFO     [19/90] Checking Dakota...
2026-08-31 18:07:28,777 INFO       Dakota: page states no properties currently for sale
2026-08-31 18:07:28,799 DEBUG      Dakota: Found 1 PDF links, checking...
2026-08-31 18:07:30,241 INFO       Dakota: Found 1 potential sale(s)
2026-08-31 18:07:32,241 INFO     [20/90] Checking Dodge...
2026-08-31 18:07:33,008 INFO       Dodge: Found 1 potential sale(s)
2026-08-31 18:07:35,008 INFO     [21/90] Checking Douglas...
2026-08-31 18:07:50,720 INFO       Douglas: Found 1 potential sale(s)
2026-08-31 18:07:53,998 INFO       Douglas: Found 1 potential sale(s)
2026-08-31 18:07:55,998 INFO     [22/90] Checking Faribault...
2026-08-31 18:07:56,499 INFO       Faribault: Found 1 potential sale(s)
2026-08-31 18:07:59,520 INFO       Faribault: Found 1 potential sale(s)
2026-08-31 18:08:01,521 INFO     [23/90] Checking Fillmore...
2026-08-31 18:08:01,898 INFO       Fillmore: Found 1 potential sale(s)
2026-08-31 18:08:03,899 INFO     [24/90] Checking Freeborn...
2026-08-31 18:08:05,134 INFO       Freeborn: Found 1 potential sale(s)
2026-08-31 18:08:07,135 INFO     [25/90] Checking Goodhue...
2026-08-31 18:08:08,494 INFO       Goodhue: Found 1 potential sale(s)
2026-08-31 18:08:10,494 INFO     [26/90] Checking Grant...
2026-08-31 18:08:11,448 INFO       Grant: Found 1 potential sale(s)
2026-08-31 18:08:13,449 INFO     [27/90] Checking Hennepin...
2026-08-31 18:08:15,772 INFO       Hennepin: Found 1 potential sale(s)
2026-08-31 18:08:18,135 INFO       Hennepin: Page too short, flagged for manual review
2026-08-31 18:08:20,136 INFO     [28/90] Checking Houston...
2026-08-31 18:08:20,499 WARNING    Houston: ssl_error: HTTPSConnectionPool(host='www.co.houston.mn.us', port=443): Max retries exceeded with url: /departments/auditor-treasurer/ (Caused by SSLError(SSLError(1, '[SSL: SSLV3_ALERT_HANDSHAKE_FAILURE] sslv3 alert handshake failure (_ssl.c:1016)')))
2026-08-31 18:08:22,499 INFO     [29/90] Checking Hubbard...
2026-08-31 18:08:23,599 INFO       Hubbard: Found 1 potential sale(s)
2026-08-31 18:08:25,600 INFO     [30/90] Checking Isanti...
2026-08-31 18:08:26,295 INFO       Isanti: Found 2 potential sale(s)
2026-08-31 18:08:28,296 INFO     [31/90] Checking Itasca...
2026-08-31 18:08:29,377 INFO       Itasca: Found 1 potential sale(s)
2026-08-31 18:08:32,426 INFO       Itasca: Found 1 potential sale(s)
2026-08-31 18:08:34,426 INFO     [32/90] Checking Jackson...
2026-08-31 18:08:35,175 INFO       Jackson: Found 1 potential sale(s)
2026-08-31 18:08:37,175 INFO     [33/90] Checking Kanabec...
2026-08-31 18:08:37,767 INFO       Kanabec: Found 1 potential sale(s)
2026-08-31 18:08:39,768 INFO     [34/90] Checking Kandiyohi...
2026-08-31 18:08:40,191 INFO       Kandiyohi: Found 1 potential sale(s)
2026-08-31 18:08:42,192 INFO     [35/90] Checking Kittson...
2026-08-31 18:08:42,463 INFO       Kittson: Found 1 potential sale(s)
2026-08-31 18:08:44,464 INFO     [36/90] Checking Koochiching...
2026-08-31 18:08:45,592 INFO       Koochiching: Found 1 potential sale(s)
2026-08-31 18:08:47,592 INFO     [37/90] Checking Lac qui Parle...
2026-08-31 18:08:49,116 INFO       Lac qui Parle: Found 1 potential sale(s)
2026-08-31 18:08:51,117 INFO     [38/90] Checking Lake...
2026-08-31 18:08:51,677 INFO       Lake: Found 1 potential sale(s)
2026-08-31 18:08:53,677 INFO     [39/90] Checking Lake of the Woods...
2026-08-31 18:08:54,453 INFO       Lake of the Woods: Found 1 potential sale(s)
2026-08-31 18:09:00,075 INFO       Lake of the Woods: Found 1 potential sale(s)
2026-08-31 18:09:02,076 INFO     [40/90] Checking Le Sueur...
2026-08-31 18:09:02,753 INFO       Le Sueur: page states no properties currently for sale
2026-08-31 18:09:02,753 INFO       Le Sueur: No upcoming sales found
2026-08-31 18:09:05,868 INFO       Le Sueur: Found 1 potential sale(s)
2026-08-31 18:09:07,869 INFO     [41/90] Checking Lincoln...
2026-08-31 18:09:08,241 DEBUG      Lincoln: Found 4 PDF links, checking...
2026-08-31 18:09:14,429 INFO       Lincoln: No upcoming sales found
2026-08-31 18:09:16,429 INFO     [42/90] Checking Lyon...
2026-08-31 18:09:17,405 INFO       Lyon: Found 1 potential sale(s)
2026-08-31 18:09:19,405 INFO     [43/90] Checking Mahnomen...
2026-08-31 18:09:19,722 INFO       Mahnomen: Found 1 potential sale(s)
2026-08-31 18:09:22,038 INFO       Mahnomen: Found 1 potential sale(s)
2026-08-31 18:09:24,038 INFO     [44/90] Checking Marshall...
2026-08-31 18:09:25,191 DEBUG      Marshall: Found 2 PDF links, checking...
2026-08-31 18:09:28,246 INFO       Marshall: No upcoming sales found
2026-08-31 18:09:30,247 INFO     [45/90] Checking Martin...
2026-08-31 18:09:30,812 INFO       Martin: Found 1 potential sale(s)
2026-08-31 18:09:32,812 INFO     [46/90] Checking McLeod...
2026-08-31 18:09:33,445 INFO       McLeod: Found 1 potential sale(s)
2026-08-31 18:09:35,445 INFO     [47/90] Checking Meeker...
2026-08-31 18:09:36,389 INFO       Meeker: Found 1 potential sale(s)
2026-08-31 18:09:38,390 INFO     [48/90] Checking Mille Lacs...
2026-08-31 18:09:39,110 INFO       Mille Lacs: Found 1 potential sale(s)
2026-08-31 18:09:41,110 INFO     [49/90] Checking Morrison...
2026-08-31 18:09:41,831 INFO       Morrison: Found 1 potential sale(s)
2026-08-31 18:09:43,831 INFO     [50/90] Checking Mower...
2026-08-31 18:09:44,454 INFO       Mower: Found 1 potential sale(s)
2026-08-31 18:09:46,455 INFO     [51/90] Checking Murray...
2026-08-31 18:09:47,008 DEBUG      Murray: Found 2 PDF links, checking...
2026-08-31 18:09:50,098 INFO       Murray: No upcoming sales found
2026-08-31 18:09:52,456 DEBUG      Murray: Found 1 PDF links, checking...
2026-08-31 18:09:56,336 INFO       Murray: No upcoming sales found
2026-08-31 18:09:58,337 INFO     [52/90] Checking Nicollet...
2026-08-31 18:09:59,282 INFO       Nicollet: Found 1 potential sale(s)
2026-08-31 18:10:01,283 INFO     [53/90] Checking Nobles...
2026-08-31 18:10:03,092 INFO       Nobles: Found 1 potential sale(s)
2026-08-31 18:10:05,093 INFO     [54/90] Checking Norman...
2026-08-31 18:10:05,712 INFO       Norman: Found 1 potential sale(s)
2026-08-31 18:10:07,712 INFO     [55/90] Checking Olmsted...
2026-08-31 18:10:08,127 INFO       Olmsted: Found 1 potential sale(s)
2026-08-31 18:10:10,127 INFO     [56/90] Checking Otter Tail...
2026-08-31 18:10:10,303 WARNING    Otter Tail: http_403
2026-08-31 18:10:12,472 INFO       Otter Tail: No upcoming sales found
2026-08-31 18:10:14,472 INFO     [57/90] Checking Pennington...
2026-08-31 18:10:15,119 INFO       Pennington: Found 1 potential sale(s)
2026-08-31 18:10:17,120 INFO     [58/90] Checking Pine...
2026-08-31 18:10:17,826 INFO       Pine: Found 1 potential sale(s)
2026-08-31 18:10:19,826 INFO     [59/90] Checking Pipestone...
2026-08-31 18:10:20,342 DEBUG      Pipestone: Found 3 PDF links, checking...
2026-08-31 18:10:24,758 INFO       Pipestone: No upcoming sales found
2026-08-31 18:10:26,759 INFO     [60/90] Checking Polk...
2026-08-31 18:10:27,554 INFO       Polk: Found 1 potential sale(s)
2026-08-31 18:10:30,452 INFO       Polk: Found 1 potential sale(s)
2026-08-31 18:10:32,453 INFO     [61/90] Checking Pope...
2026-08-31 18:10:34,618 INFO       Pope: Found 1 potential sale(s)
2026-08-31 18:10:36,998 INFO       Pope: Found 1 potential sale(s)
2026-08-31 18:10:38,998 INFO     [62/90] Checking Ramsey...
2026-08-31 18:10:39,322 INFO       Ramsey: Found 1 potential sale(s)
2026-08-31 18:10:41,506 INFO       Ramsey: Found 1 potential sale(s)
2026-08-31 18:10:43,506 INFO     [63/90] Checking Red Lake...
2026-08-31 18:10:43,748 INFO       Red Lake: Found 1 potential sale(s)
2026-08-31 18:10:45,998 DEBUG      Red Lake: Found 1 PDF links, checking...
2026-08-31 18:10:47,216 INFO       Red Lake: No upcoming sales found
2026-08-31 18:10:49,217 INFO     [64/90] Checking Redwood...
2026-08-31 18:10:49,889 INFO       Redwood: Found 1 potential sale(s)
2026-08-31 18:10:51,890 INFO     [65/90] Checking Renville...
2026-08-31 18:10:52,362 INFO       Renville: Found 1 potential sale(s)
2026-08-31 18:10:57,345 INFO       Renville: Found 1 potential sale(s)
2026-08-31 18:10:59,346 INFO     [66/90] Checking Rice...
2026-08-31 18:10:59,883 INFO       Rice: No upcoming sales found
2026-08-31 18:11:01,884 INFO     [67/90] Checking Rock...
2026-08-31 18:11:02,307 DEBUG      Rock: Found 5 PDF links, checking...
2026-08-31 18:11:15,497 INFO       Rock: No upcoming sales found
2026-08-31 18:11:17,498 INFO     [68/90] Checking Roseau...
2026-08-31 18:11:18,844 DEBUG      Roseau: Found 3 PDF links, checking...
2026-08-31 18:11:21,038 DEBUG    PDF parse error: No /Root object! - Is this really a PDF?
2026-08-31 18:11:23,228 DEBUG    PDF parse error: No /Root object! - Is this really a PDF?
2026-08-31 18:11:24,431 INFO       Roseau: No upcoming sales found
2026-08-31 18:11:26,432 INFO     [69/90] Checking Saint Louis...
2026-08-31 18:11:27,520 INFO       Saint Louis: Found 1 potential sale(s)
2026-08-31 18:11:29,520 INFO     [70/90] Checking Scott...
2026-08-31 18:11:30,141 INFO       Scott: page states no properties currently for sale
2026-08-31 18:11:30,161 INFO       Scott: No upcoming sales found
2026-08-31 18:11:32,589 INFO       Scott: Found 1 potential sale(s)
2026-08-31 18:11:34,590 INFO     [71/90] Checking Sherburne...
2026-08-31 18:11:35,176 INFO       Sherburne: Found 1 potential sale(s)
2026-08-31 18:11:37,176 INFO     [72/90] Checking Sibley...
2026-08-31 18:11:37,760 INFO       Sibley: Found 1 potential sale(s)
2026-08-31 18:11:39,962 INFO       Sibley: Found 1 potential sale(s)
2026-08-31 18:11:41,962 INFO     [73/90] Checking Stearns...
2026-08-31 18:11:42,946 INFO       Stearns: Found 1 potential sale(s)
2026-08-31 18:11:44,947 INFO     [74/90] Checking Steele...
2026-08-31 18:11:45,921 WARNING    Steele: ssl_error: HTTPSConnectionPool(host='www.co.steele.mn.us', port=443): Max retries exceeded with url: /divisions/land_use_and_records/auditor/tax_forfeited_properties_for_sale.php (Caused by SSLError(SSLCertVerificationError(1, '[SSL: CERTIFICATE_VERIFY_FAILED] certificate verify failed: unable to get local issuer certificate (_ssl.c:1016)')))
2026-08-31 18:11:47,922 INFO     [75/90] Checking Stevens...
2026-08-31 18:11:48,774 INFO       Stevens: Found 1 potential sale(s)
2026-08-31 18:11:50,774 INFO     [76/90] Checking Swift...
2026-08-31 18:11:51,459 INFO       Swift: Found 1 potential sale(s)
2026-08-31 18:11:54,309 INFO       Swift: Found 1 potential sale(s)
2026-08-31 18:11:56,309 INFO     [77/90] Checking Todd...
2026-08-31 18:11:56,564 INFO       Todd: Found 1 potential sale(s)
2026-08-31 18:11:58,812 INFO       Todd: Found 1 potential sale(s)
2026-08-31 18:12:00,812 INFO     [78/90] Checking Traverse...
2026-08-31 18:12:01,323 INFO       Traverse: No upcoming sales found
2026-08-31 18:12:03,323 INFO     [79/90] Checking Wabasha...
2026-08-31 18:12:03,702 INFO       Wabasha: Found 1 potential sale(s)
2026-08-31 18:12:05,703 INFO     [80/90] Checking Wadena...
2026-08-31 18:12:06,645 INFO       Wadena: Found 1 potential sale(s)
2026-08-31 18:12:08,645 INFO     [81/90] Checking Waseca...
2026-08-31 18:12:09,175 INFO       Waseca: Found 1 potential sale(s)
2026-08-31 18:12:11,176 INFO     [82/90] Checking Washington...
2026-08-31 18:12:11,785 INFO       Washington: page states no properties currently for sale
2026-08-31 18:12:11,804 INFO       Washington: No upcoming sales found
2026-08-31 18:12:14,334 WARNING    Washington: http_404
2026-08-31 18:12:16,334 INFO     [83/90] Checking Watonwan...
2026-08-31 18:12:17,251 INFO       Watonwan: Found 1 potential sale(s)
2026-08-31 18:12:19,252 INFO     [84/90] Checking Wilkin...
2026-08-31 18:12:20,427 INFO       Wilkin: Found 1 potential sale(s)
2026-08-31 18:12:22,427 INFO     [85/90] Checking Winona...
2026-08-31 18:12:23,592 INFO       Winona: Found 1 potential sale(s)
2026-08-31 18:12:25,593 INFO     [86/90] Checking Wright...
2026-08-31 18:12:26,485 INFO       Wright: Found 1 potential sale(s)
2026-08-31 18:12:29,402 INFO       Wright: Found 1 potential sale(s)
2026-08-31 18:12:31,402 INFO     [87/90] Checking Yellow Medicine...
2026-08-31 18:12:31,889 INFO       Yellow Medicine: Found 1 potential sale(s)
2026-08-31 18:12:33,889 INFO     [88/90] Checking DNR...
2026-08-31 18:12:34,101 INFO       DNR: Found 1 potential sale(s)
2026-08-31 18:12:36,102 INFO     [89/90] Checking MN DOT...
2026-08-31 18:12:36,419 INFO       MN DOT: Found 1 potential sale(s)
2026-08-31 18:12:38,419 INFO     [90/90] Checking Wisconsin...
2026-08-31 18:12:40,132 INFO       Wisconsin: No upcoming sales found
2026-08-31 18:12:42,133 INFO     ============================================================
2026-08-31 18:12:42,133 INFO     Checking complete in 6.1 minutes
2026-08-31 18:12:42,133 INFO     Found 86 unique sales (from 91 raw matches)
2026-08-31 18:12:42,135 INFO     Updated sources CSV with check dates
2026-08-31 18:12:42,136 INFO     Markdown report written to /home/runner/work/mn-tax-forfeiture-tracker/mn-tax-forfeiture-tracker/reports/weekly_report_2026-08-31.md
2026-08-31 18:12:42,137 INFO     CSV report written to /home/runner/work/mn-tax-forfeiture-tracker/mn-tax-forfeiture-tracker/reports/weekly_report_2026-08-31.csv
2026-08-31 18:12:42,137 INFO     Check log written to /home/runner/work/mn-tax-forfeiture-tracker/mn-tax-forfeiture-tracker/logs/check_log_2026-08-31.csv
2026-08-31 18:12:42,138 INFO     ============================================================
2026-08-31 18:12:42,138 INFO     SUMMARY
2026-08-31 18:12:42,138 INFO       Total sources checked: 111
2026-08-31 18:12:42,138 INFO       Unique sales found: 86
2026-08-31 18:12:42,138 INFO       error_http_403: 1
2026-08-31 18:12:42,138 INFO       error_http_404: 1
2026-08-31 18:12:42,138 INFO       error_ssl_error: 2
2026-08-31 18:12:42,138 INFO       needs_manual_review: 2
2026-08-31 18:12:42,138 INFO       no_sale_found: 15
2026-08-31 18:12:42,138 INFO       sale_found: 90
2026-08-31 18:12:42,138 INFO       Elapsed time: 6.1 minutes
2026-08-31 18:12:42,138 INFO     ============================================================
