2026-07-13 13:40:14,111 INFO     ============================================================
2026-07-13 13:40:14,111 INFO     Minnesota Tax-Forfeited Land Sale Checker
2026-07-13 13:40:14,111 INFO     Run date: 2026-07-13
2026-07-13 13:40:14,111 INFO     ============================================================
2026-07-13 13:40:14,114 INFO     Loaded 90 sources from CSV
2026-07-13 13:40:14,114 INFO     [1/90] Checking Aitkin...
2026-07-13 13:40:14,430 INFO       Aitkin: Found 1 potential sale(s)
2026-07-13 13:40:16,431 INFO     [2/90] Checking Anoka...
2026-07-13 13:40:17,180 INFO       Anoka: Found 1 potential sale(s)
2026-07-13 13:40:19,181 INFO     [3/90] Checking Becker...
2026-07-13 13:40:19,944 INFO       Becker: Found 1 potential sale(s)
2026-07-13 13:40:21,944 INFO     [4/90] Checking Beltrami...
2026-07-13 13:40:22,237 INFO       Beltrami: Found 1 potential sale(s)
2026-07-13 13:40:24,237 INFO     [5/90] Checking Benton...
2026-07-13 13:40:25,031 INFO       Benton: Found 1 potential sale(s)
2026-07-13 13:40:27,032 INFO     [6/90] Checking Big Stone...
2026-07-13 13:40:30,503 INFO       Big Stone: Found 1 potential sale(s)
2026-07-13 13:40:32,504 INFO     [7/90] Checking Blue Earth...
2026-07-13 13:40:33,179 INFO       Blue Earth: Found 1 potential sale(s)
2026-07-13 13:40:35,179 INFO     [8/90] Checking Brown...
2026-07-13 13:40:36,200 INFO       Brown: Found 1 potential sale(s)
2026-07-13 13:40:38,201 INFO     [9/90] Checking Carlton...
2026-07-13 13:40:38,943 INFO       Carlton: Found 1 potential sale(s)
2026-07-13 13:40:40,944 INFO     [10/90] Checking Carver...
2026-07-13 13:40:41,482 INFO       Carver: Found 1 potential sale(s)
2026-07-13 13:40:43,483 INFO     [11/90] Checking Cass...
2026-07-13 13:40:44,029 INFO       Cass: Found 1 potential sale(s)
2026-07-13 13:40:46,029 INFO     [12/90] Checking Chippewa...
2026-07-13 13:40:46,844 INFO       Chippewa: Found 1 potential sale(s)
2026-07-13 13:40:48,844 INFO     [13/90] Checking Chisago...
2026-07-13 13:40:49,450 INFO       Chisago: Found 1 potential sale(s)
2026-07-13 13:40:51,451 INFO     [14/90] Checking Clay...
2026-07-13 13:40:52,031 INFO       Clay: Found 1 potential sale(s)
2026-07-13 13:40:54,031 INFO     [15/90] Checking Clearwater...
2026-07-13 13:40:54,352 INFO       Clearwater: Found 1 potential sale(s)
2026-07-13 13:40:56,353 INFO     [16/90] Checking Cook...
2026-07-13 13:40:57,145 INFO       Cook: Found 1 potential sale(s)
2026-07-13 13:40:59,146 INFO     [17/90] Checking Cottonwood...
2026-07-13 13:40:59,519 INFO       Cottonwood: Found 1 potential sale(s)
2026-07-13 13:41:01,811 INFO       Cottonwood: Found 1 potential sale(s)
2026-07-13 13:41:03,811 INFO     [18/90] Checking Crow Wing...
2026-07-13 13:41:04,545 INFO       Crow Wing: Found 1 potential sale(s)
2026-07-13 13:41:06,546 INFO     [19/90] Checking Dakota...
2026-07-13 13:41:07,100 INFO       Dakota: page states no properties currently for sale
2026-07-13 13:41:07,118 DEBUG      Dakota: Found 1 PDF links, checking...
2026-07-13 13:41:08,341 INFO       Dakota: Found 1 potential sale(s)
2026-07-13 13:41:10,342 INFO     [20/90] Checking Dodge...
2026-07-13 13:41:10,492 INFO       Dodge: Found 1 potential sale(s)
2026-07-13 13:41:12,493 INFO     [21/90] Checking Douglas...
2026-07-13 13:41:29,363 INFO       Douglas: Found 1 potential sale(s)
2026-07-13 13:41:31,867 INFO       Douglas: Found 1 potential sale(s)
2026-07-13 13:41:33,868 INFO     [22/90] Checking Faribault...
2026-07-13 13:41:34,414 INFO       Faribault: Found 1 potential sale(s)
2026-07-13 13:41:36,834 INFO       Faribault: Found 1 potential sale(s)
2026-07-13 13:41:38,835 INFO     [23/90] Checking Fillmore...
2026-07-13 13:41:39,222 INFO       Fillmore: Found 1 potential sale(s)
2026-07-13 13:41:41,223 INFO     [24/90] Checking Freeborn...
2026-07-13 13:41:42,162 INFO       Freeborn: Found 1 potential sale(s)
2026-07-13 13:41:44,163 INFO     [25/90] Checking Goodhue...
2026-07-13 13:41:45,060 INFO       Goodhue: Found 1 potential sale(s)
2026-07-13 13:41:47,061 INFO     [26/90] Checking Grant...
2026-07-13 13:41:47,572 INFO       Grant: Found 1 potential sale(s)
2026-07-13 13:41:49,573 INFO     [27/90] Checking Hennepin...
2026-07-13 13:41:54,403 INFO       Hennepin: Found 1 potential sale(s)
2026-07-13 13:41:56,621 INFO       Hennepin: Page too short, flagged for manual review
2026-07-13 13:41:58,622 INFO     [28/90] Checking Houston...
2026-07-13 13:41:59,410 INFO       Houston: Found 1 potential sale(s)
2026-07-13 13:42:01,410 INFO     [29/90] Checking Hubbard...
2026-07-13 13:42:01,878 INFO       Hubbard: Found 1 potential sale(s)
2026-07-13 13:42:03,879 INFO     [30/90] Checking Isanti...
2026-07-13 13:42:04,646 INFO       Isanti: page states no properties currently for sale
2026-07-13 13:42:04,670 INFO       Isanti: No upcoming sales found
2026-07-13 13:42:06,670 INFO     [31/90] Checking Itasca...
2026-07-13 13:42:07,571 INFO       Itasca: Found 1 potential sale(s)
2026-07-13 13:42:10,419 INFO       Itasca: Found 1 potential sale(s)
2026-07-13 13:42:12,420 INFO     [32/90] Checking Jackson...
2026-07-13 13:42:12,838 INFO       Jackson: Found 1 potential sale(s)
2026-07-13 13:42:14,839 INFO     [33/90] Checking Kanabec...
2026-07-13 13:42:15,096 INFO       Kanabec: Found 5 potential sale(s)
2026-07-13 13:42:17,097 INFO     [34/90] Checking Kandiyohi...
2026-07-13 13:42:17,526 INFO       Kandiyohi: Found 1 potential sale(s)
2026-07-13 13:42:19,527 INFO     [35/90] Checking Kittson...
2026-07-13 13:42:19,834 INFO       Kittson: Found 1 potential sale(s)
2026-07-13 13:42:21,835 INFO     [36/90] Checking Koochiching...
2026-07-13 13:42:22,943 INFO       Koochiching: Found 1 potential sale(s)
2026-07-13 13:42:24,944 INFO     [37/90] Checking Lac qui Parle...
2026-07-13 13:42:26,170 INFO       Lac qui Parle: Found 1 potential sale(s)
2026-07-13 13:42:28,171 INFO     [38/90] Checking Lake...
2026-07-13 13:42:28,723 INFO       Lake: Found 1 potential sale(s)
2026-07-13 13:42:30,723 INFO     [39/90] Checking Lake of the Woods...
2026-07-13 13:42:33,282 INFO       Lake of the Woods: Found 1 potential sale(s)
2026-07-13 13:42:37,748 INFO       Lake of the Woods: Found 1 potential sale(s)
2026-07-13 13:42:39,748 INFO     [40/90] Checking Le Sueur...
2026-07-13 13:42:40,301 INFO       Le Sueur: page states no properties currently for sale
2026-07-13 13:42:40,301 INFO       Le Sueur: No upcoming sales found
2026-07-13 13:42:43,159 INFO       Le Sueur: Found 1 potential sale(s)
2026-07-13 13:42:45,160 INFO     [41/90] Checking Lincoln...
2026-07-13 13:42:45,711 DEBUG      Lincoln: Found 4 PDF links, checking...
2026-07-13 13:42:52,899 INFO       Lincoln: No upcoming sales found
2026-07-13 13:42:54,900 INFO     [42/90] Checking Lyon...
2026-07-13 13:42:55,359 INFO       Lyon: Found 1 potential sale(s)
2026-07-13 13:42:57,360 INFO     [43/90] Checking Mahnomen...
2026-07-13 13:42:57,655 INFO       Mahnomen: Found 1 potential sale(s)
2026-07-13 13:43:00,103 INFO       Mahnomen: Found 1 potential sale(s)
2026-07-13 13:43:02,103 INFO     [44/90] Checking Marshall...
2026-07-13 13:43:02,381 DEBUG      Marshall: Found 1 PDF links, checking...
2026-07-13 13:43:03,631 INFO       Marshall: No upcoming sales found
2026-07-13 13:43:05,632 INFO     [45/90] Checking Martin...
2026-07-13 13:43:05,812 INFO       Martin: Found 1 potential sale(s)
2026-07-13 13:43:07,813 INFO     [46/90] Checking McLeod...
2026-07-13 13:43:08,650 INFO       McLeod: Found 1 potential sale(s)
2026-07-13 13:43:10,651 INFO     [47/90] Checking Meeker...
2026-07-13 13:43:11,480 INFO       Meeker: Found 1 potential sale(s)
2026-07-13 13:43:13,481 INFO     [48/90] Checking Mille Lacs...
2026-07-13 13:43:14,001 INFO       Mille Lacs: Found 1 potential sale(s)
2026-07-13 13:43:16,001 INFO     [49/90] Checking Morrison...
2026-07-13 13:43:16,925 INFO       Morrison: Found 1 potential sale(s)
2026-07-13 13:43:18,926 INFO     [50/90] Checking Mower...
2026-07-13 13:43:19,715 INFO       Mower: Found 1 potential sale(s)
2026-07-13 13:43:21,716 INFO     [51/90] Checking Murray...
2026-07-13 13:43:21,962 DEBUG      Murray: Found 2 PDF links, checking...
2026-07-13 13:43:24,556 INFO       Murray: No upcoming sales found
2026-07-13 13:43:26,708 DEBUG      Murray: Found 1 PDF links, checking...
2026-07-13 13:43:30,470 INFO       Murray: No upcoming sales found
2026-07-13 13:43:32,471 INFO     [52/90] Checking Nicollet...
2026-07-13 13:43:33,412 INFO       Nicollet: Found 1 potential sale(s)
2026-07-13 13:43:35,413 INFO     [53/90] Checking Nobles...
2026-07-13 13:43:37,774 INFO       Nobles: Found 1 potential sale(s)
2026-07-13 13:43:39,774 INFO     [54/90] Checking Norman...
2026-07-13 13:43:40,478 INFO       Norman: Found 1 potential sale(s)
2026-07-13 13:43:42,478 INFO     [55/90] Checking Olmsted...
2026-07-13 13:43:42,685 INFO       Olmsted: Found 1 potential sale(s)
2026-07-13 13:43:44,686 INFO     [56/90] Checking Otter Tail...
2026-07-13 13:43:44,761 WARNING    Otter Tail: http_403
2026-07-13 13:43:47,045 INFO       Otter Tail: No upcoming sales found
2026-07-13 13:43:49,046 INFO     [57/90] Checking Pennington...
2026-07-13 13:43:49,518 INFO       Pennington: Found 1 potential sale(s)
2026-07-13 13:43:51,519 INFO     [58/90] Checking Pine...
2026-07-13 13:43:52,240 INFO       Pine: Found 1 potential sale(s)
2026-07-13 13:43:54,241 INFO     [59/90] Checking Pipestone...
2026-07-13 13:43:54,491 DEBUG      Pipestone: Found 3 PDF links, checking...
2026-07-13 13:43:58,180 INFO       Pipestone: No upcoming sales found
2026-07-13 13:44:00,181 INFO     [60/90] Checking Polk...
2026-07-13 13:44:01,122 INFO       Polk: Found 1 potential sale(s)
2026-07-13 13:44:04,243 INFO       Polk: Found 1 potential sale(s)
2026-07-13 13:44:06,244 INFO     [61/90] Checking Pope...
2026-07-13 13:44:09,070 INFO       Pope: Found 1 potential sale(s)
2026-07-13 13:44:11,316 INFO       Pope: Found 1 potential sale(s)
2026-07-13 13:44:13,317 INFO     [62/90] Checking Ramsey...
2026-07-13 13:44:13,482 INFO       Ramsey: Found 1 potential sale(s)
2026-07-13 13:44:15,631 INFO       Ramsey: Found 1 potential sale(s)
2026-07-13 13:44:17,632 INFO     [63/90] Checking Red Lake...
2026-07-13 13:44:18,090 INFO       Red Lake: Found 1 potential sale(s)
2026-07-13 13:44:20,557 DEBUG      Red Lake: Found 1 PDF links, checking...
2026-07-13 13:44:21,896 INFO       Red Lake: No upcoming sales found
2026-07-13 13:44:23,896 INFO     [64/90] Checking Redwood...
2026-07-13 13:44:24,423 INFO       Redwood: Found 1 potential sale(s)
2026-07-13 13:44:26,424 INFO     [65/90] Checking Renville...
2026-07-13 13:44:26,724 INFO       Renville: Found 1 potential sale(s)
2026-07-13 13:44:29,878 INFO       Renville: Found 1 potential sale(s)
2026-07-13 13:44:31,878 INFO     [66/90] Checking Rice...
2026-07-13 13:44:32,244 INFO       Rice: No upcoming sales found
2026-07-13 13:44:34,244 INFO     [67/90] Checking Rock...
2026-07-13 13:44:34,462 DEBUG      Rock: Found 5 PDF links, checking...
2026-07-13 13:44:43,472 INFO       Rock: No upcoming sales found
2026-07-13 13:44:45,472 INFO     [68/90] Checking Roseau...
2026-07-13 13:44:46,362 DEBUG      Roseau: Found 3 PDF links, checking...
2026-07-13 13:44:48,236 DEBUG    PDF parse error: No /Root object! - Is this really a PDF?
2026-07-13 13:44:50,130 DEBUG    PDF parse error: No /Root object! - Is this really a PDF?
2026-07-13 13:44:51,285 INFO       Roseau: No upcoming sales found
2026-07-13 13:44:53,286 INFO     [69/90] Checking Saint Louis...
2026-07-13 13:44:54,478 INFO       Saint Louis: Found 1 potential sale(s)
2026-07-13 13:44:56,478 INFO     [70/90] Checking Scott...
2026-07-13 13:44:57,045 INFO       Scott: page states no properties currently for sale
2026-07-13 13:44:57,062 INFO       Scott: No upcoming sales found
2026-07-13 13:44:59,494 INFO       Scott: Found 1 potential sale(s)
2026-07-13 13:45:01,494 INFO     [71/90] Checking Sherburne...
2026-07-13 13:45:02,079 INFO       Sherburne: Found 1 potential sale(s)
2026-07-13 13:45:04,080 INFO     [72/90] Checking Sibley...
2026-07-13 13:45:04,514 INFO       Sibley: Found 1 potential sale(s)
2026-07-13 13:45:06,830 INFO       Sibley: No upcoming sales found
2026-07-13 13:45:08,830 INFO     [73/90] Checking Stearns...
2026-07-13 13:45:09,577 INFO       Stearns: Found 1 potential sale(s)
2026-07-13 13:45:11,578 INFO     [74/90] Checking Steele...
2026-07-13 13:45:11,969 INFO       Steele: Found 1 potential sale(s)
2026-07-13 13:45:13,970 INFO     [75/90] Checking Stevens...
2026-07-13 13:45:14,785 INFO       Stevens: Found 1 potential sale(s)
2026-07-13 13:45:16,786 INFO     [76/90] Checking Swift...
2026-07-13 13:45:17,205 INFO       Swift: Found 1 potential sale(s)
2026-07-13 13:45:19,668 INFO       Swift: Found 1 potential sale(s)
2026-07-13 13:45:21,669 INFO     [77/90] Checking Todd...
2026-07-13 13:45:21,969 INFO       Todd: Found 1 potential sale(s)
2026-07-13 13:45:24,272 INFO       Todd: Found 1 potential sale(s)
2026-07-13 13:45:26,273 INFO     [78/90] Checking Traverse...
2026-07-13 13:45:26,632 INFO       Traverse: No upcoming sales found
2026-07-13 13:45:28,632 INFO     [79/90] Checking Wabasha...
2026-07-13 13:45:28,798 INFO       Wabasha: Found 1 potential sale(s)
2026-07-13 13:45:30,799 INFO     [80/90] Checking Wadena...
2026-07-13 13:45:31,481 INFO       Wadena: Found 1 potential sale(s)
2026-07-13 13:45:33,482 INFO     [81/90] Checking Waseca...
2026-07-13 13:45:33,951 INFO       Waseca: Found 1 potential sale(s)
2026-07-13 13:45:35,951 INFO     [82/90] Checking Washington...
2026-07-13 13:45:36,721 INFO       Washington: Found 1 potential sale(s)
2026-07-13 13:45:39,095 INFO       Washington: Found 1 potential sale(s)
2026-07-13 13:45:41,096 INFO     [83/90] Checking Watonwan...
2026-07-13 13:45:41,791 INFO       Watonwan: Found 1 potential sale(s)
2026-07-13 13:45:43,792 INFO     [84/90] Checking Wilkin...
2026-07-13 13:45:44,287 INFO       Wilkin: Found 1 potential sale(s)
2026-07-13 13:45:46,288 INFO     [85/90] Checking Winona...
2026-07-13 13:45:47,224 INFO       Winona: Found 1 potential sale(s)
2026-07-13 13:45:49,225 INFO     [86/90] Checking Wright...
2026-07-13 13:45:49,791 INFO       Wright: Found 1 potential sale(s)
2026-07-13 13:45:52,385 INFO       Wright: Found 1 potential sale(s)
2026-07-13 13:45:54,386 INFO     [87/90] Checking Yellow Medicine...
2026-07-13 13:45:56,541 INFO       Yellow Medicine: Found 1 potential sale(s)
2026-07-13 13:45:58,541 INFO     [88/90] Checking DNR...
2026-07-13 13:45:58,674 INFO       DNR: Found 1 potential sale(s)
2026-07-13 13:46:00,674 INFO     [89/90] Checking MN DOT...
2026-07-13 13:46:06,015 INFO       MN DOT: Found 2 potential sale(s)
2026-07-13 13:46:08,015 INFO     [90/90] Checking Wisconsin...
2026-07-13 13:46:10,734 INFO       Wisconsin: No upcoming sales found
2026-07-13 13:46:12,735 INFO     ============================================================
2026-07-13 13:46:12,735 INFO     Checking complete in 6.0 minutes
2026-07-13 13:46:12,735 INFO     Found 93 unique sales (from 98 raw matches)
2026-07-13 13:46:12,737 INFO     Updated sources CSV with check dates
2026-07-13 13:46:12,738 INFO     Markdown report written to /home/runner/work/mn-tax-forfeiture-tracker/mn-tax-forfeiture-tracker/reports/weekly_report_2026-07-13.md
2026-07-13 13:46:12,739 INFO     CSV report written to /home/runner/work/mn-tax-forfeiture-tracker/mn-tax-forfeiture-tracker/reports/weekly_report_2026-07-13.csv
2026-07-13 13:46:12,740 INFO     Check log written to /home/runner/work/mn-tax-forfeiture-tracker/mn-tax-forfeiture-tracker/logs/check_log_2026-07-13.csv
2026-07-13 13:46:12,740 INFO     ============================================================
2026-07-13 13:46:12,740 INFO     SUMMARY
2026-07-13 13:46:12,740 INFO       Total sources checked: 111
2026-07-13 13:46:12,740 INFO       Unique sales found: 93
2026-07-13 13:46:12,740 INFO       error_http_403: 1
2026-07-13 13:46:12,740 INFO       needs_manual_review: 1
2026-07-13 13:46:12,741 INFO       no_sale_found: 16
2026-07-13 13:46:12,741 INFO       sale_found: 93
2026-07-13 13:46:12,741 INFO       Elapsed time: 6.0 minutes
2026-07-13 13:46:12,741 INFO     ============================================================
