2026-08-10 12:25:45,313 INFO     ============================================================
2026-08-10 12:25:45,313 INFO     Minnesota Tax-Forfeited Land Sale Checker
2026-08-10 12:25:45,313 INFO     Run date: 2026-08-10
2026-08-10 12:25:45,313 INFO     ============================================================
2026-08-10 12:25:45,316 INFO     Loaded 90 sources from CSV
2026-08-10 12:25:45,317 INFO     [1/90] Checking Aitkin...
2026-08-10 12:25:45,580 INFO       Aitkin: Found 1 potential sale(s)
2026-08-10 12:25:47,581 INFO     [2/90] Checking Anoka...
2026-08-10 12:25:48,302 INFO       Anoka: Found 1 potential sale(s)
2026-08-10 12:25:50,303 INFO     [3/90] Checking Becker...
2026-08-10 12:25:51,075 INFO       Becker: Page too short, flagged for manual review
2026-08-10 12:25:53,076 INFO     [4/90] Checking Beltrami...
2026-08-10 12:25:53,388 INFO       Beltrami: Found 1 potential sale(s)
2026-08-10 12:25:55,389 INFO     [5/90] Checking Benton...
2026-08-10 12:25:56,125 INFO       Benton: Found 1 potential sale(s)
2026-08-10 12:25:58,126 INFO     [6/90] Checking Big Stone...
2026-08-10 12:25:59,492 INFO       Big Stone: Found 1 potential sale(s)
2026-08-10 12:26:01,493 INFO     [7/90] Checking Blue Earth...
2026-08-10 12:26:02,048 INFO       Blue Earth: Found 1 potential sale(s)
2026-08-10 12:26:04,048 INFO     [8/90] Checking Brown...
2026-08-10 12:26:04,485 INFO       Brown: Found 1 potential sale(s)
2026-08-10 12:26:06,486 INFO     [9/90] Checking Carlton...
2026-08-10 12:26:07,251 INFO       Carlton: Found 1 potential sale(s)
2026-08-10 12:26:09,252 INFO     [10/90] Checking Carver...
2026-08-10 12:26:10,342 INFO       Carver: Found 1 potential sale(s)
2026-08-10 12:26:12,343 INFO     [11/90] Checking Cass...
2026-08-10 12:26:12,803 INFO       Cass: Found 1 potential sale(s)
2026-08-10 12:26:14,804 INFO     [12/90] Checking Chippewa...
2026-08-10 12:26:15,747 INFO       Chippewa: Found 1 potential sale(s)
2026-08-10 12:26:17,748 INFO     [13/90] Checking Chisago...
2026-08-10 12:26:18,286 INFO       Chisago: Found 1 potential sale(s)
2026-08-10 12:26:20,286 INFO     [14/90] Checking Clay...
2026-08-10 12:26:20,780 INFO       Clay: Found 1 potential sale(s)
2026-08-10 12:26:22,781 INFO     [15/90] Checking Clearwater...
2026-08-10 12:26:23,049 INFO       Clearwater: Found 1 potential sale(s)
2026-08-10 12:26:25,050 INFO     [16/90] Checking Cook...
2026-08-10 12:26:25,801 INFO       Cook: Found 1 potential sale(s)
2026-08-10 12:26:27,802 INFO     [17/90] Checking Cottonwood...
2026-08-10 12:26:28,239 INFO       Cottonwood: Found 1 potential sale(s)
2026-08-10 12:26:30,699 INFO       Cottonwood: Found 1 potential sale(s)
2026-08-10 12:26:32,700 INFO     [18/90] Checking Crow Wing...
2026-08-10 12:26:33,778 INFO       Crow Wing: Found 1 potential sale(s)
2026-08-10 12:26:35,779 INFO     [19/90] Checking Dakota...
2026-08-10 12:26:36,030 INFO       Dakota: page states no properties currently for sale
2026-08-10 12:26:36,050 DEBUG      Dakota: Found 1 PDF links, checking...
2026-08-10 12:26:37,272 INFO       Dakota: Found 1 potential sale(s)
2026-08-10 12:26:39,273 INFO     [20/90] Checking Dodge...
2026-08-10 12:26:39,417 INFO       Dodge: Found 1 potential sale(s)
2026-08-10 12:26:41,417 INFO     [21/90] Checking Douglas...
2026-08-10 12:26:57,441 INFO       Douglas: Found 1 potential sale(s)
2026-08-10 12:27:00,160 INFO       Douglas: Found 1 potential sale(s)
2026-08-10 12:27:02,161 INFO     [22/90] Checking Faribault...
2026-08-10 12:27:02,497 INFO       Faribault: Found 1 potential sale(s)
2026-08-10 12:27:05,229 INFO       Faribault: Found 1 potential sale(s)
2026-08-10 12:27:07,230 INFO     [23/90] Checking Fillmore...
2026-08-10 12:27:07,652 INFO       Fillmore: Found 1 potential sale(s)
2026-08-10 12:27:09,653 INFO     [24/90] Checking Freeborn...
2026-08-10 12:27:10,858 INFO       Freeborn: Found 1 potential sale(s)
2026-08-10 12:27:12,858 INFO     [25/90] Checking Goodhue...
2026-08-10 12:27:13,621 INFO       Goodhue: Found 1 potential sale(s)
2026-08-10 12:27:15,622 INFO     [26/90] Checking Grant...
2026-08-10 12:27:16,018 INFO       Grant: Found 1 potential sale(s)
2026-08-10 12:27:18,019 INFO     [27/90] Checking Hennepin...
2026-08-10 12:27:22,490 INFO       Hennepin: Found 1 potential sale(s)
2026-08-10 12:27:24,721 INFO       Hennepin: Page too short, flagged for manual review
2026-08-10 12:27:26,722 INFO     [28/90] Checking Houston...
2026-08-10 12:27:26,826 WARNING    Houston: ssl_error: HTTPSConnectionPool(host='www.co.houston.mn.us', port=443): Max retries exceeded with url: /departments/auditor-treasurer/ (Caused by SSLError(SSLError(1, '[SSL: SSLV3_ALERT_HANDSHAKE_FAILURE] sslv3 alert handshake failure (_ssl.c:1016)')))
2026-08-10 12:27:28,827 INFO     [29/90] Checking Hubbard...
2026-08-10 12:27:29,144 INFO       Hubbard: Found 1 potential sale(s)
2026-08-10 12:27:31,144 INFO     [30/90] Checking Isanti...
2026-08-10 12:27:31,696 INFO       Isanti: page states no properties currently for sale
2026-08-10 12:27:31,721 INFO       Isanti: No upcoming sales found
2026-08-10 12:27:33,721 INFO     [31/90] Checking Itasca...
2026-08-10 12:27:34,463 INFO       Itasca: Found 1 potential sale(s)
2026-08-10 12:27:37,217 INFO       Itasca: Found 1 potential sale(s)
2026-08-10 12:27:39,218 INFO     [32/90] Checking Jackson...
2026-08-10 12:27:39,594 INFO       Jackson: Found 1 potential sale(s)
2026-08-10 12:27:41,595 INFO     [33/90] Checking Kanabec...
2026-08-10 12:27:41,829 INFO       Kanabec: Found 2 potential sale(s)
2026-08-10 12:27:43,830 INFO     [34/90] Checking Kandiyohi...
2026-08-10 12:27:44,285 INFO       Kandiyohi: Found 1 potential sale(s)
2026-08-10 12:27:46,286 INFO     [35/90] Checking Kittson...
2026-08-10 12:27:46,627 INFO       Kittson: Found 1 potential sale(s)
2026-08-10 12:27:48,628 INFO     [36/90] Checking Koochiching...
2026-08-10 12:27:49,357 INFO       Koochiching: Found 1 potential sale(s)
2026-08-10 12:27:51,358 INFO     [37/90] Checking Lac qui Parle...
2026-08-10 12:27:52,343 INFO       Lac qui Parle: Found 1 potential sale(s)
2026-08-10 12:27:54,344 INFO     [38/90] Checking Lake...
2026-08-10 12:27:54,871 INFO       Lake: Found 1 potential sale(s)
2026-08-10 12:27:56,872 INFO     [39/90] Checking Lake of the Woods...
2026-08-10 12:27:57,316 INFO       Lake of the Woods: Found 1 potential sale(s)
2026-08-10 12:28:07,194 INFO       Lake of the Woods: Found 1 potential sale(s)
2026-08-10 12:28:09,196 INFO     [40/90] Checking Le Sueur...
2026-08-10 12:28:09,656 INFO       Le Sueur: page states no properties currently for sale
2026-08-10 12:28:09,657 INFO       Le Sueur: No upcoming sales found
2026-08-10 12:28:12,287 INFO       Le Sueur: Found 1 potential sale(s)
2026-08-10 12:28:14,288 INFO     [41/90] Checking Lincoln...
2026-08-10 12:28:14,753 DEBUG      Lincoln: Found 4 PDF links, checking...
2026-08-10 12:28:21,763 INFO       Lincoln: No upcoming sales found
2026-08-10 12:28:23,765 INFO     [42/90] Checking Lyon...
2026-08-10 12:28:24,425 INFO       Lyon: Found 1 potential sale(s)
2026-08-10 12:28:26,425 INFO     [43/90] Checking Mahnomen...
2026-08-10 12:28:26,743 INFO       Mahnomen: Found 1 potential sale(s)
2026-08-10 12:28:29,183 INFO       Mahnomen: Found 1 potential sale(s)
2026-08-10 12:28:31,184 INFO     [44/90] Checking Marshall...
2026-08-10 12:28:31,547 DEBUG      Marshall: Found 1 PDF links, checking...
2026-08-10 12:28:32,902 INFO       Marshall: No upcoming sales found
2026-08-10 12:28:34,904 INFO     [45/90] Checking Martin...
2026-08-10 12:28:35,238 INFO       Martin: Found 1 potential sale(s)
2026-08-10 12:28:37,239 INFO     [46/90] Checking McLeod...
2026-08-10 12:28:38,054 INFO       McLeod: Found 1 potential sale(s)
2026-08-10 12:28:40,055 INFO     [47/90] Checking Meeker...
2026-08-10 12:28:41,036 INFO       Meeker: Found 1 potential sale(s)
2026-08-10 12:28:43,036 INFO     [48/90] Checking Mille Lacs...
2026-08-10 12:28:43,812 INFO       Mille Lacs: Found 1 potential sale(s)
2026-08-10 12:28:45,812 INFO     [49/90] Checking Morrison...
2026-08-10 12:28:46,294 INFO       Morrison: Found 1 potential sale(s)
2026-08-10 12:28:48,294 INFO     [50/90] Checking Mower...
2026-08-10 12:28:48,821 INFO       Mower: Found 1 potential sale(s)
2026-08-10 12:28:50,821 INFO     [51/90] Checking Murray...
2026-08-10 12:28:51,078 DEBUG      Murray: Found 2 PDF links, checking...
2026-08-10 12:28:53,661 INFO       Murray: No upcoming sales found
2026-08-10 12:28:55,778 DEBUG      Murray: Found 1 PDF links, checking...
2026-08-10 12:28:59,560 INFO       Murray: No upcoming sales found
2026-08-10 12:29:01,561 INFO     [52/90] Checking Nicollet...
2026-08-10 12:29:02,234 INFO       Nicollet: Found 1 potential sale(s)
2026-08-10 12:29:04,234 INFO     [53/90] Checking Nobles...
2026-08-10 12:29:05,675 INFO       Nobles: Found 1 potential sale(s)
2026-08-10 12:29:07,675 INFO     [54/90] Checking Norman...
2026-08-10 12:29:08,298 INFO       Norman: Found 1 potential sale(s)
2026-08-10 12:29:10,299 INFO     [55/90] Checking Olmsted...
2026-08-10 12:29:10,510 INFO       Olmsted: Found 1 potential sale(s)
2026-08-10 12:29:12,511 INFO     [56/90] Checking Otter Tail...
2026-08-10 12:29:12,557 WARNING    Otter Tail: http_403
2026-08-10 12:29:14,858 INFO       Otter Tail: No upcoming sales found
2026-08-10 12:29:16,859 INFO     [57/90] Checking Pennington...
2026-08-10 12:29:17,327 INFO       Pennington: Found 1 potential sale(s)
2026-08-10 12:29:19,327 INFO     [58/90] Checking Pine...
2026-08-10 12:29:20,040 INFO       Pine: Found 2 potential sale(s)
2026-08-10 12:29:22,041 INFO     [59/90] Checking Pipestone...
2026-08-10 12:29:22,211 DEBUG      Pipestone: Found 3 PDF links, checking...
2026-08-10 12:29:25,750 INFO       Pipestone: No upcoming sales found
2026-08-10 12:29:27,752 INFO     [60/90] Checking Polk...
2026-08-10 12:29:28,647 INFO       Polk: Found 1 potential sale(s)
2026-08-10 12:29:31,438 INFO       Polk: Found 1 potential sale(s)
2026-08-10 12:29:33,438 INFO     [61/90] Checking Pope...
2026-08-10 12:29:35,491 INFO       Pope: Found 2 potential sale(s)
2026-08-10 12:29:37,644 INFO       Pope: Found 2 potential sale(s)
2026-08-10 12:29:39,645 INFO     [62/90] Checking Ramsey...
2026-08-10 12:29:39,790 INFO       Ramsey: Found 1 potential sale(s)
2026-08-10 12:29:41,902 INFO       Ramsey: Found 1 potential sale(s)
2026-08-10 12:29:43,902 INFO     [63/90] Checking Red Lake...
2026-08-10 12:29:44,343 INFO       Red Lake: Found 1 potential sale(s)
2026-08-10 12:29:46,793 DEBUG      Red Lake: Found 1 PDF links, checking...
2026-08-10 12:29:48,124 INFO       Red Lake: No upcoming sales found
2026-08-10 12:29:50,125 INFO     [64/90] Checking Redwood...
2026-08-10 12:29:51,907 INFO       Redwood: Found 1 potential sale(s)
2026-08-10 12:29:53,907 INFO     [65/90] Checking Renville...
2026-08-10 12:29:54,432 INFO       Renville: Found 1 potential sale(s)
2026-08-10 12:29:57,391 INFO       Renville: Found 1 potential sale(s)
2026-08-10 12:29:59,391 INFO     [66/90] Checking Rice...
2026-08-10 12:29:59,804 INFO       Rice: No upcoming sales found
2026-08-10 12:30:01,805 INFO     [67/90] Checking Rock...
2026-08-10 12:30:02,037 DEBUG      Rock: Found 5 PDF links, checking...
2026-08-10 12:30:11,236 INFO       Rock: No upcoming sales found
2026-08-10 12:30:13,236 INFO     [68/90] Checking Roseau...
2026-08-10 12:30:14,825 DEBUG      Roseau: Found 3 PDF links, checking...
2026-08-10 12:30:16,747 DEBUG    PDF parse error: No /Root object! - Is this really a PDF?
2026-08-10 12:30:18,983 DEBUG    PDF parse error: No /Root object! - Is this really a PDF?
2026-08-10 12:30:20,075 INFO       Roseau: No upcoming sales found
2026-08-10 12:30:22,076 INFO     [69/90] Checking Saint Louis...
2026-08-10 12:30:23,171 INFO       Saint Louis: Found 1 potential sale(s)
2026-08-10 12:30:25,172 INFO     [70/90] Checking Scott...
2026-08-10 12:30:25,626 INFO       Scott: page states no properties currently for sale
2026-08-10 12:30:25,642 INFO       Scott: No upcoming sales found
2026-08-10 12:30:28,080 INFO       Scott: Found 1 potential sale(s)
2026-08-10 12:30:30,081 INFO     [71/90] Checking Sherburne...
2026-08-10 12:30:30,539 INFO       Sherburne: Found 1 potential sale(s)
2026-08-10 12:30:32,540 INFO     [72/90] Checking Sibley...
2026-08-10 12:30:32,920 INFO       Sibley: Found 1 potential sale(s)
2026-08-10 12:30:35,256 INFO       Sibley: Found 1 potential sale(s)
2026-08-10 12:30:37,257 INFO     [73/90] Checking Stearns...
2026-08-10 12:30:38,018 INFO       Stearns: Found 1 potential sale(s)
2026-08-10 12:30:40,019 INFO     [74/90] Checking Steele...
2026-08-10 12:30:40,618 WARNING    Steele: http_404
2026-08-10 12:30:42,619 INFO     [75/90] Checking Stevens...
2026-08-10 12:30:43,310 INFO       Stevens: Found 1 potential sale(s)
2026-08-10 12:30:45,311 INFO     [76/90] Checking Swift...
2026-08-10 12:30:45,668 INFO       Swift: Found 1 potential sale(s)
2026-08-10 12:30:48,263 INFO       Swift: Found 1 potential sale(s)
2026-08-10 12:30:50,264 INFO     [77/90] Checking Todd...
2026-08-10 12:30:50,676 INFO       Todd: Found 1 potential sale(s)
2026-08-10 12:30:53,144 INFO       Todd: Found 1 potential sale(s)
2026-08-10 12:30:55,144 INFO     [78/90] Checking Traverse...
2026-08-10 12:30:55,554 INFO       Traverse: No upcoming sales found
2026-08-10 12:30:57,554 INFO     [79/90] Checking Wabasha...
2026-08-10 12:30:57,729 INFO       Wabasha: Found 1 potential sale(s)
2026-08-10 12:30:59,730 INFO     [80/90] Checking Wadena...
2026-08-10 12:31:00,307 INFO       Wadena: Found 1 potential sale(s)
2026-08-10 12:31:02,308 INFO     [81/90] Checking Waseca...
2026-08-10 12:31:02,726 INFO       Waseca: Found 1 potential sale(s)
2026-08-10 12:31:04,727 INFO     [82/90] Checking Washington...
2026-08-10 12:31:05,198 INFO       Washington: page states no properties currently for sale
2026-08-10 12:31:05,214 INFO       Washington: No upcoming sales found
2026-08-10 12:31:07,655 WARNING    Washington: http_404
2026-08-10 12:31:09,656 INFO     [83/90] Checking Watonwan...
2026-08-10 12:31:10,296 INFO       Watonwan: Found 1 potential sale(s)
2026-08-10 12:31:12,296 INFO     [84/90] Checking Wilkin...
2026-08-10 12:31:12,752 INFO       Wilkin: Found 1 potential sale(s)
2026-08-10 12:31:14,753 INFO     [85/90] Checking Winona...
2026-08-10 12:31:15,555 INFO       Winona: Found 1 potential sale(s)
2026-08-10 12:31:17,556 INFO     [86/90] Checking Wright...
2026-08-10 12:31:18,096 INFO       Wright: Found 1 potential sale(s)
2026-08-10 12:31:20,550 INFO       Wright: Found 1 potential sale(s)
2026-08-10 12:31:22,550 INFO     [87/90] Checking Yellow Medicine...
2026-08-10 12:31:25,272 INFO       Yellow Medicine: Found 1 potential sale(s)
2026-08-10 12:31:27,273 INFO     [88/90] Checking DNR...
2026-08-10 12:31:27,400 INFO       DNR: Found 1 potential sale(s)
2026-08-10 12:31:29,400 INFO     [89/90] Checking MN DOT...
2026-08-10 12:31:30,298 INFO       MN DOT: Found 1 potential sale(s)
2026-08-10 12:31:32,298 INFO     [90/90] Checking Wisconsin...
2026-08-10 12:31:35,063 INFO       Wisconsin: No upcoming sales found
2026-08-10 12:31:37,064 INFO     ============================================================
2026-08-10 12:31:37,064 INFO     Checking complete in 5.9 minutes
2026-08-10 12:31:37,064 INFO     Found 87 unique sales (from 93 raw matches)
2026-08-10 12:31:37,066 INFO     Updated sources CSV with check dates
2026-08-10 12:31:37,067 INFO     Markdown report written to /home/runner/work/mn-tax-forfeiture-tracker/mn-tax-forfeiture-tracker/reports/weekly_report_2026-08-10.md
2026-08-10 12:31:37,068 INFO     CSV report written to /home/runner/work/mn-tax-forfeiture-tracker/mn-tax-forfeiture-tracker/reports/weekly_report_2026-08-10.csv
2026-08-10 12:31:37,069 INFO     Check log written to /home/runner/work/mn-tax-forfeiture-tracker/mn-tax-forfeiture-tracker/logs/check_log_2026-08-10.csv
2026-08-10 12:31:37,069 INFO     ============================================================
2026-08-10 12:31:37,069 INFO     SUMMARY
2026-08-10 12:31:37,069 INFO       Total sources checked: 111
2026-08-10 12:31:37,069 INFO       Unique sales found: 87
2026-08-10 12:31:37,069 INFO       error_http_403: 1
2026-08-10 12:31:37,069 INFO       error_http_404: 2
2026-08-10 12:31:37,069 INFO       error_ssl_error: 1
2026-08-10 12:31:37,069 INFO       needs_manual_review: 2
2026-08-10 12:31:37,069 INFO       no_sale_found: 16
2026-08-10 12:31:37,069 INFO       sale_found: 89
2026-08-10 12:31:37,069 INFO       Elapsed time: 5.9 minutes
2026-08-10 12:31:37,069 INFO     ============================================================
