2026-09-14 17:02:00,336 INFO     ============================================================
2026-09-14 17:02:00,336 INFO     Minnesota Tax-Forfeited Land Sale Checker
2026-09-14 17:02:00,336 INFO     Run date: 2026-09-14
2026-09-14 17:02:00,336 INFO     ============================================================
2026-09-14 17:02:00,339 INFO     Loaded 90 sources from CSV
2026-09-14 17:02:00,340 INFO     [1/90] Checking Aitkin...
2026-09-14 17:02:00,730 INFO       Aitkin: Found 1 potential sale(s)
2026-09-14 17:02:02,731 INFO     [2/90] Checking Anoka...
2026-09-14 17:02:04,292 INFO       Anoka: Found 1 potential sale(s)
2026-09-14 17:02:06,293 INFO     [3/90] Checking Becker...
2026-09-14 17:02:07,318 INFO       Becker: Page too short, flagged for manual review
2026-09-14 17:02:09,319 INFO     [4/90] Checking Beltrami...
2026-09-14 17:02:09,901 INFO       Beltrami: Found 1 potential sale(s)
2026-09-14 17:02:11,902 INFO     [5/90] Checking Benton...
2026-09-14 17:02:13,498 INFO       Benton: Found 1 potential sale(s)
2026-09-14 17:02:15,499 INFO     [6/90] Checking Big Stone...
2026-09-14 17:02:17,139 INFO       Big Stone: Found 1 potential sale(s)
2026-09-14 17:02:19,139 INFO     [7/90] Checking Blue Earth...
2026-09-14 17:02:19,855 INFO       Blue Earth: Found 1 potential sale(s)
2026-09-14 17:02:21,856 INFO     [8/90] Checking Brown...
2026-09-14 17:02:22,393 INFO       Brown: Found 1 potential sale(s)
2026-09-14 17:02:24,394 INFO     [9/90] Checking Carlton...
2026-09-14 17:02:25,516 INFO       Carlton: Found 1 potential sale(s)
2026-09-14 17:02:27,517 INFO     [10/90] Checking Carver...
2026-09-14 17:02:29,000 INFO       Carver: Found 1 potential sale(s)
2026-09-14 17:02:31,001 INFO     [11/90] Checking Cass...
2026-09-14 17:02:31,449 INFO       Cass: Found 1 potential sale(s)
2026-09-14 17:02:33,449 INFO     [12/90] Checking Chippewa...
2026-09-14 17:02:34,581 INFO       Chippewa: Found 1 potential sale(s)
2026-09-14 17:02:36,581 INFO     [13/90] Checking Chisago...
2026-09-14 17:02:36,713 WARNING    Chisago: http_403
2026-09-14 17:02:38,714 INFO     [14/90] Checking Clay...
2026-09-14 17:02:39,376 INFO       Clay: Found 1 potential sale(s)
2026-09-14 17:02:41,376 INFO     [15/90] Checking Clearwater...
2026-09-14 17:02:42,123 INFO       Clearwater: Found 1 potential sale(s)
2026-09-14 17:02:44,124 INFO     [16/90] Checking Cook...
2026-09-14 17:02:44,731 INFO       Cook: Found 1 potential sale(s)
2026-09-14 17:02:46,732 INFO     [17/90] Checking Cottonwood...
2026-09-14 17:02:47,117 INFO       Cottonwood: Found 1 potential sale(s)
2026-09-14 17:02:49,496 INFO       Cottonwood: Found 1 potential sale(s)
2026-09-14 17:02:51,497 INFO     [18/90] Checking Crow Wing...
2026-09-14 17:02:52,382 INFO       Crow Wing: Found 1 potential sale(s)
2026-09-14 17:02:54,383 INFO     [19/90] Checking Dakota...
2026-09-14 17:02:54,861 INFO       Dakota: page states no properties currently for sale
2026-09-14 17:02:54,884 DEBUG      Dakota: Found 2 PDF links, checking...
2026-09-14 17:02:58,051 INFO       Dakota: Found 2 potential sale(s)
2026-09-14 17:03:00,052 INFO     [20/90] Checking Dodge...
2026-09-14 17:03:00,594 INFO       Dodge: Found 1 potential sale(s)
2026-09-14 17:03:02,595 INFO     [21/90] Checking Douglas...
2026-09-14 17:03:19,640 INFO       Douglas: Found 1 potential sale(s)
2026-09-14 17:03:22,777 INFO       Douglas: Found 1 potential sale(s)
2026-09-14 17:03:24,777 INFO     [22/90] Checking Faribault...
2026-09-14 17:03:25,276 INFO       Faribault: Found 1 potential sale(s)
2026-09-14 17:03:28,354 INFO       Faribault: Found 1 potential sale(s)
2026-09-14 17:03:30,355 INFO     [23/90] Checking Fillmore...
2026-09-14 17:03:30,707 INFO       Fillmore: Found 1 potential sale(s)
2026-09-14 17:03:32,707 INFO     [24/90] Checking Freeborn...
2026-09-14 17:03:33,872 INFO       Freeborn: Found 2 potential sale(s)
2026-09-14 17:03:35,873 INFO     [25/90] Checking Goodhue...
2026-09-14 17:03:37,266 INFO       Goodhue: Found 1 potential sale(s)
2026-09-14 17:03:39,267 INFO     [26/90] Checking Grant...
2026-09-14 17:03:40,239 INFO       Grant: Found 1 potential sale(s)
2026-09-14 17:03:42,240 INFO     [27/90] Checking Hennepin...
2026-09-14 17:03:45,245 INFO       Hennepin: Found 1 potential sale(s)
2026-09-14 17:03:47,560 INFO       Hennepin: Page too short, flagged for manual review
2026-09-14 17:03:49,561 INFO     [28/90] Checking Houston...
2026-09-14 17:03:49,785 WARNING    Houston: ssl_error: HTTPSConnectionPool(host='www.co.houston.mn.us', port=443): Max retries exceeded with url: /departments/auditor-treasurer/ (Caused by SSLError(SSLError(1, '[SSL: SSLV3_ALERT_HANDSHAKE_FAILURE] sslv3 alert handshake failure (_ssl.c:1016)')))
2026-09-14 17:03:51,785 INFO     [29/90] Checking Hubbard...
2026-09-14 17:03:52,683 INFO       Hubbard: Found 1 potential sale(s)
2026-09-14 17:03:54,684 INFO     [30/90] Checking Isanti...
2026-09-14 17:03:55,627 INFO       Isanti: Found 2 potential sale(s)
2026-09-14 17:03:57,628 INFO     [31/90] Checking Itasca...
2026-09-14 17:03:59,106 INFO       Itasca: Found 1 potential sale(s)
2026-09-14 17:04:02,376 INFO       Itasca: Found 1 potential sale(s)
2026-09-14 17:04:04,377 INFO     [32/90] Checking Jackson...
2026-09-14 17:04:04,784 WARNING    Jackson: http_404
2026-09-14 17:04:06,785 INFO     [33/90] Checking Kanabec...
2026-09-14 17:04:07,453 INFO       Kanabec: Found 1 potential sale(s)
2026-09-14 17:04:09,453 INFO     [34/90] Checking Kandiyohi...
2026-09-14 17:04:09,835 INFO       Kandiyohi: Found 1 potential sale(s)
2026-09-14 17:04:11,836 INFO     [35/90] Checking Kittson...
2026-09-14 17:04:12,203 INFO       Kittson: Found 1 potential sale(s)
2026-09-14 17:04:14,203 INFO     [36/90] Checking Koochiching...
2026-09-14 17:04:20,220 INFO       Koochiching: Found 1 potential sale(s)
2026-09-14 17:04:22,221 INFO     [37/90] Checking Lac qui Parle...
2026-09-14 17:04:23,634 INFO       Lac qui Parle: Found 1 potential sale(s)
2026-09-14 17:04:25,635 INFO     [38/90] Checking Lake...
2026-09-14 17:04:26,199 INFO       Lake: Found 4 potential sale(s)
2026-09-14 17:04:28,200 INFO     [39/90] Checking Lake of the Woods...
2026-09-14 17:04:32,243 INFO       Lake of the Woods: Found 1 potential sale(s)
2026-09-14 17:04:37,452 INFO       Lake of the Woods: Found 1 potential sale(s)
2026-09-14 17:04:39,453 INFO     [40/90] Checking Le Sueur...
2026-09-14 17:04:40,200 INFO       Le Sueur: page states no properties currently for sale
2026-09-14 17:04:40,200 INFO       Le Sueur: No upcoming sales found
2026-09-14 17:04:43,528 INFO       Le Sueur: Found 1 potential sale(s)
2026-09-14 17:04:45,529 INFO     [41/90] Checking Lincoln...
2026-09-14 17:04:45,936 DEBUG      Lincoln: Found 4 PDF links, checking...
2026-09-14 17:04:51,897 INFO       Lincoln: No upcoming sales found
2026-09-14 17:04:53,898 INFO     [42/90] Checking Lyon...
2026-09-14 17:04:55,051 INFO       Lyon: Found 1 potential sale(s)
2026-09-14 17:04:57,052 INFO     [43/90] Checking Mahnomen...
2026-09-14 17:04:57,375 INFO       Mahnomen: Found 1 potential sale(s)
2026-09-14 17:04:59,877 INFO       Mahnomen: Found 1 potential sale(s)
2026-09-14 17:05:01,878 INFO     [44/90] Checking Marshall...
2026-09-14 17:05:02,804 DEBUG      Marshall: Found 2 PDF links, checking...
2026-09-14 17:05:05,949 INFO       Marshall: No upcoming sales found
2026-09-14 17:05:07,951 INFO     [45/90] Checking Martin...
2026-09-14 17:05:08,352 INFO       Martin: Found 1 potential sale(s)
2026-09-14 17:05:10,353 INFO     [46/90] Checking McLeod...
2026-09-14 17:05:10,923 INFO       McLeod: Found 1 potential sale(s)
2026-09-14 17:05:12,924 INFO     [47/90] Checking Meeker...
2026-09-14 17:05:13,955 INFO       Meeker: Found 1 potential sale(s)
2026-09-14 17:05:15,956 INFO     [48/90] Checking Mille Lacs...
2026-09-14 17:05:16,767 INFO       Mille Lacs: Found 1 potential sale(s)
2026-09-14 17:05:18,768 INFO     [49/90] Checking Morrison...
2026-09-14 17:05:20,047 INFO       Morrison: Found 1 potential sale(s)
2026-09-14 17:05:22,048 INFO     [50/90] Checking Mower...
2026-09-14 17:05:22,774 INFO       Mower: Found 1 potential sale(s)
2026-09-14 17:05:24,775 INFO     [51/90] Checking Murray...
2026-09-14 17:05:25,260 DEBUG      Murray: Found 2 PDF links, checking...
2026-09-14 17:05:28,243 INFO       Murray: No upcoming sales found
2026-09-14 17:05:30,573 DEBUG      Murray: Found 1 PDF links, checking...
2026-09-14 17:05:34,648 INFO       Murray: No upcoming sales found
2026-09-14 17:05:36,649 INFO     [52/90] Checking Nicollet...
2026-09-14 17:05:38,144 INFO       Nicollet: Found 1 potential sale(s)
2026-09-14 17:05:40,145 INFO     [53/90] Checking Nobles...
2026-09-14 17:05:41,597 INFO       Nobles: Found 1 potential sale(s)
2026-09-14 17:05:43,597 INFO     [54/90] Checking Norman...
2026-09-14 17:05:44,191 INFO       Norman: Found 1 potential sale(s)
2026-09-14 17:05:46,192 INFO     [55/90] Checking Olmsted...
2026-09-14 17:05:46,410 INFO       Olmsted: Found 1 potential sale(s)
2026-09-14 17:05:48,410 INFO     [56/90] Checking Otter Tail...
2026-09-14 17:05:48,946 WARNING    Otter Tail: http_403
2026-09-14 17:05:51,151 INFO       Otter Tail: No upcoming sales found
2026-09-14 17:05:53,151 INFO     [57/90] Checking Pennington...
2026-09-14 17:05:53,675 INFO       Pennington: Found 1 potential sale(s)
2026-09-14 17:05:55,675 INFO     [58/90] Checking Pine...
2026-09-14 17:05:56,335 INFO       Pine: Found 1 potential sale(s)
2026-09-14 17:05:58,336 INFO     [59/90] Checking Pipestone...
2026-09-14 17:05:58,763 DEBUG      Pipestone: Found 3 PDF links, checking...
2026-09-14 17:06:03,288 INFO       Pipestone: No upcoming sales found
2026-09-14 17:06:05,289 INFO     [60/90] Checking Polk...
2026-09-14 17:06:06,257 INFO       Polk: Found 1 potential sale(s)
2026-09-14 17:06:09,120 INFO       Polk: Found 1 potential sale(s)
2026-09-14 17:06:11,121 INFO     [61/90] Checking Pope...
2026-09-14 17:06:12,824 INFO       Pope: Found 1 potential sale(s)
2026-09-14 17:06:15,176 INFO       Pope: Found 1 potential sale(s)
2026-09-14 17:06:17,177 INFO     [62/90] Checking Ramsey...
2026-09-14 17:06:17,559 INFO       Ramsey: Found 1 potential sale(s)
2026-09-14 17:06:19,769 INFO       Ramsey: Found 1 potential sale(s)
2026-09-14 17:06:21,770 INFO     [63/90] Checking Red Lake...
2026-09-14 17:06:22,142 INFO       Red Lake: Found 1 potential sale(s)
2026-09-14 17:06:24,532 DEBUG      Red Lake: Found 1 PDF links, checking...
2026-09-14 17:06:25,796 INFO       Red Lake: No upcoming sales found
2026-09-14 17:06:27,796 INFO     [64/90] Checking Redwood...
2026-09-14 17:06:28,422 INFO       Redwood: Found 1 potential sale(s)
2026-09-14 17:06:30,422 INFO     [65/90] Checking Renville...
2026-09-14 17:06:30,768 INFO       Renville: Found 1 potential sale(s)
2026-09-14 17:06:34,915 INFO       Renville: Found 1 potential sale(s)
2026-09-14 17:06:36,916 INFO     [66/90] Checking Rice...
2026-09-14 17:06:37,389 INFO       Rice: No upcoming sales found
2026-09-14 17:06:39,389 INFO     [67/90] Checking Rock...
2026-09-14 17:06:39,869 DEBUG      Rock: Found 5 PDF links, checking...
2026-09-14 17:06:52,540 INFO       Rock: No upcoming sales found
2026-09-14 17:06:54,541 INFO     [68/90] Checking Roseau...
2026-09-14 17:06:55,435 DEBUG      Roseau: Found 3 PDF links, checking...
2026-09-14 17:06:57,690 DEBUG    PDF parse error: No /Root object! - Is this really a PDF?
2026-09-14 17:06:59,388 DEBUG    PDF parse error: No /Root object! - Is this really a PDF?
2026-09-14 17:07:00,574 INFO       Roseau: No upcoming sales found
2026-09-14 17:07:02,575 INFO     [69/90] Checking Saint Louis...
2026-09-14 17:07:03,685 INFO       Saint Louis: Found 1 potential sale(s)
2026-09-14 17:07:05,686 INFO     [70/90] Checking Scott...
2026-09-14 17:07:06,410 INFO       Scott: Found 2 potential sale(s)
2026-09-14 17:07:08,830 INFO       Scott: Found 1 potential sale(s)
2026-09-14 17:07:10,831 INFO     [71/90] Checking Sherburne...
2026-09-14 17:07:11,339 INFO       Sherburne: Found 1 potential sale(s)
2026-09-14 17:07:13,340 INFO     [72/90] Checking Sibley...
2026-09-14 17:07:14,007 INFO       Sibley: Found 1 potential sale(s)
2026-09-14 17:07:16,137 INFO       Sibley: Found 1 potential sale(s)
2026-09-14 17:07:18,138 INFO     [73/90] Checking Stearns...
2026-09-14 17:07:18,958 INFO       Stearns: Found 1 potential sale(s)
2026-09-14 17:07:20,959 INFO     [74/90] Checking Steele...
2026-09-14 17:07:22,017 WARNING    Steele: ssl_error: HTTPSConnectionPool(host='www.co.steele.mn.us', port=443): Max retries exceeded with url: /divisions/land_use_and_records/auditor/tax_forfeited_properties_for_sale.php (Caused by SSLError(SSLCertVerificationError(1, '[SSL: CERTIFICATE_VERIFY_FAILED] certificate verify failed: unable to get local issuer certificate (_ssl.c:1016)')))
2026-09-14 17:07:24,018 INFO     [75/90] Checking Stevens...
2026-09-14 17:07:24,826 INFO       Stevens: Found 1 potential sale(s)
2026-09-14 17:07:26,826 INFO     [76/90] Checking Swift...
2026-09-14 17:07:27,660 INFO       Swift: Found 1 potential sale(s)
2026-09-14 17:07:30,794 INFO       Swift: Found 1 potential sale(s)
2026-09-14 17:07:32,795 INFO     [77/90] Checking Todd...
2026-09-14 17:07:33,085 INFO       Todd: Found 1 potential sale(s)
2026-09-14 17:07:35,311 INFO       Todd: Found 1 potential sale(s)
2026-09-14 17:07:37,311 INFO     [78/90] Checking Traverse...
2026-09-14 17:07:37,692 INFO       Traverse: No upcoming sales found
2026-09-14 17:07:39,693 INFO     [79/90] Checking Wabasha...
2026-09-14 17:07:40,052 INFO       Wabasha: Found 1 potential sale(s)
2026-09-14 17:07:42,053 INFO     [80/90] Checking Wadena...
2026-09-14 17:07:42,948 INFO       Wadena: Found 1 potential sale(s)
2026-09-14 17:07:44,949 INFO     [81/90] Checking Waseca...
2026-09-14 17:07:45,599 INFO       Waseca: Found 1 potential sale(s)
2026-09-14 17:07:47,600 INFO     [82/90] Checking Washington...
2026-09-14 17:07:48,909 INFO       Washington: page states no properties currently for sale
2026-09-14 17:07:48,928 INFO       Washington: No upcoming sales found
2026-09-14 17:07:51,470 WARNING    Washington: http_404
2026-09-14 17:07:53,471 INFO     [83/90] Checking Watonwan...
2026-09-14 17:07:54,462 INFO       Watonwan: Found 1 potential sale(s)
2026-09-14 17:07:56,462 INFO     [84/90] Checking Wilkin...
2026-09-14 17:07:57,757 INFO       Wilkin: Found 1 potential sale(s)
2026-09-14 17:07:59,758 INFO     [85/90] Checking Winona...
2026-09-14 17:08:01,076 INFO       Winona: Found 1 potential sale(s)
2026-09-14 17:08:03,077 INFO     [86/90] Checking Wright...
2026-09-14 17:08:03,791 INFO       Wright: Found 1 potential sale(s)
2026-09-14 17:08:06,428 INFO       Wright: Found 1 potential sale(s)
2026-09-14 17:08:08,428 INFO     [87/90] Checking Yellow Medicine...
2026-09-14 17:08:09,028 INFO       Yellow Medicine: Found 1 potential sale(s)
2026-09-14 17:08:11,029 INFO     [88/90] Checking DNR...
2026-09-14 17:08:11,812 INFO       DNR: Found 1 potential sale(s)
2026-09-14 17:08:13,812 INFO     [89/90] Checking MN DOT...
2026-09-14 17:08:14,093 INFO       MN DOT: Found 1 potential sale(s)
2026-09-14 17:08:16,093 INFO     [90/90] Checking Wisconsin...
2026-09-14 17:08:19,085 INFO       Wisconsin: No upcoming sales found
2026-09-14 17:08:21,085 INFO     ============================================================
2026-09-14 17:08:21,085 INFO     Checking complete in 6.3 minutes
2026-09-14 17:08:21,086 INFO     Found 91 unique sales (from 96 raw matches)
2026-09-14 17:08:21,087 INFO     Updated sources CSV with check dates
2026-09-14 17:08:21,089 INFO     Markdown report written to /home/runner/work/mn-tax-forfeiture-tracker/mn-tax-forfeiture-tracker/reports/weekly_report_2026-09-14.md
2026-09-14 17:08:21,089 INFO     CSV report written to /home/runner/work/mn-tax-forfeiture-tracker/mn-tax-forfeiture-tracker/reports/weekly_report_2026-09-14.csv
2026-09-14 17:08:21,090 INFO     Check log written to /home/runner/work/mn-tax-forfeiture-tracker/mn-tax-forfeiture-tracker/logs/check_log_2026-09-14.csv
2026-09-14 17:08:21,090 INFO     ============================================================
2026-09-14 17:08:21,090 INFO     SUMMARY
2026-09-14 17:08:21,090 INFO       Total sources checked: 111
2026-09-14 17:08:21,090 INFO       Unique sales found: 91
2026-09-14 17:08:21,090 INFO       error_http_403: 2
2026-09-14 17:08:21,091 INFO       error_http_404: 2
2026-09-14 17:08:21,091 INFO       error_ssl_error: 2
2026-09-14 17:08:21,091 INFO       needs_manual_review: 2
2026-09-14 17:08:21,091 INFO       no_sale_found: 14
2026-09-14 17:08:21,091 INFO       sale_found: 89
2026-09-14 17:08:21,091 INFO       Elapsed time: 6.3 minutes
2026-09-14 17:08:21,091 INFO     ============================================================
