2026-07-20 13:28:36,740 INFO     ============================================================
2026-07-20 13:28:36,740 INFO     Minnesota Tax-Forfeited Land Sale Checker
2026-07-20 13:28:36,740 INFO     Run date: 2026-07-20
2026-07-20 13:28:36,740 INFO     ============================================================
2026-07-20 13:28:36,743 INFO     Loaded 90 sources from CSV
2026-07-20 13:28:36,743 INFO     [1/90] Checking Aitkin...
2026-07-20 13:28:37,251 INFO       Aitkin: Found 1 potential sale(s)
2026-07-20 13:28:39,252 INFO     [2/90] Checking Anoka...
2026-07-20 13:28:40,291 INFO       Anoka: Found 1 potential sale(s)
2026-07-20 13:28:42,292 INFO     [3/90] Checking Becker...
2026-07-20 13:28:43,595 INFO       Becker: Page too short, flagged for manual review
2026-07-20 13:28:45,596 INFO     [4/90] Checking Beltrami...
2026-07-20 13:28:46,302 INFO       Beltrami: Found 1 potential sale(s)
2026-07-20 13:28:48,303 INFO     [5/90] Checking Benton...
2026-07-20 13:28:49,410 INFO       Benton: Found 1 potential sale(s)
2026-07-20 13:28:51,411 INFO     [6/90] Checking Big Stone...
2026-07-20 13:28:55,564 INFO       Big Stone: Found 1 potential sale(s)
2026-07-20 13:28:57,565 INFO     [7/90] Checking Blue Earth...
2026-07-20 13:28:58,305 INFO       Blue Earth: Found 1 potential sale(s)
2026-07-20 13:29:00,305 INFO     [8/90] Checking Brown...
2026-07-20 13:29:00,864 INFO       Brown: Found 1 potential sale(s)
2026-07-20 13:29:02,865 INFO     [9/90] Checking Carlton...
2026-07-20 13:29:04,328 INFO       Carlton: Found 1 potential sale(s)
2026-07-20 13:29:06,329 INFO     [10/90] Checking Carver...
2026-07-20 13:29:06,912 INFO       Carver: Found 1 potential sale(s)
2026-07-20 13:29:08,912 INFO     [11/90] Checking Cass...
2026-07-20 13:29:09,463 INFO       Cass: Found 1 potential sale(s)
2026-07-20 13:29:11,464 INFO     [12/90] Checking Chippewa...
2026-07-20 13:29:12,559 INFO       Chippewa: Found 1 potential sale(s)
2026-07-20 13:29:14,559 INFO     [13/90] Checking Chisago...
2026-07-20 13:29:15,455 INFO       Chisago: Found 1 potential sale(s)
2026-07-20 13:29:17,455 INFO     [14/90] Checking Clay...
2026-07-20 13:29:18,195 INFO       Clay: Found 1 potential sale(s)
2026-07-20 13:29:20,195 INFO     [15/90] Checking Clearwater...
2026-07-20 13:29:21,098 INFO       Clearwater: Found 1 potential sale(s)
2026-07-20 13:29:23,099 INFO     [16/90] Checking Cook...
2026-07-20 13:29:23,399 INFO       Cook: Found 1 potential sale(s)
2026-07-20 13:29:25,400 INFO     [17/90] Checking Cottonwood...
2026-07-20 13:29:25,614 INFO       Cottonwood: Found 1 potential sale(s)
2026-07-20 13:29:27,924 INFO       Cottonwood: Found 1 potential sale(s)
2026-07-20 13:29:29,925 INFO     [18/90] Checking Crow Wing...
2026-07-20 13:29:30,850 INFO       Crow Wing: Found 1 potential sale(s)
2026-07-20 13:29:32,851 INFO     [19/90] Checking Dakota...
2026-07-20 13:29:33,697 INFO       Dakota: page states no properties currently for sale
2026-07-20 13:29:33,720 DEBUG      Dakota: Found 1 PDF links, checking...
2026-07-20 13:29:35,277 INFO       Dakota: Found 1 potential sale(s)
2026-07-20 13:29:37,278 INFO     [20/90] Checking Dodge...
2026-07-20 13:29:37,836 INFO       Dodge: Found 1 potential sale(s)
2026-07-20 13:29:39,837 INFO     [21/90] Checking Douglas...
2026-07-20 13:29:56,447 INFO       Douglas: Found 1 potential sale(s)
2026-07-20 13:29:58,870 INFO       Douglas: Found 1 potential sale(s)
2026-07-20 13:30:00,871 INFO     [22/90] Checking Faribault...
2026-07-20 13:30:01,266 INFO       Faribault: Found 1 potential sale(s)
2026-07-20 13:30:03,695 INFO       Faribault: Found 1 potential sale(s)
2026-07-20 13:30:05,695 INFO     [23/90] Checking Fillmore...
2026-07-20 13:30:05,947 INFO       Fillmore: Found 1 potential sale(s)
2026-07-20 13:30:07,948 INFO     [24/90] Checking Freeborn...
2026-07-20 13:30:09,133 INFO       Freeborn: Found 1 potential sale(s)
2026-07-20 13:30:11,134 INFO     [25/90] Checking Goodhue...
2026-07-20 13:30:12,443 INFO       Goodhue: Found 1 potential sale(s)
2026-07-20 13:30:14,444 INFO     [26/90] Checking Grant...
2026-07-20 13:30:15,057 INFO       Grant: Found 1 potential sale(s)
2026-07-20 13:30:17,057 INFO     [27/90] Checking Hennepin...
2026-07-20 13:30:21,471 INFO       Hennepin: Found 1 potential sale(s)
2026-07-20 13:30:23,937 INFO       Hennepin: Page too short, flagged for manual review
2026-07-20 13:30:25,938 INFO     [28/90] Checking Houston...
2026-07-20 13:30:26,713 INFO       Houston: Found 1 potential sale(s)
2026-07-20 13:30:28,713 INFO     [29/90] Checking Hubbard...
2026-07-20 13:30:29,800 INFO       Hubbard: Found 1 potential sale(s)
2026-07-20 13:30:31,801 INFO     [30/90] Checking Isanti...
2026-07-20 13:30:32,600 INFO       Isanti: page states no properties currently for sale
2026-07-20 13:30:32,627 INFO       Isanti: No upcoming sales found
2026-07-20 13:30:34,628 INFO     [31/90] Checking Itasca...
2026-07-20 13:30:35,874 INFO       Itasca: Found 1 potential sale(s)
2026-07-20 13:30:38,813 INFO       Itasca: Found 1 potential sale(s)
2026-07-20 13:30:40,813 INFO     [32/90] Checking Jackson...
2026-07-20 13:30:41,934 INFO       Jackson: Found 1 potential sale(s)
2026-07-20 13:30:43,935 INFO     [33/90] Checking Kanabec...
2026-07-20 13:30:44,437 INFO       Kanabec: Found 4 potential sale(s)
2026-07-20 13:30:46,438 INFO     [34/90] Checking Kandiyohi...
2026-07-20 13:30:46,615 INFO       Kandiyohi: Found 1 potential sale(s)
2026-07-20 13:30:48,616 INFO     [35/90] Checking Kittson...
2026-07-20 13:30:48,767 INFO       Kittson: Found 1 potential sale(s)
2026-07-20 13:30:50,768 INFO     [36/90] Checking Koochiching...
2026-07-20 13:30:51,826 INFO       Koochiching: Found 1 potential sale(s)
2026-07-20 13:30:53,827 INFO     [37/90] Checking Lac qui Parle...
2026-07-20 13:30:55,025 INFO       Lac qui Parle: Found 1 potential sale(s)
2026-07-20 13:30:57,026 INFO     [38/90] Checking Lake...
2026-07-20 13:30:57,726 INFO       Lake: Found 1 potential sale(s)
2026-07-20 13:30:59,727 INFO     [39/90] Checking Lake of the Woods...
2026-07-20 13:31:02,790 INFO       Lake of the Woods: Found 1 potential sale(s)
2026-07-20 13:31:07,663 INFO       Lake of the Woods: Found 1 potential sale(s)
2026-07-20 13:31:09,663 INFO     [40/90] Checking Le Sueur...
2026-07-20 13:31:10,465 INFO       Le Sueur: page states no properties currently for sale
2026-07-20 13:31:10,465 INFO       Le Sueur: No upcoming sales found
2026-07-20 13:31:13,408 INFO       Le Sueur: Found 1 potential sale(s)
2026-07-20 13:31:15,409 INFO     [41/90] Checking Lincoln...
2026-07-20 13:31:15,681 DEBUG      Lincoln: Found 4 PDF links, checking...
2026-07-20 13:31:21,420 INFO       Lincoln: No upcoming sales found
2026-07-20 13:31:23,421 INFO     [42/90] Checking Lyon...
2026-07-20 13:31:23,927 INFO       Lyon: Found 1 potential sale(s)
2026-07-20 13:31:25,928 INFO     [43/90] Checking Mahnomen...
2026-07-20 13:31:26,076 INFO       Mahnomen: Found 1 potential sale(s)
2026-07-20 13:31:28,513 INFO       Mahnomen: Found 1 potential sale(s)
2026-07-20 13:31:30,514 INFO     [44/90] Checking Marshall...
2026-07-20 13:31:31,345 DEBUG      Marshall: Found 1 PDF links, checking...
2026-07-20 13:31:32,915 INFO       Marshall: No upcoming sales found
2026-07-20 13:31:34,916 INFO     [45/90] Checking Martin...
2026-07-20 13:31:35,309 INFO       Martin: Found 1 potential sale(s)
2026-07-20 13:31:37,310 INFO     [46/90] Checking McLeod...
2026-07-20 13:31:37,837 INFO       McLeod: Found 1 potential sale(s)
2026-07-20 13:31:39,838 INFO     [47/90] Checking Meeker...
2026-07-20 13:31:41,203 INFO       Meeker: Found 1 potential sale(s)
2026-07-20 13:31:43,203 INFO     [48/90] Checking Mille Lacs...
2026-07-20 13:31:43,826 INFO       Mille Lacs: Found 1 potential sale(s)
2026-07-20 13:31:45,827 INFO     [49/90] Checking Morrison...
2026-07-20 13:31:46,633 INFO       Morrison: Found 1 potential sale(s)
2026-07-20 13:31:48,634 INFO     [50/90] Checking Mower...
2026-07-20 13:31:49,367 INFO       Mower: Found 1 potential sale(s)
2026-07-20 13:31:51,368 INFO     [51/90] Checking Murray...
2026-07-20 13:31:51,749 DEBUG      Murray: Found 2 PDF links, checking...
2026-07-20 13:31:54,630 INFO       Murray: No upcoming sales found
2026-07-20 13:31:56,960 DEBUG      Murray: Found 1 PDF links, checking...
2026-07-20 13:32:00,981 INFO       Murray: No upcoming sales found
2026-07-20 13:32:02,982 INFO     [52/90] Checking Nicollet...
2026-07-20 13:32:04,374 INFO       Nicollet: Found 1 potential sale(s)
2026-07-20 13:32:06,375 INFO     [53/90] Checking Nobles...
2026-07-20 13:32:06,711 INFO       Nobles: Page too short, flagged for manual review
2026-07-20 13:32:08,712 INFO     [54/90] Checking Norman...
2026-07-20 13:32:09,037 INFO       Norman: Found 1 potential sale(s)
2026-07-20 13:32:11,038 INFO     [55/90] Checking Olmsted...
2026-07-20 13:32:11,266 INFO       Olmsted: Found 1 potential sale(s)
2026-07-20 13:32:13,267 INFO     [56/90] Checking Otter Tail...
2026-07-20 13:32:13,331 WARNING    Otter Tail: http_403
2026-07-20 13:32:15,600 INFO       Otter Tail: No upcoming sales found
2026-07-20 13:32:17,600 INFO     [57/90] Checking Pennington...
2026-07-20 13:32:18,434 INFO       Pennington: Found 1 potential sale(s)
2026-07-20 13:32:20,435 INFO     [58/90] Checking Pine...
2026-07-20 13:32:20,778 INFO       Pine: Found 1 potential sale(s)
2026-07-20 13:32:22,779 INFO     [59/90] Checking Pipestone...
2026-07-20 13:32:23,154 DEBUG      Pipestone: Found 3 PDF links, checking...
2026-07-20 13:32:27,272 INFO       Pipestone: No upcoming sales found
2026-07-20 13:32:29,274 INFO     [60/90] Checking Polk...
2026-07-20 13:32:30,005 INFO       Polk: Found 1 potential sale(s)
2026-07-20 13:32:32,774 INFO       Polk: Found 1 potential sale(s)
2026-07-20 13:32:34,775 INFO     [61/90] Checking Pope...
2026-07-20 13:32:35,142 INFO       Pope: Page too short, flagged for manual review
2026-07-20 13:32:37,486 INFO       Pope: Page too short, flagged for manual review
2026-07-20 13:32:39,487 INFO     [62/90] Checking Ramsey...
2026-07-20 13:32:39,686 INFO       Ramsey: Found 1 potential sale(s)
2026-07-20 13:32:41,913 INFO       Ramsey: Found 1 potential sale(s)
2026-07-20 13:32:43,914 INFO     [63/90] Checking Red Lake...
2026-07-20 13:32:44,314 INFO       Red Lake: Found 1 potential sale(s)
2026-07-20 13:32:46,666 DEBUG      Red Lake: Found 1 PDF links, checking...
2026-07-20 13:32:47,944 INFO       Red Lake: No upcoming sales found
2026-07-20 13:32:49,945 INFO     [64/90] Checking Redwood...
2026-07-20 13:32:50,321 INFO       Redwood: Found 1 potential sale(s)
2026-07-20 13:32:52,322 INFO     [65/90] Checking Renville...
2026-07-20 13:32:52,666 INFO       Renville: Found 1 potential sale(s)
2026-07-20 13:32:55,948 INFO       Renville: Found 1 potential sale(s)
2026-07-20 13:32:57,949 INFO     [66/90] Checking Rice...
2026-07-20 13:32:58,453 INFO       Rice: No upcoming sales found
2026-07-20 13:33:00,453 INFO     [67/90] Checking Rock...
2026-07-20 13:33:00,878 DEBUG      Rock: Found 5 PDF links, checking...
2026-07-20 13:33:14,344 INFO       Rock: No upcoming sales found
2026-07-20 13:33:16,345 INFO     [68/90] Checking Roseau...
2026-07-20 13:33:17,805 DEBUG      Roseau: Found 3 PDF links, checking...
2026-07-20 13:33:19,778 DEBUG    PDF parse error: No /Root object! - Is this really a PDF?
2026-07-20 13:33:21,979 DEBUG    PDF parse error: No /Root object! - Is this really a PDF?
2026-07-20 13:33:23,093 INFO       Roseau: No upcoming sales found
2026-07-20 13:33:25,093 INFO     [69/90] Checking Saint Louis...
2026-07-20 13:33:26,405 INFO       Saint Louis: Found 1 potential sale(s)
2026-07-20 13:33:28,405 INFO     [70/90] Checking Scott...
2026-07-20 13:33:28,887 INFO       Scott: page states no properties currently for sale
2026-07-20 13:33:28,908 INFO       Scott: No upcoming sales found
2026-07-20 13:33:31,562 INFO       Scott: Found 1 potential sale(s)
2026-07-20 13:33:33,562 INFO     [71/90] Checking Sherburne...
2026-07-20 13:33:34,166 INFO       Sherburne: Found 1 potential sale(s)
2026-07-20 13:33:36,167 INFO     [72/90] Checking Sibley...
2026-07-20 13:33:36,737 INFO       Sibley: Found 1 potential sale(s)
2026-07-20 13:33:39,007 INFO       Sibley: No upcoming sales found
2026-07-20 13:33:41,008 INFO     [73/90] Checking Stearns...
2026-07-20 13:33:42,597 INFO       Stearns: Found 1 potential sale(s)
2026-07-20 13:33:44,597 INFO     [74/90] Checking Steele...
2026-07-20 13:33:45,485 INFO       Steele: Found 1 potential sale(s)
2026-07-20 13:33:47,485 INFO     [75/90] Checking Stevens...
2026-07-20 13:33:48,330 INFO       Stevens: Found 1 potential sale(s)
2026-07-20 13:33:50,331 INFO     [76/90] Checking Swift...
2026-07-20 13:34:00,346 DEBUG    Connection error on https://swiftcounty.gov/index.asp?SEC=22C06DD0-CA7C-4FAD-A590-47B91E5D36D7 (attempt 1)
2026-07-20 13:34:14,459 INFO       Swift: Found 1 potential sale(s)
2026-07-20 13:34:16,852 INFO       Swift: Found 1 potential sale(s)
2026-07-20 13:34:18,853 INFO     [77/90] Checking Todd...
2026-07-20 13:34:19,102 INFO       Todd: Found 1 potential sale(s)
2026-07-20 13:34:21,337 INFO       Todd: Found 1 potential sale(s)
2026-07-20 13:34:23,338 INFO     [78/90] Checking Traverse...
2026-07-20 13:34:23,910 INFO       Traverse: No upcoming sales found
2026-07-20 13:34:25,911 INFO     [79/90] Checking Wabasha...
2026-07-20 13:34:26,263 INFO       Wabasha: Found 1 potential sale(s)
2026-07-20 13:34:28,264 INFO     [80/90] Checking Wadena...
2026-07-20 13:34:29,303 INFO       Wadena: Found 1 potential sale(s)
2026-07-20 13:34:31,304 INFO     [81/90] Checking Waseca...
2026-07-20 13:34:31,974 INFO       Waseca: Found 1 potential sale(s)
2026-07-20 13:34:33,975 INFO     [82/90] Checking Washington...
2026-07-20 13:34:34,765 INFO       Washington: Found 1 potential sale(s)
2026-07-20 13:34:37,297 INFO       Washington: Found 1 potential sale(s)
2026-07-20 13:34:39,297 INFO     [83/90] Checking Watonwan...
2026-07-20 13:34:40,221 INFO       Watonwan: Found 1 potential sale(s)
2026-07-20 13:34:42,222 INFO     [84/90] Checking Wilkin...
2026-07-20 13:34:52,713 INFO       Wilkin: Found 1 potential sale(s)
2026-07-20 13:34:54,714 INFO     [85/90] Checking Winona...
2026-07-20 13:34:55,882 INFO       Winona: Found 1 potential sale(s)
2026-07-20 13:34:57,882 INFO     [86/90] Checking Wright...
2026-07-20 13:34:58,890 INFO       Wright: Found 1 potential sale(s)
2026-07-20 13:35:02,379 INFO       Wright: Found 1 potential sale(s)
2026-07-20 13:35:04,380 INFO     [87/90] Checking Yellow Medicine...
2026-07-20 13:35:05,023 INFO       Yellow Medicine: Found 1 potential sale(s)
2026-07-20 13:35:07,024 INFO     [88/90] Checking DNR...
2026-07-20 13:35:07,331 INFO       DNR: Found 1 potential sale(s)
2026-07-20 13:35:09,332 INFO     [89/90] Checking MN DOT...
2026-07-20 13:35:09,748 INFO       MN DOT: Found 1 potential sale(s)
2026-07-20 13:35:11,748 INFO     [90/90] Checking Wisconsin...
2026-07-20 13:35:19,150 INFO       Wisconsin: No upcoming sales found
2026-07-20 13:35:21,150 INFO     ============================================================
2026-07-20 13:35:21,151 INFO     Checking complete in 6.7 minutes
2026-07-20 13:35:21,151 INFO     Found 88 unique sales (from 92 raw matches)
2026-07-20 13:35:21,153 INFO     Updated sources CSV with check dates
2026-07-20 13:35:21,154 INFO     Markdown report written to /home/runner/work/mn-tax-forfeiture-tracker/mn-tax-forfeiture-tracker/reports/weekly_report_2026-07-20.md
2026-07-20 13:35:21,155 INFO     CSV report written to /home/runner/work/mn-tax-forfeiture-tracker/mn-tax-forfeiture-tracker/reports/weekly_report_2026-07-20.csv
2026-07-20 13:35:21,155 INFO     Check log written to /home/runner/work/mn-tax-forfeiture-tracker/mn-tax-forfeiture-tracker/logs/check_log_2026-07-20.csv
2026-07-20 13:35:21,156 INFO     ============================================================
2026-07-20 13:35:21,156 INFO     SUMMARY
2026-07-20 13:35:21,156 INFO       Total sources checked: 111
2026-07-20 13:35:21,156 INFO       Unique sales found: 88
2026-07-20 13:35:21,156 INFO       error_http_403: 1
2026-07-20 13:35:21,156 INFO       needs_manual_review: 5
2026-07-20 13:35:21,156 INFO       no_sale_found: 16
2026-07-20 13:35:21,156 INFO       sale_found: 89
2026-07-20 13:35:21,156 INFO       Elapsed time: 6.7 minutes
2026-07-20 13:35:21,156 INFO     ============================================================
